[0.168s] Invoking command in '/home/vigma/ros2_ws/build/cell_controller': CMAKE_PREFIX_PATH=${CMAKE_PREFIX_PATH}:/opt/ros/humble /usr/bin/cmake --build /home/vigma/ros2_ws/build/cell_controller -- -j16 -l16
[0.297s] -- Found ament_cmake: 1.3.14 (/opt/ros/humble/share/ament_cmake/cmake)
[0.779s] -- Found rclcpp: 16.0.19 (/opt/ros/humble/share/rclcpp/cmake)
[1.269s] -- Found rosidl_generator_c: 3.1.8 (/opt/ros/humble/share/rosidl_generator_c/cmake)
[1.277s] -- Found rosidl_adapter: 3.1.8 (/opt/ros/humble/share/rosidl_adapter/cmake)
[1.299s] -- Found rosidl_generator_cpp: 3.1.8 (/opt/ros/humble/share/rosidl_generator_cpp/cmake)
[1.331s] -- Using all available rosidl_typesupport_c: rosidl_typesupport_fastrtps_c;rosidl_typesupport_introspection_c
[1.367s] -- Using all available rosidl_typesupport_cpp: rosidl_typesupport_fastrtps_cpp;rosidl_typesupport_introspection_cpp
[1.471s] -- Found rmw_implementation_cmake: 6.1.2 (/opt/ros/humble/share/rmw_implementation_cmake/cmake)
[1.475s] -- Found rmw_fastrtps_cpp: 6.2.10 (/opt/ros/humble/share/rmw_fastrtps_cpp/cmake)
[15.087s] -- Using RMW implementation 'rmw_fastrtps_cpp' as default
[15.227s] -- Found ament_lint_auto: 0.12.15 (/opt/ros/humble/share/ament_lint_auto/cmake)
[15.401s] -- Added test 'cppcheck' to perform static code analysis on C / C++ code
[15.401s] -- Configured cppcheck include dirs: 
[15.402s] -- Configured cppcheck exclude dirs and/or files: 
[15.403s] -- Added test 'lint_cmake' to check CMake code style
[15.406s] -- Added test 'uncrustify' to check C / C++ code style
[15.406s] -- Configured uncrustify additional arguments: 
[15.407s] -- Added test 'xmllint' to check XML markup files
[15.411s] -- Configuring done
[15.444s] -- Generating done
[15.458s] -- Build files have been written to: /home/vigma/ros2_ws/build/cell_controller
[15.537s] [35m[1mConsolidate compiler generated dependencies of target cell_controller[0m
[15.599s] [100%] Built target cell_controller
[15.651s] Invoked command in '/home/vigma/ros2_ws/build/cell_controller' returned '0': CMAKE_PREFIX_PATH=${CMAKE_PREFIX_PATH}:/opt/ros/humble /usr/bin/cmake --build /home/vigma/ros2_ws/build/cell_controller -- -j16 -l16
[15.657s] Invoking command in '/home/vigma/ros2_ws/build/cell_controller': CMAKE_PREFIX_PATH=${CMAKE_PREFIX_PATH}:/opt/ros/humble /usr/bin/cmake --install /home/vigma/ros2_ws/build/cell_controller
[15.679s] -- Install configuration: ""
[15.681s] -- Up-to-date: /home/vigma/ros2_ws/install/cell_controller/lib/cell_controller/cell_controller
[15.681s] -- Up-to-date: /home/vigma/ros2_ws/install/cell_controller/share/ament_index/resource_index/package_run_dependencies/cell_controller
[15.682s] -- Installing: /home/vigma/ros2_ws/install/cell_controller/share/ament_index/resource_index/parent_prefix_path/cell_controller
[15.683s] -- Up-to-date: /home/vigma/ros2_ws/install/cell_controller/share/cell_controller/environment/ament_prefix_path.sh
[15.683s] -- Installing: /home/vigma/ros2_ws/install/cell_controller/share/cell_controller/environment/ament_prefix_path.dsv
[15.684s] -- Up-to-date: /home/vigma/ros2_ws/install/cell_controller/share/cell_controller/environment/path.sh
[15.685s] -- Installing: /home/vigma/ros2_ws/install/cell_controller/share/cell_controller/environment/path.dsv
[15.687s] -- Up-to-date: /home/vigma/ros2_ws/install/cell_controller/share/cell_controller/local_setup.bash
[15.687s] -- Up-to-date: /home/vigma/ros2_ws/install/cell_controller/share/cell_controller/local_setup.sh
[15.687s] -- Up-to-date: /home/vigma/ros2_ws/install/cell_controller/share/cell_controller/local_setup.zsh
[15.687s] -- Installing: /home/vigma/ros2_ws/install/cell_controller/share/cell_controller/local_setup.dsv
[15.688s] -- Installing: /home/vigma/ros2_ws/install/cell_controller/share/cell_controller/package.dsv
[15.690s] -- Up-to-date: /home/vigma/ros2_ws/install/cell_controller/share/ament_index/resource_index/packages/cell_controller
[15.690s] -- Up-to-date: /home/vigma/ros2_ws/install/cell_controller/share/cell_controller/cmake/cell_controllerConfig.cmake
[15.691s] -- Up-to-date: /home/vigma/ros2_ws/install/cell_controller/share/cell_controller/cmake/cell_controllerConfig-version.cmake
[15.692s] -- Up-to-date: /home/vigma/ros2_ws/install/cell_controller/share/cell_controller/package.xml
[15.701s] Invoked command in '/home/vigma/ros2_ws/build/cell_controller' returned '0': CMAKE_PREFIX_PATH=${CMAKE_PREFIX_PATH}:/opt/ros/humble /usr/bin/cmake --install /home/vigma/ros2_ws/build/cell_controller
