[0.708s] DEBUG:colcon:Command line arguments: ['/usr/bin/colcon', 'build']
[0.708s] DEBUG:colcon:Parsed command line arguments: Namespace(log_base=None, log_level=None, verb_name='build', build_base='build', install_base='install', merge_install=False, symlink_install=False, test_result_base=None, continue_on_error=False, executor='parallel', parallel_workers=16, event_handlers=None, ignore_user_meta=False, metas=['./colcon.meta'], base_paths=['.'], packages_ignore=None, packages_ignore_regex=None, paths=None, packages_up_to=None, packages_up_to_regex=None, packages_above=None, packages_above_and_dependencies=None, packages_above_depth=None, packages_select_by_dep=None, packages_skip_by_dep=None, packages_skip_up_to=None, packages_select_build_failed=False, packages_skip_build_finished=False, packages_select_test_failures=False, packages_skip_test_passed=False, packages_select=None, packages_skip=None, packages_select_regex=None, packages_skip_regex=None, packages_start=None, packages_end=None, allow_overriding=[], cmake_args=None, cmake_target=None, cmake_target_skip_unavailable=False, cmake_clean_cache=False, cmake_clean_first=False, cmake_force_configure=False, ament_cmake_args=None, catkin_cmake_args=None, catkin_skip_building_tests=False, verb_parser=<colcon_defaults.argument_parser.defaults.DefaultArgumentsDecorator object at 0x748149616ec0>, verb_extension=<colcon_core.verb.build.BuildVerb object at 0x7481497cc6d0>, main=<bound method BuildVerb.main of <colcon_core.verb.build.BuildVerb object at 0x7481497cc6d0>>)
[4.547s] Level 1:colcon.colcon_core.package_discovery:discover_packages(colcon_meta) check parameters
[4.547s] Level 1:colcon.colcon_core.package_discovery:discover_packages(recursive) check parameters
[4.547s] Level 1:colcon.colcon_core.package_discovery:discover_packages(ignore) check parameters
[4.547s] Level 1:colcon.colcon_core.package_discovery:discover_packages(path) check parameters
[4.548s] Level 1:colcon.colcon_core.package_discovery:discover_packages(colcon_meta) discover
[4.548s] Level 1:colcon.colcon_core.package_discovery:discover_packages(recursive) discover
[4.548s] INFO:colcon.colcon_core.package_discovery:Crawling recursively for packages in '/home/vigma/ros2_ws'
[4.548s] Level 1:colcon.colcon_core.package_identification:_identify(.) by extensions ['ignore', 'ignore_ament_install']
[4.549s] Level 1:colcon.colcon_core.package_identification:_identify(.) by extension 'ignore'
[4.549s] Level 1:colcon.colcon_core.package_identification:_identify(.) by extension 'ignore_ament_install'
[4.549s] Level 1:colcon.colcon_core.package_identification:_identify(.) by extensions ['colcon_pkg']
[4.549s] Level 1:colcon.colcon_core.package_identification:_identify(.) by extension 'colcon_pkg'
[4.550s] Level 1:colcon.colcon_core.package_identification:_identify(.) by extensions ['colcon_meta']
[4.550s] Level 1:colcon.colcon_core.package_identification:_identify(.) by extension 'colcon_meta'
[4.550s] Level 1:colcon.colcon_core.package_identification:_identify(.) by extensions ['ros']
[4.550s] Level 1:colcon.colcon_core.package_identification:_identify(.) by extension 'ros'
[4.582s] Level 1:colcon.colcon_core.package_identification:_identify(.) by extensions ['cmake', 'python']
[4.582s] Level 1:colcon.colcon_core.package_identification:_identify(.) by extension 'cmake'
[4.582s] Level 1:colcon.colcon_core.package_identification:_identify(.) by extension 'python'
[4.582s] Level 1:colcon.colcon_core.package_identification:_identify(.) by extensions ['python_setup_py']
[4.583s] Level 1:colcon.colcon_core.package_identification:_identify(.) by extension 'python_setup_py'
[4.583s] Level 1:colcon.colcon_core.package_identification:_identify(build) by extensions ['ignore', 'ignore_ament_install']
[4.583s] Level 1:colcon.colcon_core.package_identification:_identify(build) by extension 'ignore'
[4.584s] Level 1:colcon.colcon_core.package_identification:_identify(build) ignored
[4.584s] Level 1:colcon.colcon_core.package_identification:_identify(install) by extensions ['ignore', 'ignore_ament_install']
[4.584s] Level 1:colcon.colcon_core.package_identification:_identify(install) by extension 'ignore'
[4.584s] Level 1:colcon.colcon_core.package_identification:_identify(install) ignored
[4.585s] Level 1:colcon.colcon_core.package_identification:_identify(log) by extensions ['ignore', 'ignore_ament_install']
[4.585s] Level 1:colcon.colcon_core.package_identification:_identify(log) by extension 'ignore'
[4.585s] Level 1:colcon.colcon_core.package_identification:_identify(log) ignored
[4.585s] Level 1:colcon.colcon_core.package_identification:_identify(src) by extensions ['ignore', 'ignore_ament_install']
[4.586s] Level 1:colcon.colcon_core.package_identification:_identify(src) by extension 'ignore'
[4.586s] Level 1:colcon.colcon_core.package_identification:_identify(src) by extension 'ignore_ament_install'
[4.586s] Level 1:colcon.colcon_core.package_identification:_identify(src) by extensions ['colcon_pkg']
[4.586s] Level 1:colcon.colcon_core.package_identification:_identify(src) by extension 'colcon_pkg'
[4.586s] Level 1:colcon.colcon_core.package_identification:_identify(src) by extensions ['colcon_meta']
[4.586s] Level 1:colcon.colcon_core.package_identification:_identify(src) by extension 'colcon_meta'
[4.587s] Level 1:colcon.colcon_core.package_identification:_identify(src) by extensions ['ros']
[4.587s] Level 1:colcon.colcon_core.package_identification:_identify(src) by extension 'ros'
[4.587s] Level 1:colcon.colcon_core.package_identification:_identify(src) by extensions ['cmake', 'python']
[4.587s] Level 1:colcon.colcon_core.package_identification:_identify(src) by extension 'cmake'
[4.587s] Level 1:colcon.colcon_core.package_identification:_identify(src) by extension 'python'
[4.588s] Level 1:colcon.colcon_core.package_identification:_identify(src) by extensions ['python_setup_py']
[4.588s] Level 1:colcon.colcon_core.package_identification:_identify(src) by extension 'python_setup_py'
[4.588s] Level 1:colcon.colcon_core.package_identification:_identify(src/barcode_node) by extensions ['ignore', 'ignore_ament_install']
[4.588s] Level 1:colcon.colcon_core.package_identification:_identify(src/barcode_node) by extension 'ignore'
[4.588s] Level 1:colcon.colcon_core.package_identification:_identify(src/barcode_node) by extension 'ignore_ament_install'
[4.589s] Level 1:colcon.colcon_core.package_identification:_identify(src/barcode_node) by extensions ['colcon_pkg']
[4.589s] Level 1:colcon.colcon_core.package_identification:_identify(src/barcode_node) by extension 'colcon_pkg'
[4.589s] Level 1:colcon.colcon_core.package_identification:_identify(src/barcode_node) by extensions ['colcon_meta']
[4.589s] Level 1:colcon.colcon_core.package_identification:_identify(src/barcode_node) by extension 'colcon_meta'
[4.589s] Level 1:colcon.colcon_core.package_identification:_identify(src/barcode_node) by extensions ['ros']
[4.589s] Level 1:colcon.colcon_core.package_identification:_identify(src/barcode_node) by extension 'ros'
[4.601s] DEBUG:colcon.colcon_core.package_identification:Package 'src/barcode_node' with type 'ros.ament_cmake' and name 'barcode_node'
[4.602s] Level 1:colcon.colcon_core.package_identification:_identify(src/cell_controller) by extensions ['ignore', 'ignore_ament_install']
[4.602s] Level 1:colcon.colcon_core.package_identification:_identify(src/cell_controller) by extension 'ignore'
[4.602s] Level 1:colcon.colcon_core.package_identification:_identify(src/cell_controller) by extension 'ignore_ament_install'
[4.602s] Level 1:colcon.colcon_core.package_identification:_identify(src/cell_controller) by extensions ['colcon_pkg']
[4.603s] Level 1:colcon.colcon_core.package_identification:_identify(src/cell_controller) by extension 'colcon_pkg'
[4.603s] Level 1:colcon.colcon_core.package_identification:_identify(src/cell_controller) by extensions ['colcon_meta']
[4.603s] Level 1:colcon.colcon_core.package_identification:_identify(src/cell_controller) by extension 'colcon_meta'
[4.603s] Level 1:colcon.colcon_core.package_identification:_identify(src/cell_controller) by extensions ['ros']
[4.603s] Level 1:colcon.colcon_core.package_identification:_identify(src/cell_controller) by extension 'ros'
[4.604s] DEBUG:colcon.colcon_core.package_identification:Package 'src/cell_controller' with type 'ros.ament_cmake' and name 'cell_controller'
[4.605s] Level 1:colcon.colcon_core.package_identification:_identify(src/door_node) by extensions ['ignore', 'ignore_ament_install']
[4.605s] Level 1:colcon.colcon_core.package_identification:_identify(src/door_node) by extension 'ignore'
[4.605s] Level 1:colcon.colcon_core.package_identification:_identify(src/door_node) by extension 'ignore_ament_install'
[4.605s] Level 1:colcon.colcon_core.package_identification:_identify(src/door_node) by extensions ['colcon_pkg']
[4.605s] Level 1:colcon.colcon_core.package_identification:_identify(src/door_node) by extension 'colcon_pkg'
[4.606s] Level 1:colcon.colcon_core.package_identification:_identify(src/door_node) by extensions ['colcon_meta']
[4.606s] Level 1:colcon.colcon_core.package_identification:_identify(src/door_node) by extension 'colcon_meta'
[4.606s] Level 1:colcon.colcon_core.package_identification:_identify(src/door_node) by extensions ['ros']
[4.606s] Level 1:colcon.colcon_core.package_identification:_identify(src/door_node) by extension 'ros'
[4.608s] DEBUG:colcon.colcon_core.package_identification:Package 'src/door_node' with type 'ros.ament_cmake' and name 'door_node'
[4.608s] Level 1:colcon.colcon_core.package_identification:_identify(src/emergency_node) by extensions ['ignore', 'ignore_ament_install']
[4.609s] Level 1:colcon.colcon_core.package_identification:_identify(src/emergency_node) by extension 'ignore'
[4.609s] Level 1:colcon.colcon_core.package_identification:_identify(src/emergency_node) by extension 'ignore_ament_install'
[4.609s] Level 1:colcon.colcon_core.package_identification:_identify(src/emergency_node) by extensions ['colcon_pkg']
[4.610s] Level 1:colcon.colcon_core.package_identification:_identify(src/emergency_node) by extension 'colcon_pkg'
[4.610s] Level 1:colcon.colcon_core.package_identification:_identify(src/emergency_node) by extensions ['colcon_meta']
[4.610s] Level 1:colcon.colcon_core.package_identification:_identify(src/emergency_node) by extension 'colcon_meta'
[4.610s] Level 1:colcon.colcon_core.package_identification:_identify(src/emergency_node) by extensions ['ros']
[4.610s] Level 1:colcon.colcon_core.package_identification:_identify(src/emergency_node) by extension 'ros'
[4.612s] DEBUG:colcon.colcon_core.package_identification:Package 'src/emergency_node' with type 'ros.ament_cmake' and name 'emergency_node'
[4.612s] Level 1:colcon.colcon_core.package_identification:_identify(src/interfaces) by extensions ['ignore', 'ignore_ament_install']
[4.613s] Level 1:colcon.colcon_core.package_identification:_identify(src/interfaces) by extension 'ignore'
[4.613s] Level 1:colcon.colcon_core.package_identification:_identify(src/interfaces) by extension 'ignore_ament_install'
[4.613s] Level 1:colcon.colcon_core.package_identification:_identify(src/interfaces) by extensions ['colcon_pkg']
[4.613s] Level 1:colcon.colcon_core.package_identification:_identify(src/interfaces) by extension 'colcon_pkg'
[4.613s] Level 1:colcon.colcon_core.package_identification:_identify(src/interfaces) by extensions ['colcon_meta']
[4.614s] Level 1:colcon.colcon_core.package_identification:_identify(src/interfaces) by extension 'colcon_meta'
[4.614s] Level 1:colcon.colcon_core.package_identification:_identify(src/interfaces) by extensions ['ros']
[4.614s] Level 1:colcon.colcon_core.package_identification:_identify(src/interfaces) by extension 'ros'
[4.614s] Level 1:colcon.colcon_core.package_identification:_identify(src/interfaces) by extensions ['cmake', 'python']
[4.615s] Level 1:colcon.colcon_core.package_identification:_identify(src/interfaces) by extension 'cmake'
[4.615s] Level 1:colcon.colcon_core.package_identification:_identify(src/interfaces) by extension 'python'
[4.615s] Level 1:colcon.colcon_core.package_identification:_identify(src/interfaces) by extensions ['python_setup_py']
[4.615s] Level 1:colcon.colcon_core.package_identification:_identify(src/interfaces) by extension 'python_setup_py'
[4.616s] Level 1:colcon.colcon_core.package_identification:_identify(src/interfaces/srv) by extensions ['ignore', 'ignore_ament_install']
[4.616s] Level 1:colcon.colcon_core.package_identification:_identify(src/interfaces/srv) by extension 'ignore'
[4.616s] Level 1:colcon.colcon_core.package_identification:_identify(src/interfaces/srv) by extension 'ignore_ament_install'
[4.616s] Level 1:colcon.colcon_core.package_identification:_identify(src/interfaces/srv) by extensions ['colcon_pkg']
[4.617s] Level 1:colcon.colcon_core.package_identification:_identify(src/interfaces/srv) by extension 'colcon_pkg'
[4.617s] Level 1:colcon.colcon_core.package_identification:_identify(src/interfaces/srv) by extensions ['colcon_meta']
[4.617s] Level 1:colcon.colcon_core.package_identification:_identify(src/interfaces/srv) by extension 'colcon_meta'
[4.617s] Level 1:colcon.colcon_core.package_identification:_identify(src/interfaces/srv) by extensions ['ros']
[4.617s] Level 1:colcon.colcon_core.package_identification:_identify(src/interfaces/srv) by extension 'ros'
[4.618s] Level 1:colcon.colcon_core.package_identification:_identify(src/interfaces/srv) by extensions ['cmake', 'python']
[4.618s] Level 1:colcon.colcon_core.package_identification:_identify(src/interfaces/srv) by extension 'cmake'
[4.618s] Level 1:colcon.colcon_core.package_identification:_identify(src/interfaces/srv) by extension 'python'
[4.618s] Level 1:colcon.colcon_core.package_identification:_identify(src/interfaces/srv) by extensions ['python_setup_py']
[4.618s] Level 1:colcon.colcon_core.package_identification:_identify(src/interfaces/srv) by extension 'python_setup_py'
[4.619s] Level 1:colcon.colcon_core.package_identification:_identify(src/stacklight_node) by extensions ['ignore', 'ignore_ament_install']
[4.619s] Level 1:colcon.colcon_core.package_identification:_identify(src/stacklight_node) by extension 'ignore'
[4.620s] Level 1:colcon.colcon_core.package_identification:_identify(src/stacklight_node) by extension 'ignore_ament_install'
[4.620s] Level 1:colcon.colcon_core.package_identification:_identify(src/stacklight_node) by extensions ['colcon_pkg']
[4.620s] Level 1:colcon.colcon_core.package_identification:_identify(src/stacklight_node) by extension 'colcon_pkg'
[4.620s] Level 1:colcon.colcon_core.package_identification:_identify(src/stacklight_node) by extensions ['colcon_meta']
[4.620s] Level 1:colcon.colcon_core.package_identification:_identify(src/stacklight_node) by extension 'colcon_meta'
[4.621s] Level 1:colcon.colcon_core.package_identification:_identify(src/stacklight_node) by extensions ['ros']
[4.621s] Level 1:colcon.colcon_core.package_identification:_identify(src/stacklight_node) by extension 'ros'
[4.623s] DEBUG:colcon.colcon_core.package_identification:Package 'src/stacklight_node' with type 'ros.ament_cmake' and name 'stacklight_node'
[4.623s] Level 1:colcon.colcon_core.package_discovery:discover_packages(recursive) using defaults
[4.623s] Level 1:colcon.colcon_core.package_discovery:discover_packages(ignore) discover
[4.623s] Level 1:colcon.colcon_core.package_discovery:discover_packages(ignore) using defaults
[4.623s] Level 1:colcon.colcon_core.package_discovery:discover_packages(path) discover
[4.623s] Level 1:colcon.colcon_core.package_discovery:discover_packages(path) using defaults
[4.713s] Level 1:colcon.colcon_core.package_discovery:discover_packages(prefix_path) check parameters
[4.713s] Level 1:colcon.colcon_core.package_discovery:discover_packages(prefix_path) discover
[4.727s] DEBUG:colcon.colcon_installed_package_information.package_discovery:Found 273 installed packages in /opt/ros/humble
[4.754s] Level 1:colcon.colcon_core.package_discovery:discover_packages(prefix_path) using defaults
[4.858s] Level 5:colcon.colcon_core.verb:set package 'barcode_node' build argument 'cmake_args' from command line to 'None'
[4.858s] Level 5:colcon.colcon_core.verb:set package 'barcode_node' build argument 'cmake_target' from command line to 'None'
[4.858s] Level 5:colcon.colcon_core.verb:set package 'barcode_node' build argument 'cmake_target_skip_unavailable' from command line to 'False'
[4.858s] Level 5:colcon.colcon_core.verb:set package 'barcode_node' build argument 'cmake_clean_cache' from command line to 'False'
[4.859s] Level 5:colcon.colcon_core.verb:set package 'barcode_node' build argument 'cmake_clean_first' from command line to 'False'
[4.859s] Level 5:colcon.colcon_core.verb:set package 'barcode_node' build argument 'cmake_force_configure' from command line to 'False'
[4.859s] Level 5:colcon.colcon_core.verb:set package 'barcode_node' build argument 'ament_cmake_args' from command line to 'None'
[4.859s] Level 5:colcon.colcon_core.verb:set package 'barcode_node' build argument 'catkin_cmake_args' from command line to 'None'
[4.859s] Level 5:colcon.colcon_core.verb:set package 'barcode_node' build argument 'catkin_skip_building_tests' from command line to 'False'
[4.859s] DEBUG:colcon.colcon_core.verb:Building package 'barcode_node' with the following arguments: {'ament_cmake_args': None, 'build_base': '/home/vigma/ros2_ws/build/barcode_node', 'catkin_cmake_args': None, 'catkin_skip_building_tests': False, 'cmake_args': None, 'cmake_clean_cache': False, 'cmake_clean_first': False, 'cmake_force_configure': False, 'cmake_target': None, 'cmake_target_skip_unavailable': False, 'install_base': '/home/vigma/ros2_ws/install/barcode_node', 'merge_install': False, 'path': '/home/vigma/ros2_ws/src/barcode_node', 'symlink_install': False, 'test_result_base': None}
[4.860s] Level 5:colcon.colcon_core.verb:set package 'cell_controller' build argument 'cmake_args' from command line to 'None'
[4.860s] Level 5:colcon.colcon_core.verb:set package 'cell_controller' build argument 'cmake_target' from command line to 'None'
[4.860s] Level 5:colcon.colcon_core.verb:set package 'cell_controller' build argument 'cmake_target_skip_unavailable' from command line to 'False'
[4.860s] Level 5:colcon.colcon_core.verb:set package 'cell_controller' build argument 'cmake_clean_cache' from command line to 'False'
[4.860s] Level 5:colcon.colcon_core.verb:set package 'cell_controller' build argument 'cmake_clean_first' from command line to 'False'
[4.860s] Level 5:colcon.colcon_core.verb:set package 'cell_controller' build argument 'cmake_force_configure' from command line to 'False'
[4.860s] Level 5:colcon.colcon_core.verb:set package 'cell_controller' build argument 'ament_cmake_args' from command line to 'None'
[4.860s] Level 5:colcon.colcon_core.verb:set package 'cell_controller' build argument 'catkin_cmake_args' from command line to 'None'
[4.860s] Level 5:colcon.colcon_core.verb:set package 'cell_controller' build argument 'catkin_skip_building_tests' from command line to 'False'
[4.860s] DEBUG:colcon.colcon_core.verb:Building package 'cell_controller' with the following arguments: {'ament_cmake_args': None, 'build_base': '/home/vigma/ros2_ws/build/cell_controller', 'catkin_cmake_args': None, 'catkin_skip_building_tests': False, 'cmake_args': None, 'cmake_clean_cache': False, 'cmake_clean_first': False, 'cmake_force_configure': False, 'cmake_target': None, 'cmake_target_skip_unavailable': False, 'install_base': '/home/vigma/ros2_ws/install/cell_controller', 'merge_install': False, 'path': '/home/vigma/ros2_ws/src/cell_controller', 'symlink_install': False, 'test_result_base': None}
[4.862s] Level 5:colcon.colcon_core.verb:set package 'door_node' build argument 'cmake_args' from command line to 'None'
[4.862s] Level 5:colcon.colcon_core.verb:set package 'door_node' build argument 'cmake_target' from command line to 'None'
[4.862s] Level 5:colcon.colcon_core.verb:set package 'door_node' build argument 'cmake_target_skip_unavailable' from command line to 'False'
[4.862s] Level 5:colcon.colcon_core.verb:set package 'door_node' build argument 'cmake_clean_cache' from command line to 'False'
[4.862s] Level 5:colcon.colcon_core.verb:set package 'door_node' build argument 'cmake_clean_first' from command line to 'False'
[4.863s] Level 5:colcon.colcon_core.verb:set package 'door_node' build argument 'cmake_force_configure' from command line to 'False'
[4.863s] Level 5:colcon.colcon_core.verb:set package 'door_node' build argument 'ament_cmake_args' from command line to 'None'
[4.863s] Level 5:colcon.colcon_core.verb:set package 'door_node' build argument 'catkin_cmake_args' from command line to 'None'
[4.863s] Level 5:colcon.colcon_core.verb:set package 'door_node' build argument 'catkin_skip_building_tests' from command line to 'False'
[4.863s] DEBUG:colcon.colcon_core.verb:Building package 'door_node' with the following arguments: {'ament_cmake_args': None, 'build_base': '/home/vigma/ros2_ws/build/door_node', 'catkin_cmake_args': None, 'catkin_skip_building_tests': False, 'cmake_args': None, 'cmake_clean_cache': False, 'cmake_clean_first': False, 'cmake_force_configure': False, 'cmake_target': None, 'cmake_target_skip_unavailable': False, 'install_base': '/home/vigma/ros2_ws/install/door_node', 'merge_install': False, 'path': '/home/vigma/ros2_ws/src/door_node', 'symlink_install': False, 'test_result_base': None}
[4.864s] Level 5:colcon.colcon_core.verb:set package 'emergency_node' build argument 'cmake_args' from command line to 'None'
[4.864s] Level 5:colcon.colcon_core.verb:set package 'emergency_node' build argument 'cmake_target' from command line to 'None'
[4.864s] Level 5:colcon.colcon_core.verb:set package 'emergency_node' build argument 'cmake_target_skip_unavailable' from command line to 'False'
[4.864s] Level 5:colcon.colcon_core.verb:set package 'emergency_node' build argument 'cmake_clean_cache' from command line to 'False'
[4.864s] Level 5:colcon.colcon_core.verb:set package 'emergency_node' build argument 'cmake_clean_first' from command line to 'False'
[4.864s] Level 5:colcon.colcon_core.verb:set package 'emergency_node' build argument 'cmake_force_configure' from command line to 'False'
[4.864s] Level 5:colcon.colcon_core.verb:set package 'emergency_node' build argument 'ament_cmake_args' from command line to 'None'
[4.864s] Level 5:colcon.colcon_core.verb:set package 'emergency_node' build argument 'catkin_cmake_args' from command line to 'None'
[4.864s] Level 5:colcon.colcon_core.verb:set package 'emergency_node' build argument 'catkin_skip_building_tests' from command line to 'False'
[4.865s] DEBUG:colcon.colcon_core.verb:Building package 'emergency_node' with the following arguments: {'ament_cmake_args': None, 'build_base': '/home/vigma/ros2_ws/build/emergency_node', 'catkin_cmake_args': None, 'catkin_skip_building_tests': False, 'cmake_args': None, 'cmake_clean_cache': False, 'cmake_clean_first': False, 'cmake_force_configure': False, 'cmake_target': None, 'cmake_target_skip_unavailable': False, 'install_base': '/home/vigma/ros2_ws/install/emergency_node', 'merge_install': False, 'path': '/home/vigma/ros2_ws/src/emergency_node', 'symlink_install': False, 'test_result_base': None}
[4.865s] Level 5:colcon.colcon_core.verb:set package 'stacklight_node' build argument 'cmake_args' from command line to 'None'
[4.865s] Level 5:colcon.colcon_core.verb:set package 'stacklight_node' build argument 'cmake_target' from command line to 'None'
[4.866s] Level 5:colcon.colcon_core.verb:set package 'stacklight_node' build argument 'cmake_target_skip_unavailable' from command line to 'False'
[4.866s] Level 5:colcon.colcon_core.verb:set package 'stacklight_node' build argument 'cmake_clean_cache' from command line to 'False'
[4.866s] Level 5:colcon.colcon_core.verb:set package 'stacklight_node' build argument 'cmake_clean_first' from command line to 'False'
[4.866s] Level 5:colcon.colcon_core.verb:set package 'stacklight_node' build argument 'cmake_force_configure' from command line to 'False'
[4.866s] Level 5:colcon.colcon_core.verb:set package 'stacklight_node' build argument 'ament_cmake_args' from command line to 'None'
[4.866s] Level 5:colcon.colcon_core.verb:set package 'stacklight_node' build argument 'catkin_cmake_args' from command line to 'None'
[4.867s] Level 5:colcon.colcon_core.verb:set package 'stacklight_node' build argument 'catkin_skip_building_tests' from command line to 'False'
[4.867s] DEBUG:colcon.colcon_core.verb:Building package 'stacklight_node' with the following arguments: {'ament_cmake_args': None, 'build_base': '/home/vigma/ros2_ws/build/stacklight_node', 'catkin_cmake_args': None, 'catkin_skip_building_tests': False, 'cmake_args': None, 'cmake_clean_cache': False, 'cmake_clean_first': False, 'cmake_force_configure': False, 'cmake_target': None, 'cmake_target_skip_unavailable': False, 'install_base': '/home/vigma/ros2_ws/install/stacklight_node', 'merge_install': False, 'path': '/home/vigma/ros2_ws/src/stacklight_node', 'symlink_install': False, 'test_result_base': None}
[4.867s] INFO:colcon.colcon_core.executor:Executing jobs using 'parallel' executor
[4.870s] DEBUG:colcon.colcon_parallel_executor.executor.parallel:run_until_complete
[4.871s] INFO:colcon.colcon_ros.task.ament_cmake.build:Building ROS package in '/home/vigma/ros2_ws/src/barcode_node' with build type 'ament_cmake'
[4.871s] INFO:colcon.colcon_cmake.task.cmake.build:Building CMake package in '/home/vigma/ros2_ws/src/barcode_node'
[4.891s] INFO:colcon.colcon_core.plugin_system:Skipping extension 'colcon_core.shell.bat': Not used on non-Windows systems
[4.892s] INFO:colcon.colcon_core.shell:Skip shell extension 'powershell' for command environment: Not usable outside of PowerShell
[4.892s] DEBUG:colcon.colcon_core.shell:Skip shell extension 'dsv' for command environment
[4.911s] INFO:colcon.colcon_ros.task.ament_cmake.build:Building ROS package in '/home/vigma/ros2_ws/src/cell_controller' with build type 'ament_cmake'
[4.912s] INFO:colcon.colcon_cmake.task.cmake.build:Building CMake package in '/home/vigma/ros2_ws/src/cell_controller'
[4.913s] INFO:colcon.colcon_core.shell:Skip shell extension 'powershell' for command environment: Not usable outside of PowerShell
[4.914s] DEBUG:colcon.colcon_core.shell:Skip shell extension 'dsv' for command environment
[4.925s] INFO:colcon.colcon_ros.task.ament_cmake.build:Building ROS package in '/home/vigma/ros2_ws/src/door_node' with build type 'ament_cmake'
[4.926s] INFO:colcon.colcon_cmake.task.cmake.build:Building CMake package in '/home/vigma/ros2_ws/src/door_node'
[4.927s] INFO:colcon.colcon_core.shell:Skip shell extension 'powershell' for command environment: Not usable outside of PowerShell
[4.928s] DEBUG:colcon.colcon_core.shell:Skip shell extension 'dsv' for command environment
[4.938s] INFO:colcon.colcon_ros.task.ament_cmake.build:Building ROS package in '/home/vigma/ros2_ws/src/emergency_node' with build type 'ament_cmake'
[4.939s] INFO:colcon.colcon_cmake.task.cmake.build:Building CMake package in '/home/vigma/ros2_ws/src/emergency_node'
[4.940s] INFO:colcon.colcon_core.shell:Skip shell extension 'powershell' for command environment: Not usable outside of PowerShell
[4.941s] DEBUG:colcon.colcon_core.shell:Skip shell extension 'dsv' for command environment
[4.953s] INFO:colcon.colcon_ros.task.ament_cmake.build:Building ROS package in '/home/vigma/ros2_ws/src/stacklight_node' with build type 'ament_cmake'
[4.954s] INFO:colcon.colcon_cmake.task.cmake.build:Building CMake package in '/home/vigma/ros2_ws/src/stacklight_node'
[4.955s] INFO:colcon.colcon_core.shell:Skip shell extension 'powershell' for command environment: Not usable outside of PowerShell
[4.961s] DEBUG:colcon.colcon_core.shell:Skip shell extension 'dsv' for command environment
[5.001s] DEBUG:colcon.colcon_core.event_handler.log_command:Invoking command in '/home/vigma/ros2_ws/build/barcode_node': CMAKE_PREFIX_PATH=/opt/ros/humble /usr/bin/cmake /home/vigma/ros2_ws/src/barcode_node -DCMAKE_INSTALL_PREFIX=/home/vigma/ros2_ws/install/barcode_node
[5.031s] DEBUG:colcon.colcon_core.event_handler.log_command:Invoking command in '/home/vigma/ros2_ws/build/cell_controller': CMAKE_PREFIX_PATH=/opt/ros/humble /usr/bin/cmake /home/vigma/ros2_ws/src/cell_controller -DCMAKE_INSTALL_PREFIX=/home/vigma/ros2_ws/install/cell_controller
[5.048s] DEBUG:colcon.colcon_core.event_handler.log_command:Invoking command in '/home/vigma/ros2_ws/build/door_node': CMAKE_PREFIX_PATH=/opt/ros/humble /usr/bin/cmake /home/vigma/ros2_ws/src/door_node -DCMAKE_INSTALL_PREFIX=/home/vigma/ros2_ws/install/door_node
[5.081s] DEBUG:colcon.colcon_core.event_handler.log_command:Invoking command in '/home/vigma/ros2_ws/build/emergency_node': CMAKE_PREFIX_PATH=/opt/ros/humble /usr/bin/cmake /home/vigma/ros2_ws/src/emergency_node -DCMAKE_INSTALL_PREFIX=/home/vigma/ros2_ws/install/emergency_node
[5.107s] DEBUG:colcon.colcon_core.event_handler.log_command:Invoking command in '/home/vigma/ros2_ws/build/stacklight_node': CMAKE_PREFIX_PATH=/opt/ros/humble /usr/bin/cmake /home/vigma/ros2_ws/src/stacklight_node -DCMAKE_INSTALL_PREFIX=/home/vigma/ros2_ws/install/stacklight_node
[20.073s] DEBUG:colcon.colcon_core.event_handler.log_command:Invoked command in '/home/vigma/ros2_ws/build/cell_controller' returned '0': CMAKE_PREFIX_PATH=/opt/ros/humble /usr/bin/cmake /home/vigma/ros2_ws/src/cell_controller -DCMAKE_INSTALL_PREFIX=/home/vigma/ros2_ws/install/cell_controller
[20.077s] DEBUG:colcon.colcon_core.event_handler.log_command:Invoking command in '/home/vigma/ros2_ws/build/cell_controller': CMAKE_PREFIX_PATH=/opt/ros/humble /usr/bin/cmake --build /home/vigma/ros2_ws/build/cell_controller -- -j16 -l16
[20.943s] DEBUG:colcon.colcon_core.event_handler.log_command:Invoked command in '/home/vigma/ros2_ws/build/emergency_node' returned '0': CMAKE_PREFIX_PATH=/opt/ros/humble /usr/bin/cmake /home/vigma/ros2_ws/src/emergency_node -DCMAKE_INSTALL_PREFIX=/home/vigma/ros2_ws/install/emergency_node
[20.949s] DEBUG:colcon.colcon_core.event_handler.log_command:Invoking command in '/home/vigma/ros2_ws/build/emergency_node': CMAKE_PREFIX_PATH=/opt/ros/humble /usr/bin/cmake --build /home/vigma/ros2_ws/build/emergency_node -- -j16 -l16
[20.957s] DEBUG:colcon.colcon_core.event_handler.log_command:Invoked command in '/home/vigma/ros2_ws/build/door_node' returned '0': CMAKE_PREFIX_PATH=/opt/ros/humble /usr/bin/cmake /home/vigma/ros2_ws/src/door_node -DCMAKE_INSTALL_PREFIX=/home/vigma/ros2_ws/install/door_node
[20.963s] DEBUG:colcon.colcon_core.event_handler.log_command:Invoking command in '/home/vigma/ros2_ws/build/door_node': CMAKE_PREFIX_PATH=/opt/ros/humble /usr/bin/cmake --build /home/vigma/ros2_ws/build/door_node -- -j16 -l16
[23.511s] DEBUG:colcon.colcon_core.event_handler.log_command:Invoked command in '/home/vigma/ros2_ws/build/barcode_node' returned '0': CMAKE_PREFIX_PATH=/opt/ros/humble /usr/bin/cmake /home/vigma/ros2_ws/src/barcode_node -DCMAKE_INSTALL_PREFIX=/home/vigma/ros2_ws/install/barcode_node
[23.520s] DEBUG:colcon.colcon_core.event_handler.log_command:Invoking command in '/home/vigma/ros2_ws/build/barcode_node': CMAKE_PREFIX_PATH=/opt/ros/humble /usr/bin/cmake --build /home/vigma/ros2_ws/build/barcode_node -- -j16 -l16
[24.801s] DEBUG:colcon.colcon_core.event_handler.log_command:Invoked command in '/home/vigma/ros2_ws/build/stacklight_node' returned '0': CMAKE_PREFIX_PATH=/opt/ros/humble /usr/bin/cmake /home/vigma/ros2_ws/src/stacklight_node -DCMAKE_INSTALL_PREFIX=/home/vigma/ros2_ws/install/stacklight_node
[24.804s] DEBUG:colcon.colcon_core.event_handler.log_command:Invoking command in '/home/vigma/ros2_ws/build/stacklight_node': CMAKE_PREFIX_PATH=/opt/ros/humble /usr/bin/cmake --build /home/vigma/ros2_ws/build/stacklight_node -- -j16 -l16
[32.244s] DEBUG:colcon.colcon_core.event_handler.log_command:Invoked command in '/home/vigma/ros2_ws/build/cell_controller' returned '0': CMAKE_PREFIX_PATH=/opt/ros/humble /usr/bin/cmake --build /home/vigma/ros2_ws/build/cell_controller -- -j16 -l16
[32.278s] DEBUG:colcon.colcon_core.event_handler.log_command:Invoking command in '/home/vigma/ros2_ws/build/cell_controller': CMAKE_PREFIX_PATH=/opt/ros/humble /usr/bin/cmake --install /home/vigma/ros2_ws/build/cell_controller
[32.287s] DEBUG:colcon.colcon_core.event_handler.log_command:Invoked command in '/home/vigma/ros2_ws/build/door_node' returned '0': CMAKE_PREFIX_PATH=/opt/ros/humble /usr/bin/cmake --build /home/vigma/ros2_ws/build/door_node -- -j16 -l16
[32.295s] DEBUG:colcon.colcon_core.event_handler.log_command:Invoking command in '/home/vigma/ros2_ws/build/door_node': CMAKE_PREFIX_PATH=/opt/ros/humble /usr/bin/cmake --install /home/vigma/ros2_ws/build/door_node
[32.340s] DEBUG:colcon.colcon_core.event_handler.log_command:Invoked command in '/home/vigma/ros2_ws/build/emergency_node' returned '0': CMAKE_PREFIX_PATH=/opt/ros/humble /usr/bin/cmake --build /home/vigma/ros2_ws/build/emergency_node -- -j16 -l16
[32.357s] Level 1:colcon.colcon_core.environment:create_environment_scripts_only(cell_controller)
[32.362s] DEBUG:colcon.colcon_core.event_handler.log_command:Invoking command in '/home/vigma/ros2_ws/build/emergency_node': CMAKE_PREFIX_PATH=/opt/ros/humble /usr/bin/cmake --install /home/vigma/ros2_ws/build/emergency_node
[32.369s] DEBUG:colcon.colcon_core.event_handler.log_command:Invoked command in '/home/vigma/ros2_ws/build/cell_controller' returned '0': CMAKE_PREFIX_PATH=/opt/ros/humble /usr/bin/cmake --install /home/vigma/ros2_ws/build/cell_controller
[32.401s] Level 1:colcon.colcon_core.environment:checking '/home/vigma/ros2_ws/install/cell_controller' for CMake module files
[32.412s] Level 1:colcon.colcon_core.environment:checking '/home/vigma/ros2_ws/install/cell_controller' for CMake config files
[32.415s] Level 1:colcon.colcon_core.shell:create_environment_hook('cell_controller', 'cmake_prefix_path')
[32.416s] INFO:colcon.colcon_core.shell:Creating environment hook '/home/vigma/ros2_ws/install/cell_controller/share/cell_controller/hook/cmake_prefix_path.ps1'
[32.420s] INFO:colcon.colcon_core.shell:Creating environment descriptor '/home/vigma/ros2_ws/install/cell_controller/share/cell_controller/hook/cmake_prefix_path.dsv'
[32.422s] INFO:colcon.colcon_core.shell:Creating environment hook '/home/vigma/ros2_ws/install/cell_controller/share/cell_controller/hook/cmake_prefix_path.sh'
[32.425s] Level 1:colcon.colcon_core.environment:checking '/home/vigma/ros2_ws/install/cell_controller/lib'
[32.426s] Level 1:colcon.colcon_core.environment:checking '/home/vigma/ros2_ws/install/cell_controller/bin'
[32.426s] Level 1:colcon.colcon_core.environment:checking '/home/vigma/ros2_ws/install/cell_controller/lib/pkgconfig/cell_controller.pc'
[32.427s] Level 1:colcon.colcon_core.environment:checking '/home/vigma/ros2_ws/install/cell_controller/lib/python3.10/site-packages'
[32.429s] Level 1:colcon.colcon_core.environment:checking '/home/vigma/ros2_ws/install/cell_controller/bin'
[32.429s] INFO:colcon.colcon_core.shell:Creating package script '/home/vigma/ros2_ws/install/cell_controller/share/cell_controller/package.ps1'
[32.433s] INFO:colcon.colcon_core.shell:Creating package descriptor '/home/vigma/ros2_ws/install/cell_controller/share/cell_controller/package.dsv'
[32.436s] INFO:colcon.colcon_core.shell:Creating package script '/home/vigma/ros2_ws/install/cell_controller/share/cell_controller/package.sh'
[32.439s] INFO:colcon.colcon_core.shell:Creating package script '/home/vigma/ros2_ws/install/cell_controller/share/cell_controller/package.bash'
[32.442s] INFO:colcon.colcon_core.shell:Creating package script '/home/vigma/ros2_ws/install/cell_controller/share/cell_controller/package.zsh'
[32.444s] Level 1:colcon.colcon_core.environment:create_file_with_runtime_dependencies(/home/vigma/ros2_ws/install/cell_controller/share/colcon-core/packages/cell_controller)
[32.449s] Level 1:colcon.colcon_core.environment:create_environment_scripts_only(cell_controller)
[32.450s] Level 1:colcon.colcon_core.environment:checking '/home/vigma/ros2_ws/install/cell_controller' for CMake module files
[32.451s] Level 1:colcon.colcon_core.environment:checking '/home/vigma/ros2_ws/install/cell_controller' for CMake config files
[32.452s] Level 1:colcon.colcon_core.shell:create_environment_hook('cell_controller', 'cmake_prefix_path')
[32.453s] INFO:colcon.colcon_core.shell:Creating environment hook '/home/vigma/ros2_ws/install/cell_controller/share/cell_controller/hook/cmake_prefix_path.ps1'
[32.454s] INFO:colcon.colcon_core.shell:Creating environment descriptor '/home/vigma/ros2_ws/install/cell_controller/share/cell_controller/hook/cmake_prefix_path.dsv'
[32.455s] INFO:colcon.colcon_core.shell:Creating environment hook '/home/vigma/ros2_ws/install/cell_controller/share/cell_controller/hook/cmake_prefix_path.sh'
[32.457s] Level 1:colcon.colcon_core.environment:checking '/home/vigma/ros2_ws/install/cell_controller/lib'
[32.457s] Level 1:colcon.colcon_core.environment:checking '/home/vigma/ros2_ws/install/cell_controller/bin'
[32.458s] Level 1:colcon.colcon_core.environment:checking '/home/vigma/ros2_ws/install/cell_controller/lib/pkgconfig/cell_controller.pc'
[32.458s] Level 1:colcon.colcon_core.environment:checking '/home/vigma/ros2_ws/install/cell_controller/lib/python3.10/site-packages'
[32.460s] Level 1:colcon.colcon_core.environment:checking '/home/vigma/ros2_ws/install/cell_controller/bin'
[32.461s] INFO:colcon.colcon_core.shell:Creating package script '/home/vigma/ros2_ws/install/cell_controller/share/cell_controller/package.ps1'
[32.463s] INFO:colcon.colcon_core.shell:Creating package descriptor '/home/vigma/ros2_ws/install/cell_controller/share/cell_controller/package.dsv'
[32.464s] INFO:colcon.colcon_core.shell:Creating package script '/home/vigma/ros2_ws/install/cell_controller/share/cell_controller/package.sh'
[32.466s] INFO:colcon.colcon_core.shell:Creating package script '/home/vigma/ros2_ws/install/cell_controller/share/cell_controller/package.bash'
[32.468s] INFO:colcon.colcon_core.shell:Creating package script '/home/vigma/ros2_ws/install/cell_controller/share/cell_controller/package.zsh'
[32.469s] Level 1:colcon.colcon_core.environment:create_file_with_runtime_dependencies(/home/vigma/ros2_ws/install/cell_controller/share/colcon-core/packages/cell_controller)
[32.477s] Level 1:colcon.colcon_core.environment:create_environment_scripts_only(door_node)
[32.479s] Level 1:colcon.colcon_core.environment:checking '/home/vigma/ros2_ws/install/door_node' for CMake module files
[32.481s] DEBUG:colcon.colcon_core.event_handler.log_command:Invoked command in '/home/vigma/ros2_ws/build/door_node' returned '0': CMAKE_PREFIX_PATH=/opt/ros/humble /usr/bin/cmake --install /home/vigma/ros2_ws/build/door_node
[32.483s] Level 1:colcon.colcon_core.environment:checking '/home/vigma/ros2_ws/install/door_node' for CMake config files
[32.484s] Level 1:colcon.colcon_core.shell:create_environment_hook('door_node', 'cmake_prefix_path')
[32.485s] INFO:colcon.colcon_core.shell:Creating environment hook '/home/vigma/ros2_ws/install/door_node/share/door_node/hook/cmake_prefix_path.ps1'
[32.496s] INFO:colcon.colcon_core.shell:Creating environment descriptor '/home/vigma/ros2_ws/install/door_node/share/door_node/hook/cmake_prefix_path.dsv'
[32.498s] INFO:colcon.colcon_core.shell:Creating environment hook '/home/vigma/ros2_ws/install/door_node/share/door_node/hook/cmake_prefix_path.sh'
[32.500s] Level 1:colcon.colcon_core.environment:checking '/home/vigma/ros2_ws/install/door_node/lib'
[32.501s] Level 1:colcon.colcon_core.environment:checking '/home/vigma/ros2_ws/install/door_node/bin'
[32.501s] Level 1:colcon.colcon_core.environment:checking '/home/vigma/ros2_ws/install/door_node/lib/pkgconfig/door_node.pc'
[32.502s] Level 1:colcon.colcon_core.environment:checking '/home/vigma/ros2_ws/install/door_node/lib/python3.10/site-packages'
[32.503s] Level 1:colcon.colcon_core.environment:checking '/home/vigma/ros2_ws/install/door_node/bin'
[32.504s] INFO:colcon.colcon_core.shell:Creating package script '/home/vigma/ros2_ws/install/door_node/share/door_node/package.ps1'
[32.506s] INFO:colcon.colcon_core.shell:Creating package descriptor '/home/vigma/ros2_ws/install/door_node/share/door_node/package.dsv'
[32.507s] INFO:colcon.colcon_core.shell:Creating package script '/home/vigma/ros2_ws/install/door_node/share/door_node/package.sh'
[32.509s] INFO:colcon.colcon_core.shell:Creating package script '/home/vigma/ros2_ws/install/door_node/share/door_node/package.bash'
[32.510s] INFO:colcon.colcon_core.shell:Creating package script '/home/vigma/ros2_ws/install/door_node/share/door_node/package.zsh'
[32.512s] Level 1:colcon.colcon_core.environment:create_file_with_runtime_dependencies(/home/vigma/ros2_ws/install/door_node/share/colcon-core/packages/door_node)
[32.517s] Level 1:colcon.colcon_core.environment:create_environment_scripts_only(door_node)
[32.518s] Level 1:colcon.colcon_core.environment:checking '/home/vigma/ros2_ws/install/door_node' for CMake module files
[32.520s] Level 1:colcon.colcon_core.environment:checking '/home/vigma/ros2_ws/install/door_node' for CMake config files
[32.521s] Level 1:colcon.colcon_core.shell:create_environment_hook('door_node', 'cmake_prefix_path')
[32.522s] INFO:colcon.colcon_core.shell:Creating environment hook '/home/vigma/ros2_ws/install/door_node/share/door_node/hook/cmake_prefix_path.ps1'
[32.523s] INFO:colcon.colcon_core.shell:Creating environment descriptor '/home/vigma/ros2_ws/install/door_node/share/door_node/hook/cmake_prefix_path.dsv'
[32.525s] INFO:colcon.colcon_core.shell:Creating environment hook '/home/vigma/ros2_ws/install/door_node/share/door_node/hook/cmake_prefix_path.sh'
[32.528s] Level 1:colcon.colcon_core.environment:checking '/home/vigma/ros2_ws/install/door_node/lib'
[32.529s] Level 1:colcon.colcon_core.environment:checking '/home/vigma/ros2_ws/install/door_node/bin'
[32.529s] Level 1:colcon.colcon_core.environment:checking '/home/vigma/ros2_ws/install/door_node/lib/pkgconfig/door_node.pc'
[32.530s] Level 1:colcon.colcon_core.environment:checking '/home/vigma/ros2_ws/install/door_node/lib/python3.10/site-packages'
[32.532s] Level 1:colcon.colcon_core.environment:checking '/home/vigma/ros2_ws/install/door_node/bin'
[32.533s] INFO:colcon.colcon_core.shell:Creating package script '/home/vigma/ros2_ws/install/door_node/share/door_node/package.ps1'
[32.535s] INFO:colcon.colcon_core.shell:Creating package descriptor '/home/vigma/ros2_ws/install/door_node/share/door_node/package.dsv'
[32.537s] INFO:colcon.colcon_core.shell:Creating package script '/home/vigma/ros2_ws/install/door_node/share/door_node/package.sh'
[32.539s] INFO:colcon.colcon_core.shell:Creating package script '/home/vigma/ros2_ws/install/door_node/share/door_node/package.bash'
[32.541s] INFO:colcon.colcon_core.shell:Creating package script '/home/vigma/ros2_ws/install/door_node/share/door_node/package.zsh'
[32.542s] Level 1:colcon.colcon_core.environment:create_file_with_runtime_dependencies(/home/vigma/ros2_ws/install/door_node/share/colcon-core/packages/door_node)
[32.544s] Level 1:colcon.colcon_core.environment:create_environment_scripts_only(emergency_node)
[32.545s] Level 1:colcon.colcon_core.environment:checking '/home/vigma/ros2_ws/install/emergency_node' for CMake module files
[32.549s] DEBUG:colcon.colcon_core.event_handler.log_command:Invoked command in '/home/vigma/ros2_ws/build/emergency_node' returned '0': CMAKE_PREFIX_PATH=/opt/ros/humble /usr/bin/cmake --install /home/vigma/ros2_ws/build/emergency_node
[32.550s] Level 1:colcon.colcon_core.environment:checking '/home/vigma/ros2_ws/install/emergency_node' for CMake config files
[32.551s] Level 1:colcon.colcon_core.shell:create_environment_hook('emergency_node', 'cmake_prefix_path')
[32.552s] INFO:colcon.colcon_core.shell:Creating environment hook '/home/vigma/ros2_ws/install/emergency_node/share/emergency_node/hook/cmake_prefix_path.ps1'
[32.555s] INFO:colcon.colcon_core.shell:Creating environment descriptor '/home/vigma/ros2_ws/install/emergency_node/share/emergency_node/hook/cmake_prefix_path.dsv'
[32.557s] INFO:colcon.colcon_core.shell:Creating environment hook '/home/vigma/ros2_ws/install/emergency_node/share/emergency_node/hook/cmake_prefix_path.sh'
[32.558s] Level 1:colcon.colcon_core.environment:checking '/home/vigma/ros2_ws/install/emergency_node/lib'
[32.559s] Level 1:colcon.colcon_core.environment:checking '/home/vigma/ros2_ws/install/emergency_node/bin'
[32.559s] Level 1:colcon.colcon_core.environment:checking '/home/vigma/ros2_ws/install/emergency_node/lib/pkgconfig/emergency_node.pc'
[32.560s] Level 1:colcon.colcon_core.environment:checking '/home/vigma/ros2_ws/install/emergency_node/lib/python3.10/site-packages'
[32.561s] Level 1:colcon.colcon_core.environment:checking '/home/vigma/ros2_ws/install/emergency_node/bin'
[32.562s] INFO:colcon.colcon_core.shell:Creating package script '/home/vigma/ros2_ws/install/emergency_node/share/emergency_node/package.ps1'
[32.564s] INFO:colcon.colcon_core.shell:Creating package descriptor '/home/vigma/ros2_ws/install/emergency_node/share/emergency_node/package.dsv'
[32.565s] INFO:colcon.colcon_core.shell:Creating package script '/home/vigma/ros2_ws/install/emergency_node/share/emergency_node/package.sh'
[32.567s] INFO:colcon.colcon_core.shell:Creating package script '/home/vigma/ros2_ws/install/emergency_node/share/emergency_node/package.bash'
[32.568s] INFO:colcon.colcon_core.shell:Creating package script '/home/vigma/ros2_ws/install/emergency_node/share/emergency_node/package.zsh'
[32.573s] Level 1:colcon.colcon_core.environment:create_file_with_runtime_dependencies(/home/vigma/ros2_ws/install/emergency_node/share/colcon-core/packages/emergency_node)
[32.579s] Level 1:colcon.colcon_core.environment:create_environment_scripts_only(emergency_node)
[32.580s] Level 1:colcon.colcon_core.environment:checking '/home/vigma/ros2_ws/install/emergency_node' for CMake module files
[32.583s] Level 1:colcon.colcon_core.environment:checking '/home/vigma/ros2_ws/install/emergency_node' for CMake config files
[32.584s] Level 1:colcon.colcon_core.shell:create_environment_hook('emergency_node', 'cmake_prefix_path')
[32.584s] INFO:colcon.colcon_core.shell:Creating environment hook '/home/vigma/ros2_ws/install/emergency_node/share/emergency_node/hook/cmake_prefix_path.ps1'
[32.586s] INFO:colcon.colcon_core.shell:Creating environment descriptor '/home/vigma/ros2_ws/install/emergency_node/share/emergency_node/hook/cmake_prefix_path.dsv'
[32.587s] INFO:colcon.colcon_core.shell:Creating environment hook '/home/vigma/ros2_ws/install/emergency_node/share/emergency_node/hook/cmake_prefix_path.sh'
[32.589s] Level 1:colcon.colcon_core.environment:checking '/home/vigma/ros2_ws/install/emergency_node/lib'
[32.589s] Level 1:colcon.colcon_core.environment:checking '/home/vigma/ros2_ws/install/emergency_node/bin'
[32.589s] Level 1:colcon.colcon_core.environment:checking '/home/vigma/ros2_ws/install/emergency_node/lib/pkgconfig/emergency_node.pc'
[32.590s] Level 1:colcon.colcon_core.environment:checking '/home/vigma/ros2_ws/install/emergency_node/lib/python3.10/site-packages'
[32.591s] Level 1:colcon.colcon_core.environment:checking '/home/vigma/ros2_ws/install/emergency_node/bin'
[32.592s] INFO:colcon.colcon_core.shell:Creating package script '/home/vigma/ros2_ws/install/emergency_node/share/emergency_node/package.ps1'
[32.594s] INFO:colcon.colcon_core.shell:Creating package descriptor '/home/vigma/ros2_ws/install/emergency_node/share/emergency_node/package.dsv'
[32.596s] INFO:colcon.colcon_core.shell:Creating package script '/home/vigma/ros2_ws/install/emergency_node/share/emergency_node/package.sh'
[32.597s] INFO:colcon.colcon_core.shell:Creating package script '/home/vigma/ros2_ws/install/emergency_node/share/emergency_node/package.bash'
[32.599s] INFO:colcon.colcon_core.shell:Creating package script '/home/vigma/ros2_ws/install/emergency_node/share/emergency_node/package.zsh'
[32.600s] Level 1:colcon.colcon_core.environment:create_file_with_runtime_dependencies(/home/vigma/ros2_ws/install/emergency_node/share/colcon-core/packages/emergency_node)
[35.837s] DEBUG:colcon.colcon_core.event_handler.log_command:Invoked command in '/home/vigma/ros2_ws/build/stacklight_node' returned '0': CMAKE_PREFIX_PATH=/opt/ros/humble /usr/bin/cmake --build /home/vigma/ros2_ws/build/stacklight_node -- -j16 -l16
[35.849s] DEBUG:colcon.colcon_core.event_handler.log_command:Invoking command in '/home/vigma/ros2_ws/build/stacklight_node': CMAKE_PREFIX_PATH=/opt/ros/humble /usr/bin/cmake --install /home/vigma/ros2_ws/build/stacklight_node
[35.927s] Level 1:colcon.colcon_core.environment:create_environment_scripts_only(stacklight_node)
[35.929s] Level 1:colcon.colcon_core.environment:checking '/home/vigma/ros2_ws/install/stacklight_node' for CMake module files
[35.931s] DEBUG:colcon.colcon_core.event_handler.log_command:Invoked command in '/home/vigma/ros2_ws/build/stacklight_node' returned '0': CMAKE_PREFIX_PATH=/opt/ros/humble /usr/bin/cmake --install /home/vigma/ros2_ws/build/stacklight_node
[35.933s] Level 1:colcon.colcon_core.environment:checking '/home/vigma/ros2_ws/install/stacklight_node' for CMake config files
[38.645s] Level 1:colcon.colcon_core.shell:create_environment_hook('stacklight_node', 'cmake_prefix_path')
[38.647s] INFO:colcon.colcon_core.shell:Creating environment hook '/home/vigma/ros2_ws/install/stacklight_node/share/stacklight_node/hook/cmake_prefix_path.ps1'
[38.650s] INFO:colcon.colcon_core.shell:Creating environment descriptor '/home/vigma/ros2_ws/install/stacklight_node/share/stacklight_node/hook/cmake_prefix_path.dsv'
[38.652s] INFO:colcon.colcon_core.shell:Creating environment hook '/home/vigma/ros2_ws/install/stacklight_node/share/stacklight_node/hook/cmake_prefix_path.sh'
[38.654s] Level 1:colcon.colcon_core.environment:checking '/home/vigma/ros2_ws/install/stacklight_node/lib'
[38.654s] Level 1:colcon.colcon_core.environment:checking '/home/vigma/ros2_ws/install/stacklight_node/bin'
[38.655s] Level 1:colcon.colcon_core.environment:checking '/home/vigma/ros2_ws/install/stacklight_node/lib/pkgconfig/stacklight_node.pc'
[38.656s] Level 1:colcon.colcon_core.environment:checking '/home/vigma/ros2_ws/install/stacklight_node/lib/python3.10/site-packages'
[38.658s] Level 1:colcon.colcon_core.environment:checking '/home/vigma/ros2_ws/install/stacklight_node/bin'
[38.659s] INFO:colcon.colcon_core.shell:Creating package script '/home/vigma/ros2_ws/install/stacklight_node/share/stacklight_node/package.ps1'
[38.661s] INFO:colcon.colcon_core.shell:Creating package descriptor '/home/vigma/ros2_ws/install/stacklight_node/share/stacklight_node/package.dsv'
[38.664s] INFO:colcon.colcon_core.shell:Creating package script '/home/vigma/ros2_ws/install/stacklight_node/share/stacklight_node/package.sh'
[38.666s] INFO:colcon.colcon_core.shell:Creating package script '/home/vigma/ros2_ws/install/stacklight_node/share/stacklight_node/package.bash'
[38.668s] INFO:colcon.colcon_core.shell:Creating package script '/home/vigma/ros2_ws/install/stacklight_node/share/stacklight_node/package.zsh'
[38.671s] Level 1:colcon.colcon_core.environment:create_file_with_runtime_dependencies(/home/vigma/ros2_ws/install/stacklight_node/share/colcon-core/packages/stacklight_node)
[38.677s] Level 1:colcon.colcon_core.environment:create_environment_scripts_only(stacklight_node)
[38.677s] Level 1:colcon.colcon_core.environment:checking '/home/vigma/ros2_ws/install/stacklight_node' for CMake module files
[38.679s] Level 1:colcon.colcon_core.environment:checking '/home/vigma/ros2_ws/install/stacklight_node' for CMake config files
[38.680s] Level 1:colcon.colcon_core.shell:create_environment_hook('stacklight_node', 'cmake_prefix_path')
[38.681s] INFO:colcon.colcon_core.shell:Creating environment hook '/home/vigma/ros2_ws/install/stacklight_node/share/stacklight_node/hook/cmake_prefix_path.ps1'
[38.683s] INFO:colcon.colcon_core.shell:Creating environment descriptor '/home/vigma/ros2_ws/install/stacklight_node/share/stacklight_node/hook/cmake_prefix_path.dsv'
[38.685s] INFO:colcon.colcon_core.shell:Creating environment hook '/home/vigma/ros2_ws/install/stacklight_node/share/stacklight_node/hook/cmake_prefix_path.sh'
[38.688s] Level 1:colcon.colcon_core.environment:checking '/home/vigma/ros2_ws/install/stacklight_node/lib'
[38.688s] Level 1:colcon.colcon_core.environment:checking '/home/vigma/ros2_ws/install/stacklight_node/bin'
[38.689s] Level 1:colcon.colcon_core.environment:checking '/home/vigma/ros2_ws/install/stacklight_node/lib/pkgconfig/stacklight_node.pc'
[38.690s] Level 1:colcon.colcon_core.environment:checking '/home/vigma/ros2_ws/install/stacklight_node/lib/python3.10/site-packages'
[38.691s] Level 1:colcon.colcon_core.environment:checking '/home/vigma/ros2_ws/install/stacklight_node/bin'
[38.693s] INFO:colcon.colcon_core.shell:Creating package script '/home/vigma/ros2_ws/install/stacklight_node/share/stacklight_node/package.ps1'
[38.695s] INFO:colcon.colcon_core.shell:Creating package descriptor '/home/vigma/ros2_ws/install/stacklight_node/share/stacklight_node/package.dsv'
[38.698s] INFO:colcon.colcon_core.shell:Creating package script '/home/vigma/ros2_ws/install/stacklight_node/share/stacklight_node/package.sh'
[38.700s] INFO:colcon.colcon_core.shell:Creating package script '/home/vigma/ros2_ws/install/stacklight_node/share/stacklight_node/package.bash'
[38.701s] INFO:colcon.colcon_core.shell:Creating package script '/home/vigma/ros2_ws/install/stacklight_node/share/stacklight_node/package.zsh'
[38.705s] Level 1:colcon.colcon_core.environment:create_file_with_runtime_dependencies(/home/vigma/ros2_ws/install/stacklight_node/share/colcon-core/packages/stacklight_node)
[40.477s] DEBUG:colcon.colcon_core.event_handler.log_command:Invoked command in '/home/vigma/ros2_ws/build/barcode_node' returned '0': CMAKE_PREFIX_PATH=/opt/ros/humble /usr/bin/cmake --build /home/vigma/ros2_ws/build/barcode_node -- -j16 -l16
[40.485s] DEBUG:colcon.colcon_core.event_handler.log_command:Invoking command in '/home/vigma/ros2_ws/build/barcode_node': CMAKE_PREFIX_PATH=/opt/ros/humble /usr/bin/cmake --install /home/vigma/ros2_ws/build/barcode_node
[40.557s] Level 1:colcon.colcon_core.environment:create_environment_scripts_only(barcode_node)
[40.559s] Level 1:colcon.colcon_core.environment:checking '/home/vigma/ros2_ws/install/barcode_node' for CMake module files
[40.560s] DEBUG:colcon.colcon_core.event_handler.log_command:Invoked command in '/home/vigma/ros2_ws/build/barcode_node' returned '0': CMAKE_PREFIX_PATH=/opt/ros/humble /usr/bin/cmake --install /home/vigma/ros2_ws/build/barcode_node
[40.561s] Level 1:colcon.colcon_core.environment:checking '/home/vigma/ros2_ws/install/barcode_node' for CMake config files
[40.563s] Level 1:colcon.colcon_core.shell:create_environment_hook('barcode_node', 'cmake_prefix_path')
[40.564s] INFO:colcon.colcon_core.shell:Creating environment hook '/home/vigma/ros2_ws/install/barcode_node/share/barcode_node/hook/cmake_prefix_path.ps1'
[40.567s] INFO:colcon.colcon_core.shell:Creating environment descriptor '/home/vigma/ros2_ws/install/barcode_node/share/barcode_node/hook/cmake_prefix_path.dsv'
[40.569s] INFO:colcon.colcon_core.shell:Creating environment hook '/home/vigma/ros2_ws/install/barcode_node/share/barcode_node/hook/cmake_prefix_path.sh'
[40.570s] Level 1:colcon.colcon_core.environment:checking '/home/vigma/ros2_ws/install/barcode_node/lib'
[40.571s] Level 1:colcon.colcon_core.environment:checking '/home/vigma/ros2_ws/install/barcode_node/bin'
[40.571s] Level 1:colcon.colcon_core.environment:checking '/home/vigma/ros2_ws/install/barcode_node/lib/pkgconfig/barcode_node.pc'
[40.572s] Level 1:colcon.colcon_core.environment:checking '/home/vigma/ros2_ws/install/barcode_node/lib/python3.10/site-packages'
[40.573s] Level 1:colcon.colcon_core.environment:checking '/home/vigma/ros2_ws/install/barcode_node/bin'
[40.573s] INFO:colcon.colcon_core.shell:Creating package script '/home/vigma/ros2_ws/install/barcode_node/share/barcode_node/package.ps1'
[40.575s] INFO:colcon.colcon_core.shell:Creating package descriptor '/home/vigma/ros2_ws/install/barcode_node/share/barcode_node/package.dsv'
[40.577s] INFO:colcon.colcon_core.shell:Creating package script '/home/vigma/ros2_ws/install/barcode_node/share/barcode_node/package.sh'
[40.578s] INFO:colcon.colcon_core.shell:Creating package script '/home/vigma/ros2_ws/install/barcode_node/share/barcode_node/package.bash'
[40.579s] INFO:colcon.colcon_core.shell:Creating package script '/home/vigma/ros2_ws/install/barcode_node/share/barcode_node/package.zsh'
[40.581s] Level 1:colcon.colcon_core.environment:create_file_with_runtime_dependencies(/home/vigma/ros2_ws/install/barcode_node/share/colcon-core/packages/barcode_node)
[40.586s] Level 1:colcon.colcon_core.environment:create_environment_scripts_only(barcode_node)
[40.587s] Level 1:colcon.colcon_core.environment:checking '/home/vigma/ros2_ws/install/barcode_node' for CMake module files
[40.588s] Level 1:colcon.colcon_core.environment:checking '/home/vigma/ros2_ws/install/barcode_node' for CMake config files
[40.589s] Level 1:colcon.colcon_core.shell:create_environment_hook('barcode_node', 'cmake_prefix_path')
[40.589s] INFO:colcon.colcon_core.shell:Creating environment hook '/home/vigma/ros2_ws/install/barcode_node/share/barcode_node/hook/cmake_prefix_path.ps1'
[40.591s] INFO:colcon.colcon_core.shell:Creating environment descriptor '/home/vigma/ros2_ws/install/barcode_node/share/barcode_node/hook/cmake_prefix_path.dsv'
[40.592s] INFO:colcon.colcon_core.shell:Creating environment hook '/home/vigma/ros2_ws/install/barcode_node/share/barcode_node/hook/cmake_prefix_path.sh'
[40.594s] Level 1:colcon.colcon_core.environment:checking '/home/vigma/ros2_ws/install/barcode_node/lib'
[40.595s] Level 1:colcon.colcon_core.environment:checking '/home/vigma/ros2_ws/install/barcode_node/bin'
[40.595s] Level 1:colcon.colcon_core.environment:checking '/home/vigma/ros2_ws/install/barcode_node/lib/pkgconfig/barcode_node.pc'
[40.595s] Level 1:colcon.colcon_core.environment:checking '/home/vigma/ros2_ws/install/barcode_node/lib/python3.10/site-packages'
[40.597s] Level 1:colcon.colcon_core.environment:checking '/home/vigma/ros2_ws/install/barcode_node/bin'
[40.597s] INFO:colcon.colcon_core.shell:Creating package script '/home/vigma/ros2_ws/install/barcode_node/share/barcode_node/package.ps1'
[40.599s] INFO:colcon.colcon_core.shell:Creating package descriptor '/home/vigma/ros2_ws/install/barcode_node/share/barcode_node/package.dsv'
[40.601s] INFO:colcon.colcon_core.shell:Creating package script '/home/vigma/ros2_ws/install/barcode_node/share/barcode_node/package.sh'
[40.603s] INFO:colcon.colcon_core.shell:Creating package script '/home/vigma/ros2_ws/install/barcode_node/share/barcode_node/package.bash'
[40.604s] INFO:colcon.colcon_core.shell:Creating package script '/home/vigma/ros2_ws/install/barcode_node/share/barcode_node/package.zsh'
[40.606s] Level 1:colcon.colcon_core.environment:create_file_with_runtime_dependencies(/home/vigma/ros2_ws/install/barcode_node/share/colcon-core/packages/barcode_node)
[40.607s] DEBUG:colcon.colcon_parallel_executor.executor.parallel:closing loop
[40.609s] DEBUG:colcon.colcon_parallel_executor.executor.parallel:loop closed
[40.610s] DEBUG:colcon.colcon_parallel_executor.executor.parallel:run_until_complete finished with '0'
[40.611s] DEBUG:colcon.colcon_core.event_reactor:joining thread
[40.746s] INFO:colcon.colcon_core.plugin_system:Skipping extension 'colcon_notification.desktop_notification.notify_send': Could not find 'notify-send'
[40.747s] INFO:colcon.colcon_core.plugin_system:Skipping extension 'colcon_notification.desktop_notification.terminal_notifier': Not used on non-Darwin systems
[40.747s] INFO:colcon.colcon_core.plugin_system:Skipping extension 'colcon_notification.desktop_notification.win32': Not used on non-Windows systems
[40.747s] INFO:colcon.colcon_notification.desktop_notification:Sending desktop notification using 'notify2'
[40.748s] DEBUG:colcon.colcon_notification.desktop_notification.notify2:Failed to initialize notify2: org.freedesktop.DBus.Error.FileNotFound: Failed to connect to socket /run/user/1000/bus: No such file or directory
[40.749s] DEBUG:colcon.colcon_core.event_reactor:joined thread
[40.750s] INFO:colcon.colcon_core.shell:Creating prefix script '/home/vigma/ros2_ws/install/local_setup.ps1'
[40.757s] INFO:colcon.colcon_core.shell:Creating prefix util module '/home/vigma/ros2_ws/install/_local_setup_util_ps1.py'
[40.763s] INFO:colcon.colcon_core.shell:Creating prefix chain script '/home/vigma/ros2_ws/install/setup.ps1'
[40.772s] INFO:colcon.colcon_core.shell:Creating prefix script '/home/vigma/ros2_ws/install/local_setup.sh'
[40.776s] INFO:colcon.colcon_core.shell:Creating prefix util module '/home/vigma/ros2_ws/install/_local_setup_util_sh.py'
[40.778s] INFO:colcon.colcon_core.shell:Creating prefix chain script '/home/vigma/ros2_ws/install/setup.sh'
[40.782s] INFO:colcon.colcon_core.shell:Creating prefix script '/home/vigma/ros2_ws/install/local_setup.bash'
[40.786s] INFO:colcon.colcon_core.shell:Creating prefix chain script '/home/vigma/ros2_ws/install/setup.bash'
[40.791s] INFO:colcon.colcon_core.shell:Creating prefix script '/home/vigma/ros2_ws/install/local_setup.zsh'
[40.794s] INFO:colcon.colcon_core.shell:Creating prefix chain script '/home/vigma/ros2_ws/install/setup.zsh'
