[0.141s] Invoking command in '/home/vigma/ros2_ws/build/emergency_node': CMAKE_PREFIX_PATH=/opt/ros/humble /usr/bin/cmake /home/vigma/ros2_ws/src/emergency_node -DCMAKE_INSTALL_PREFIX=/home/vigma/ros2_ws/install/emergency_node
[0.781s] -- The C compiler identification is GNU 11.4.0
[1.914s] -- The CXX compiler identification is GNU 11.4.0
[2.737s] -- Detecting C compiler ABI info
[3.236s] -- Detecting C compiler ABI info - done
[3.258s] -- Check for working C compiler: /usr/bin/cc - skipped
[3.258s] -- Detecting C compile features
[3.260s] -- Detecting C compile features - done
[3.270s] -- Detecting CXX compiler ABI info
[3.843s] -- Detecting CXX compiler ABI info - done
[3.867s] -- Check for working CXX compiler: /usr/bin/c++ - skipped
[3.868s] -- Detecting CXX compile features
[3.870s] -- Detecting CXX compile features - done
[3.881s] -- Found ament_cmake: 1.3.14 (/opt/ros/humble/share/ament_cmake/cmake)
[4.358s] -- Found Python3: /usr/bin/python3 (found version "3.10.12") found components: Interpreter 
[4.666s] -- Found rclcpp: 16.0.19 (/opt/ros/humble/share/rclcpp/cmake)
[5.207s] -- Found rosidl_generator_c: 3.1.8 (/opt/ros/humble/share/rosidl_generator_c/cmake)
[5.226s] -- Found rosidl_adapter: 3.1.8 (/opt/ros/humble/share/rosidl_adapter/cmake)
[5.252s] -- Found rosidl_generator_cpp: 3.1.8 (/opt/ros/humble/share/rosidl_generator_cpp/cmake)
[5.293s] -- Using all available rosidl_typesupport_c: rosidl_typesupport_fastrtps_c;rosidl_typesupport_introspection_c
[5.360s] -- Using all available rosidl_typesupport_cpp: rosidl_typesupport_fastrtps_cpp;rosidl_typesupport_introspection_cpp
[5.515s] -- Found rmw_implementation_cmake: 6.1.2 (/opt/ros/humble/share/rmw_implementation_cmake/cmake)
[5.526s] -- Found rmw_fastrtps_cpp: 6.2.10 (/opt/ros/humble/share/rmw_fastrtps_cpp/cmake)
[7.603s] -- Found OpenSSL: /usr/lib/x86_64-linux-gnu/libcrypto.so (found version "3.0.2")  
[9.505s] -- Found FastRTPS: /opt/ros/humble/include  
[14.629s] -- Using RMW implementation 'rmw_fastrtps_cpp' as default
[14.659s] -- Looking for pthread.h
[15.064s] -- Looking for pthread.h - found
[15.066s] -- Performing Test CMAKE_HAVE_LIBC_PTHREAD
[15.460s] -- Performing Test CMAKE_HAVE_LIBC_PTHREAD - Success
[15.469s] -- Found Threads: TRUE  
[15.624s] -- Found ament_lint_auto: 0.12.15 (/opt/ros/humble/share/ament_lint_auto/cmake)
[15.890s] -- Added test 'cppcheck' to perform static code analysis on C / C++ code
[15.891s] -- Configured cppcheck include dirs: 
[15.891s] -- Configured cppcheck exclude dirs and/or files: 
[15.894s] -- Added test 'lint_cmake' to check CMake code style
[15.898s] -- Added test 'uncrustify' to check C / C++ code style
[15.898s] -- Configured uncrustify additional arguments: 
[15.901s] -- Added test 'xmllint' to check XML markup files
[15.909s] -- Configuring done
[15.956s] -- Generating done
[15.975s] -- Build files have been written to: /home/vigma/ros2_ws/build/emergency_node
[16.003s] Invoked command in '/home/vigma/ros2_ws/build/emergency_node' returned '0': CMAKE_PREFIX_PATH=/opt/ros/humble /usr/bin/cmake /home/vigma/ros2_ws/src/emergency_node -DCMAKE_INSTALL_PREFIX=/home/vigma/ros2_ws/install/emergency_node
[16.009s] Invoking command in '/home/vigma/ros2_ws/build/emergency_node': CMAKE_PREFIX_PATH=/opt/ros/humble /usr/bin/cmake --build /home/vigma/ros2_ws/build/emergency_node -- -j16 -l16
[16.180s] [ 50%] [32mBuilding CXX object CMakeFiles/emergency_node.dir/src/emergency_node.cpp.o[0m
[26.714s] [100%] [32m[1mLinking CXX executable emergency_node[0m
[27.344s] [100%] Built target emergency_node
[27.400s] Invoked command in '/home/vigma/ros2_ws/build/emergency_node' returned '0': CMAKE_PREFIX_PATH=/opt/ros/humble /usr/bin/cmake --build /home/vigma/ros2_ws/build/emergency_node -- -j16 -l16
[27.422s] Invoking command in '/home/vigma/ros2_ws/build/emergency_node': CMAKE_PREFIX_PATH=/opt/ros/humble /usr/bin/cmake --install /home/vigma/ros2_ws/build/emergency_node
[27.436s] -- Install configuration: ""
[27.442s] -- Installing: /home/vigma/ros2_ws/install/emergency_node/share/ament_index/resource_index/package_run_dependencies/emergency_node
[27.444s] -- Installing: /home/vigma/ros2_ws/install/emergency_node/share/ament_index/resource_index/parent_prefix_path/emergency_node
[27.448s] -- Installing: /home/vigma/ros2_ws/install/emergency_node/share/emergency_node/environment/ament_prefix_path.sh
[27.450s] -- Installing: /home/vigma/ros2_ws/install/emergency_node/share/emergency_node/environment/ament_prefix_path.dsv
[27.452s] -- Installing: /home/vigma/ros2_ws/install/emergency_node/share/emergency_node/environment/path.sh
[27.455s] -- Installing: /home/vigma/ros2_ws/install/emergency_node/share/emergency_node/environment/path.dsv
[27.459s] -- Installing: /home/vigma/ros2_ws/install/emergency_node/share/emergency_node/local_setup.bash
[27.460s] -- Installing: /home/vigma/ros2_ws/install/emergency_node/share/emergency_node/local_setup.sh
[27.462s] -- Installing: /home/vigma/ros2_ws/install/emergency_node/share/emergency_node/local_setup.zsh
[27.465s] -- Installing: /home/vigma/ros2_ws/install/emergency_node/share/emergency_node/local_setup.dsv
[27.466s] -- Installing: /home/vigma/ros2_ws/install/emergency_node/share/emergency_node/package.dsv
[27.467s] -- Installing: /home/vigma/ros2_ws/install/emergency_node/share/ament_index/resource_index/packages/emergency_node
[27.469s] -- Installing: /home/vigma/ros2_ws/install/emergency_node/share/emergency_node/cmake/emergency_nodeConfig.cmake
[27.472s] -- Installing: /home/vigma/ros2_ws/install/emergency_node/share/emergency_node/cmake/emergency_nodeConfig-version.cmake
[27.474s] -- Installing: /home/vigma/ros2_ws/install/emergency_node/share/emergency_node/package.xml
[27.474s] -- Installing: /home/vigma/ros2_ws/install/emergency_node/lib/emergency_node/emergency_node
[27.475s] -- Set runtime path of "/home/vigma/ros2_ws/install/emergency_node/lib/emergency_node/emergency_node" to ""
[27.610s] Invoked command in '/home/vigma/ros2_ws/build/emergency_node' returned '0': CMAKE_PREFIX_PATH=/opt/ros/humble /usr/bin/cmake --install /home/vigma/ros2_ws/build/emergency_node
