[0.284s] Invoking command in '/home/vigma/ros2_ws/bin_picking_robot/build/stacklight_node': AMENT_PREFIX_PATH=/home/vigma/ros2_ws/bin_picking_robot/install/interfaces:${AMENT_PREFIX_PATH} CMAKE_PREFIX_PATH=/home/vigma/ros2_ws/bin_picking_robot/install/interfaces:/opt/ros/humble LD_LIBRARY_PATH=/home/vigma/ros2_ws/bin_picking_robot/install/interfaces/lib:${LD_LIBRARY_PATH} PYTHONPATH=/home/vigma/ros2_ws/bin_picking_robot/install/interfaces/local/lib/python3.10/dist-packages:${PYTHONPATH} /usr/bin/cmake /home/vigma/ros2_ws/bin_picking_robot/src/stacklight_node -DCMAKE_INSTALL_PREFIX=/home/vigma/ros2_ws/bin_picking_robot/install/stacklight_node
[0.674s] -- The C compiler identification is GNU 11.4.0
[1.762s] -- The CXX compiler identification is GNU 11.4.0
[2.851s] -- Detecting C compiler ABI info
[3.346s] -- Detecting C compiler ABI info - done
[3.366s] -- Check for working C compiler: /usr/bin/cc - skipped
[3.367s] -- Detecting C compile features
[3.369s] -- Detecting C compile features - done
[3.378s] -- Detecting CXX compiler ABI info
[3.954s] -- Detecting CXX compiler ABI info - done
[3.976s] -- Check for working CXX compiler: /usr/bin/c++ - skipped
[3.980s] -- Detecting CXX compile features
[3.992s] -- Detecting CXX compile features - done
[4.002s] -- Found ament_cmake: 1.3.14 (/opt/ros/humble/share/ament_cmake/cmake)
[4.507s] -- Found Python3: /usr/bin/python3 (found version "3.10.12") found components: Interpreter 
[4.809s] -- Found rclcpp: 16.0.19 (/opt/ros/humble/share/rclcpp/cmake)
[5.302s] -- Found rosidl_generator_c: 3.1.8 (/opt/ros/humble/share/rosidl_generator_c/cmake)
[5.316s] -- Found rosidl_adapter: 3.1.8 (/opt/ros/humble/share/rosidl_adapter/cmake)
[5.340s] -- Found rosidl_generator_cpp: 3.1.8 (/opt/ros/humble/share/rosidl_generator_cpp/cmake)
[5.373s] -- Using all available rosidl_typesupport_c: rosidl_typesupport_fastrtps_c;rosidl_typesupport_introspection_c
[5.423s] -- Using all available rosidl_typesupport_cpp: rosidl_typesupport_fastrtps_cpp;rosidl_typesupport_introspection_cpp
[5.573s] -- Found rmw_implementation_cmake: 6.1.2 (/opt/ros/humble/share/rmw_implementation_cmake/cmake)
[5.584s] -- Found rmw_fastrtps_cpp: 6.2.10 (/opt/ros/humble/share/rmw_fastrtps_cpp/cmake)
[7.523s] -- Found OpenSSL: /usr/lib/x86_64-linux-gnu/libcrypto.so (found version "3.0.2")  
[9.454s] -- Found FastRTPS: /opt/ros/humble/include  
[13.764s] -- Using RMW implementation 'rmw_fastrtps_cpp' as default
[13.789s] -- Looking for pthread.h
[14.208s] -- Looking for pthread.h - found
[14.209s] -- Performing Test CMAKE_HAVE_LIBC_PTHREAD
[14.682s] -- Performing Test CMAKE_HAVE_LIBC_PTHREAD - Success
[14.682s] -- Found Threads: TRUE  
[14.840s] -- Found interfaces: 0.0.1 (/home/vigma/ros2_ws/bin_picking_robot/install/interfaces/share/interfaces/cmake)
[15.099s] -- Configuring done
[15.157s] -- Generating done
[15.177s] -- Build files have been written to: /home/vigma/ros2_ws/bin_picking_robot/build/stacklight_node
[15.203s] Invoked command in '/home/vigma/ros2_ws/bin_picking_robot/build/stacklight_node' returned '0': AMENT_PREFIX_PATH=/home/vigma/ros2_ws/bin_picking_robot/install/interfaces:${AMENT_PREFIX_PATH} CMAKE_PREFIX_PATH=/home/vigma/ros2_ws/bin_picking_robot/install/interfaces:/opt/ros/humble LD_LIBRARY_PATH=/home/vigma/ros2_ws/bin_picking_robot/install/interfaces/lib:${LD_LIBRARY_PATH} PYTHONPATH=/home/vigma/ros2_ws/bin_picking_robot/install/interfaces/local/lib/python3.10/dist-packages:${PYTHONPATH} /usr/bin/cmake /home/vigma/ros2_ws/bin_picking_robot/src/stacklight_node -DCMAKE_INSTALL_PREFIX=/home/vigma/ros2_ws/bin_picking_robot/install/stacklight_node
[15.209s] Invoking command in '/home/vigma/ros2_ws/bin_picking_robot/build/stacklight_node': AMENT_PREFIX_PATH=/home/vigma/ros2_ws/bin_picking_robot/install/interfaces:${AMENT_PREFIX_PATH} CMAKE_PREFIX_PATH=/home/vigma/ros2_ws/bin_picking_robot/install/interfaces:/opt/ros/humble LD_LIBRARY_PATH=/home/vigma/ros2_ws/bin_picking_robot/install/interfaces/lib:${LD_LIBRARY_PATH} PYTHONPATH=/home/vigma/ros2_ws/bin_picking_robot/install/interfaces/local/lib/python3.10/dist-packages:${PYTHONPATH} /usr/bin/cmake --build /home/vigma/ros2_ws/bin_picking_robot/build/stacklight_node -- -j16 -l16
[15.414s] [ 50%] [32mBuilding CXX object CMakeFiles/stacklight_node.dir/src/stacklight_node.cpp.o[0m
[52.700s] [100%] [32m[1mLinking CXX executable stacklight_node[0m
[54.621s] [100%] Built target stacklight_node
[54.669s] Invoked command in '/home/vigma/ros2_ws/bin_picking_robot/build/stacklight_node' returned '0': AMENT_PREFIX_PATH=/home/vigma/ros2_ws/bin_picking_robot/install/interfaces:${AMENT_PREFIX_PATH} CMAKE_PREFIX_PATH=/home/vigma/ros2_ws/bin_picking_robot/install/interfaces:/opt/ros/humble LD_LIBRARY_PATH=/home/vigma/ros2_ws/bin_picking_robot/install/interfaces/lib:${LD_LIBRARY_PATH} PYTHONPATH=/home/vigma/ros2_ws/bin_picking_robot/install/interfaces/local/lib/python3.10/dist-packages:${PYTHONPATH} /usr/bin/cmake --build /home/vigma/ros2_ws/bin_picking_robot/build/stacklight_node -- -j16 -l16
[54.677s] Invoking command in '/home/vigma/ros2_ws/bin_picking_robot/build/stacklight_node': AMENT_PREFIX_PATH=/home/vigma/ros2_ws/bin_picking_robot/install/interfaces:${AMENT_PREFIX_PATH} CMAKE_PREFIX_PATH=/home/vigma/ros2_ws/bin_picking_robot/install/interfaces:/opt/ros/humble LD_LIBRARY_PATH=/home/vigma/ros2_ws/bin_picking_robot/install/interfaces/lib:${LD_LIBRARY_PATH} PYTHONPATH=/home/vigma/ros2_ws/bin_picking_robot/install/interfaces/local/lib/python3.10/dist-packages:${PYTHONPATH} /usr/bin/cmake --install /home/vigma/ros2_ws/bin_picking_robot/build/stacklight_node
[54.699s] -- Install configuration: ""
[54.703s] -- Installing: /home/vigma/ros2_ws/bin_picking_robot/install/stacklight_node/lib/stacklight_node/stacklight_node
[54.728s] -- Set runtime path of "/home/vigma/ros2_ws/bin_picking_robot/install/stacklight_node/lib/stacklight_node/stacklight_node" to ""
[54.734s] -- Installing: /home/vigma/ros2_ws/bin_picking_robot/install/stacklight_node/share/ament_index/resource_index/package_run_dependencies/stacklight_node
[54.736s] -- Installing: /home/vigma/ros2_ws/bin_picking_robot/install/stacklight_node/share/ament_index/resource_index/parent_prefix_path/stacklight_node
[54.740s] -- Installing: /home/vigma/ros2_ws/bin_picking_robot/install/stacklight_node/share/stacklight_node/environment/ament_prefix_path.sh
[54.741s] -- Installing: /home/vigma/ros2_ws/bin_picking_robot/install/stacklight_node/share/stacklight_node/environment/ament_prefix_path.dsv
[54.742s] -- Installing: /home/vigma/ros2_ws/bin_picking_robot/install/stacklight_node/share/stacklight_node/environment/path.sh
[54.743s] -- Installing: /home/vigma/ros2_ws/bin_picking_robot/install/stacklight_node/share/stacklight_node/environment/path.dsv
[54.743s] -- Installing: /home/vigma/ros2_ws/bin_picking_robot/install/stacklight_node/share/stacklight_node/local_setup.bash
[54.744s] -- Installing: /home/vigma/ros2_ws/bin_picking_robot/install/stacklight_node/share/stacklight_node/local_setup.sh
[54.745s] -- Installing: /home/vigma/ros2_ws/bin_picking_robot/install/stacklight_node/share/stacklight_node/local_setup.zsh
[54.746s] -- Installing: /home/vigma/ros2_ws/bin_picking_robot/install/stacklight_node/share/stacklight_node/local_setup.dsv
[54.747s] -- Installing: /home/vigma/ros2_ws/bin_picking_robot/install/stacklight_node/share/stacklight_node/package.dsv
[54.749s] -- Installing: /home/vigma/ros2_ws/bin_picking_robot/install/stacklight_node/share/ament_index/resource_index/packages/stacklight_node
[54.752s] -- Installing: /home/vigma/ros2_ws/bin_picking_robot/install/stacklight_node/share/stacklight_node/cmake/stacklight_nodeConfig.cmake
[54.753s] -- Installing: /home/vigma/ros2_ws/bin_picking_robot/install/stacklight_node/share/stacklight_node/cmake/stacklight_nodeConfig-version.cmake
[54.754s] -- Installing: /home/vigma/ros2_ws/bin_picking_robot/install/stacklight_node/share/stacklight_node/package.xml
[54.774s] Invoked command in '/home/vigma/ros2_ws/bin_picking_robot/build/stacklight_node' returned '0': AMENT_PREFIX_PATH=/home/vigma/ros2_ws/bin_picking_robot/install/interfaces:${AMENT_PREFIX_PATH} CMAKE_PREFIX_PATH=/home/vigma/ros2_ws/bin_picking_robot/install/interfaces:/opt/ros/humble LD_LIBRARY_PATH=/home/vigma/ros2_ws/bin_picking_robot/install/interfaces/lib:${LD_LIBRARY_PATH} PYTHONPATH=/home/vigma/ros2_ws/bin_picking_robot/install/interfaces/local/lib/python3.10/dist-packages:${PYTHONPATH} /usr/bin/cmake --install /home/vigma/ros2_ws/bin_picking_robot/build/stacklight_node
