-- The C compiler identification is GNU 11.4.0
-- The CXX compiler identification is GNU 11.4.0
-- Detecting C compiler ABI info
-- Detecting C compiler ABI info - done
-- Check for working C compiler: /usr/bin/cc - skipped
-- Detecting C compile features
-- Detecting C compile features - done
-- Detecting CXX compiler ABI info
-- Detecting CXX compiler ABI info - done
-- Check for working CXX compiler: /usr/bin/c++ - skipped
-- Detecting CXX compile features
-- Detecting CXX compile features - done
-- Found ament_cmake: 1.3.14 (/opt/ros/humble/share/ament_cmake/cmake)
-- Found Python3: /usr/bin/python3 (found version "3.10.12") found components: Interpreter 
-- Found rclcpp: 16.0.19 (/opt/ros/humble/share/rclcpp/cmake)
-- Found rosidl_generator_c: 3.1.8 (/opt/ros/humble/share/rosidl_generator_c/cmake)
-- Found rosidl_adapter: 3.1.8 (/opt/ros/humble/share/rosidl_adapter/cmake)
-- Found rosidl_generator_cpp: 3.1.8 (/opt/ros/humble/share/rosidl_generator_cpp/cmake)
-- Using all available rosidl_typesupport_c: rosidl_typesupport_fastrtps_c;rosidl_typesupport_introspection_c
-- Using all available rosidl_typesupport_cpp: rosidl_typesupport_fastrtps_cpp;rosidl_typesupport_introspection_cpp
-- Found rmw_implementation_cmake: 6.1.2 (/opt/ros/humble/share/rmw_implementation_cmake/cmake)
-- Found rmw_fastrtps_cpp: 6.2.10 (/opt/ros/humble/share/rmw_fastrtps_cpp/cmake)
-- Found OpenSSL: /usr/lib/x86_64-linux-gnu/libcrypto.so (found version "3.0.2")  
-- Found FastRTPS: /opt/ros/humble/include  
-- Using RMW implementation 'rmw_fastrtps_cpp' as default
-- Looking for pthread.h
-- Looking for pthread.h - found
-- Performing Test CMAKE_HAVE_LIBC_PTHREAD
-- Performing Test CMAKE_HAVE_LIBC_PTHREAD - Success
-- Found Threads: TRUE  
-- Found interfaces: 0.0.1 (/home/vigma/ros2_ws/bin_picking_robot/install/interfaces/share/interfaces/cmake)
-- Found Boost: /usr/lib/x86_64-linux-gnu/cmake/Boost-1.74.0/BoostConfig.cmake (found version "1.74.0") found components: system 
-- Configuring done
-- Generating done
-- Build files have been written to: /home/vigma/ros2_ws/bin_picking_robot/build/cell_controller
[ 25%] [32mBuilding CXX object CMakeFiles/wms_server.dir/src/wms_server.cpp.o[0m
[ 50%] [32mBuilding CXX object CMakeFiles/robot_server.dir/src/robot_server.cpp.o[0m
[ 75%] [32m[1mLinking CXX executable wms_server[0m
[ 75%] Built target wms_server
[100%] [32m[1mLinking CXX executable robot_server[0m
[100%] Built target robot_server
-- Install configuration: ""
-- Installing: /home/vigma/ros2_ws/bin_picking_robot/install/cell_controller/lib/cell_controller/robot_server
-- Set runtime path of "/home/vigma/ros2_ws/bin_picking_robot/install/cell_controller/lib/cell_controller/robot_server" to ""
-- Installing: /home/vigma/ros2_ws/bin_picking_robot/install/cell_controller/lib/cell_controller/wms_server
-- Set runtime path of "/home/vigma/ros2_ws/bin_picking_robot/install/cell_controller/lib/cell_controller/wms_server" to ""
-- Installing: /home/vigma/ros2_ws/bin_picking_robot/install/cell_controller/include
-- Installing: /home/vigma/ros2_ws/bin_picking_robot/install/cell_controller/include/http_client.hpp
-- Installing: /home/vigma/ros2_ws/bin_picking_robot/install/cell_controller/include/http_server.hpp
-- Installing: /home/vigma/ros2_ws/bin_picking_robot/install/cell_controller/share/ament_index/resource_index/package_run_dependencies/cell_controller
-- Installing: /home/vigma/ros2_ws/bin_picking_robot/install/cell_controller/share/ament_index/resource_index/parent_prefix_path/cell_controller
-- Installing: /home/vigma/ros2_ws/bin_picking_robot/install/cell_controller/share/cell_controller/environment/ament_prefix_path.sh
-- Installing: /home/vigma/ros2_ws/bin_picking_robot/install/cell_controller/share/cell_controller/environment/ament_prefix_path.dsv
-- Installing: /home/vigma/ros2_ws/bin_picking_robot/install/cell_controller/share/cell_controller/environment/path.sh
-- Installing: /home/vigma/ros2_ws/bin_picking_robot/install/cell_controller/share/cell_controller/environment/path.dsv
-- Installing: /home/vigma/ros2_ws/bin_picking_robot/install/cell_controller/share/cell_controller/local_setup.bash
-- Installing: /home/vigma/ros2_ws/bin_picking_robot/install/cell_controller/share/cell_controller/local_setup.sh
-- Installing: /home/vigma/ros2_ws/bin_picking_robot/install/cell_controller/share/cell_controller/local_setup.zsh
-- Installing: /home/vigma/ros2_ws/bin_picking_robot/install/cell_controller/share/cell_controller/local_setup.dsv
-- Installing: /home/vigma/ros2_ws/bin_picking_robot/install/cell_controller/share/cell_controller/package.dsv
-- Installing: /home/vigma/ros2_ws/bin_picking_robot/install/cell_controller/share/ament_index/resource_index/packages/cell_controller
-- Installing: /home/vigma/ros2_ws/bin_picking_robot/install/cell_controller/share/cell_controller/cmake/cell_controllerConfig.cmake
-- Installing: /home/vigma/ros2_ws/bin_picking_robot/install/cell_controller/share/cell_controller/cmake/cell_controllerConfig-version.cmake
-- Installing: /home/vigma/ros2_ws/bin_picking_robot/install/cell_controller/share/cell_controller/package.xml
