[0.208s] Invoking command in '/home/vigma/ros2_ws/bin_picking_robot/build/cell_controller': AMENT_PREFIX_PATH=/home/vigma/ros2_ws/bin_picking_robot/install/interfaces:${AMENT_PREFIX_PATH} CMAKE_PREFIX_PATH=/home/vigma/ros2_ws/bin_picking_robot/install/interfaces:/opt/ros/humble LD_LIBRARY_PATH=/home/vigma/ros2_ws/bin_picking_robot/install/interfaces/lib:${LD_LIBRARY_PATH} PYTHONPATH=/home/vigma/ros2_ws/bin_picking_robot/install/interfaces/local/lib/python3.10/dist-packages:${PYTHONPATH} /usr/bin/cmake /home/vigma/ros2_ws/bin_picking_robot/src/cell_controller -DCMAKE_INSTALL_PREFIX=/home/vigma/ros2_ws/bin_picking_robot/install/cell_controller
[0.614s] -- The C compiler identification is GNU 11.4.0
[1.797s] -- The CXX compiler identification is GNU 11.4.0
[2.712s] -- Detecting C compiler ABI info
[3.255s] -- Detecting C compiler ABI info - done
[3.277s] -- Check for working C compiler: /usr/bin/cc - skipped
[3.278s] -- Detecting C compile features
[3.278s] -- Detecting C compile features - done
[3.288s] -- Detecting CXX compiler ABI info
[3.829s] -- Detecting CXX compiler ABI info - done
[3.862s] -- Check for working CXX compiler: /usr/bin/c++ - skipped
[3.863s] -- Detecting CXX compile features
[3.865s] -- Detecting CXX compile features - done
[3.873s] -- Found ament_cmake: 1.3.14 (/opt/ros/humble/share/ament_cmake/cmake)
[4.385s] -- Found Python3: /usr/bin/python3 (found version "3.10.12") found components: Interpreter 
[4.701s] -- Found rclcpp: 16.0.19 (/opt/ros/humble/share/rclcpp/cmake)
[5.240s] -- Found rosidl_generator_c: 3.1.8 (/opt/ros/humble/share/rosidl_generator_c/cmake)
[5.254s] -- Found rosidl_adapter: 3.1.8 (/opt/ros/humble/share/rosidl_adapter/cmake)
[5.278s] -- Found rosidl_generator_cpp: 3.1.8 (/opt/ros/humble/share/rosidl_generator_cpp/cmake)
[5.311s] -- Using all available rosidl_typesupport_c: rosidl_typesupport_fastrtps_c;rosidl_typesupport_introspection_c
[5.369s] -- Using all available rosidl_typesupport_cpp: rosidl_typesupport_fastrtps_cpp;rosidl_typesupport_introspection_cpp
[5.505s] -- Found rmw_implementation_cmake: 6.1.2 (/opt/ros/humble/share/rmw_implementation_cmake/cmake)
[5.515s] -- Found rmw_fastrtps_cpp: 6.2.10 (/opt/ros/humble/share/rmw_fastrtps_cpp/cmake)
[7.570s] -- Found OpenSSL: /usr/lib/x86_64-linux-gnu/libcrypto.so (found version "3.0.2")  
[9.494s] -- Found FastRTPS: /opt/ros/humble/include  
[16.108s] -- Using RMW implementation 'rmw_fastrtps_cpp' as default
[16.138s] -- Looking for pthread.h
[16.647s] -- Looking for pthread.h - found
[16.649s] -- Performing Test CMAKE_HAVE_LIBC_PTHREAD
[17.231s] -- Performing Test CMAKE_HAVE_LIBC_PTHREAD - Success
[17.235s] -- Found Threads: TRUE  
[17.466s] -- Found interfaces: 0.0.1 (/home/vigma/ros2_ws/bin_picking_robot/install/interfaces/share/interfaces/cmake)
[17.579s] -- Found Boost: /usr/lib/x86_64-linux-gnu/cmake/Boost-1.74.0/BoostConfig.cmake (found version "1.74.0") found components: system 
[17.886s] -- Configuring done
[17.994s] -- Generating done
[18.031s] -- Build files have been written to: /home/vigma/ros2_ws/bin_picking_robot/build/cell_controller
[18.074s] Invoked command in '/home/vigma/ros2_ws/bin_picking_robot/build/cell_controller' returned '0': AMENT_PREFIX_PATH=/home/vigma/ros2_ws/bin_picking_robot/install/interfaces:${AMENT_PREFIX_PATH} CMAKE_PREFIX_PATH=/home/vigma/ros2_ws/bin_picking_robot/install/interfaces:/opt/ros/humble LD_LIBRARY_PATH=/home/vigma/ros2_ws/bin_picking_robot/install/interfaces/lib:${LD_LIBRARY_PATH} PYTHONPATH=/home/vigma/ros2_ws/bin_picking_robot/install/interfaces/local/lib/python3.10/dist-packages:${PYTHONPATH} /usr/bin/cmake /home/vigma/ros2_ws/bin_picking_robot/src/cell_controller -DCMAKE_INSTALL_PREFIX=/home/vigma/ros2_ws/bin_picking_robot/install/cell_controller
[18.084s] Invoking command in '/home/vigma/ros2_ws/bin_picking_robot/build/cell_controller': AMENT_PREFIX_PATH=/home/vigma/ros2_ws/bin_picking_robot/install/interfaces:${AMENT_PREFIX_PATH} CMAKE_PREFIX_PATH=/home/vigma/ros2_ws/bin_picking_robot/install/interfaces:/opt/ros/humble LD_LIBRARY_PATH=/home/vigma/ros2_ws/bin_picking_robot/install/interfaces/lib:${LD_LIBRARY_PATH} PYTHONPATH=/home/vigma/ros2_ws/bin_picking_robot/install/interfaces/local/lib/python3.10/dist-packages:${PYTHONPATH} /usr/bin/cmake --build /home/vigma/ros2_ws/bin_picking_robot/build/cell_controller -- -j16 -l16
[18.290s] [ 25%] [32mBuilding CXX object CMakeFiles/wms_server.dir/src/wms_server.cpp.o[0m
[18.302s] [ 50%] [32mBuilding CXX object CMakeFiles/robot_server.dir/src/robot_server.cpp.o[0m
[21.144s] [ 75%] [32m[1mLinking CXX executable wms_server[0m
[21.872s] [ 75%] Built target wms_server
[56.583s] [100%] [32m[1mLinking CXX executable robot_server[0m
[58.497s] [100%] Built target robot_server
[58.545s] Invoked command in '/home/vigma/ros2_ws/bin_picking_robot/build/cell_controller' returned '0': AMENT_PREFIX_PATH=/home/vigma/ros2_ws/bin_picking_robot/install/interfaces:${AMENT_PREFIX_PATH} CMAKE_PREFIX_PATH=/home/vigma/ros2_ws/bin_picking_robot/install/interfaces:/opt/ros/humble LD_LIBRARY_PATH=/home/vigma/ros2_ws/bin_picking_robot/install/interfaces/lib:${LD_LIBRARY_PATH} PYTHONPATH=/home/vigma/ros2_ws/bin_picking_robot/install/interfaces/local/lib/python3.10/dist-packages:${PYTHONPATH} /usr/bin/cmake --build /home/vigma/ros2_ws/bin_picking_robot/build/cell_controller -- -j16 -l16
[58.551s] Invoking command in '/home/vigma/ros2_ws/bin_picking_robot/build/cell_controller': AMENT_PREFIX_PATH=/home/vigma/ros2_ws/bin_picking_robot/install/interfaces:${AMENT_PREFIX_PATH} CMAKE_PREFIX_PATH=/home/vigma/ros2_ws/bin_picking_robot/install/interfaces:/opt/ros/humble LD_LIBRARY_PATH=/home/vigma/ros2_ws/bin_picking_robot/install/interfaces/lib:${LD_LIBRARY_PATH} PYTHONPATH=/home/vigma/ros2_ws/bin_picking_robot/install/interfaces/local/lib/python3.10/dist-packages:${PYTHONPATH} /usr/bin/cmake --install /home/vigma/ros2_ws/bin_picking_robot/build/cell_controller
[58.574s] -- Install configuration: ""
[58.579s] -- Installing: /home/vigma/ros2_ws/bin_picking_robot/install/cell_controller/lib/cell_controller/robot_server
[58.604s] -- Set runtime path of "/home/vigma/ros2_ws/bin_picking_robot/install/cell_controller/lib/cell_controller/robot_server" to ""
[58.604s] -- Installing: /home/vigma/ros2_ws/bin_picking_robot/install/cell_controller/lib/cell_controller/wms_server
[58.606s] -- Set runtime path of "/home/vigma/ros2_ws/bin_picking_robot/install/cell_controller/lib/cell_controller/wms_server" to ""
[58.607s] -- Installing: /home/vigma/ros2_ws/bin_picking_robot/install/cell_controller/include
[58.608s] -- Installing: /home/vigma/ros2_ws/bin_picking_robot/install/cell_controller/include/http_client.hpp
[58.609s] -- Installing: /home/vigma/ros2_ws/bin_picking_robot/install/cell_controller/include/http_server.hpp
[58.616s] -- Installing: /home/vigma/ros2_ws/bin_picking_robot/install/cell_controller/share/ament_index/resource_index/package_run_dependencies/cell_controller
[58.619s] -- Installing: /home/vigma/ros2_ws/bin_picking_robot/install/cell_controller/share/ament_index/resource_index/parent_prefix_path/cell_controller
[58.624s] -- Installing: /home/vigma/ros2_ws/bin_picking_robot/install/cell_controller/share/cell_controller/environment/ament_prefix_path.sh
[58.626s] -- Installing: /home/vigma/ros2_ws/bin_picking_robot/install/cell_controller/share/cell_controller/environment/ament_prefix_path.dsv
[58.628s] -- Installing: /home/vigma/ros2_ws/bin_picking_robot/install/cell_controller/share/cell_controller/environment/path.sh
[58.629s] -- Installing: /home/vigma/ros2_ws/bin_picking_robot/install/cell_controller/share/cell_controller/environment/path.dsv
[58.630s] -- Installing: /home/vigma/ros2_ws/bin_picking_robot/install/cell_controller/share/cell_controller/local_setup.bash
[58.631s] -- Installing: /home/vigma/ros2_ws/bin_picking_robot/install/cell_controller/share/cell_controller/local_setup.sh
[58.632s] -- Installing: /home/vigma/ros2_ws/bin_picking_robot/install/cell_controller/share/cell_controller/local_setup.zsh
[58.633s] -- Installing: /home/vigma/ros2_ws/bin_picking_robot/install/cell_controller/share/cell_controller/local_setup.dsv
[58.634s] -- Installing: /home/vigma/ros2_ws/bin_picking_robot/install/cell_controller/share/cell_controller/package.dsv
[58.637s] -- Installing: /home/vigma/ros2_ws/bin_picking_robot/install/cell_controller/share/ament_index/resource_index/packages/cell_controller
[58.640s] -- Installing: /home/vigma/ros2_ws/bin_picking_robot/install/cell_controller/share/cell_controller/cmake/cell_controllerConfig.cmake
[58.641s] -- Installing: /home/vigma/ros2_ws/bin_picking_robot/install/cell_controller/share/cell_controller/cmake/cell_controllerConfig-version.cmake
[58.642s] -- Installing: /home/vigma/ros2_ws/bin_picking_robot/install/cell_controller/share/cell_controller/package.xml
[58.652s] Invoked command in '/home/vigma/ros2_ws/bin_picking_robot/build/cell_controller' returned '0': AMENT_PREFIX_PATH=/home/vigma/ros2_ws/bin_picking_robot/install/interfaces:${AMENT_PREFIX_PATH} CMAKE_PREFIX_PATH=/home/vigma/ros2_ws/bin_picking_robot/install/interfaces:/opt/ros/humble LD_LIBRARY_PATH=/home/vigma/ros2_ws/bin_picking_robot/install/interfaces/lib:${LD_LIBRARY_PATH} PYTHONPATH=/home/vigma/ros2_ws/bin_picking_robot/install/interfaces/local/lib/python3.10/dist-packages:${PYTHONPATH} /usr/bin/cmake --install /home/vigma/ros2_ws/bin_picking_robot/build/cell_controller
