[0.166s] Invoking command in '/home/vigma/ros2_ws/build/barcode_node': CMAKE_PREFIX_PATH=${CMAKE_PREFIX_PATH}:/opt/ros/humble /usr/bin/cmake --build /home/vigma/ros2_ws/build/barcode_node -- -j16 -l16
[0.421s] [35m[1mConsolidate compiler generated dependencies of target barcode_node[0m
[0.511s] [100%] Built target barcode_node
[0.573s] Invoked command in '/home/vigma/ros2_ws/build/barcode_node' returned '0': CMAKE_PREFIX_PATH=${CMAKE_PREFIX_PATH}:/opt/ros/humble /usr/bin/cmake --build /home/vigma/ros2_ws/build/barcode_node -- -j16 -l16
[0.612s] Invoking command in '/home/vigma/ros2_ws/build/barcode_node': CMAKE_PREFIX_PATH=${CMAKE_PREFIX_PATH}:/opt/ros/humble /usr/bin/cmake --install /home/vigma/ros2_ws/build/barcode_node
[0.653s] -- Install configuration: ""
[0.658s] -- Up-to-date: /home/vigma/ros2_ws/install/barcode_node/lib/barcode_node/barcode_node
[0.661s] -- Up-to-date: /home/vigma/ros2_ws/install/barcode_node/share/ament_index/resource_index/package_run_dependencies/barcode_node
[0.664s] -- Up-to-date: /home/vigma/ros2_ws/install/barcode_node/share/ament_index/resource_index/parent_prefix_path/barcode_node
[0.670s] -- Up-to-date: /home/vigma/ros2_ws/install/barcode_node/share/barcode_node/environment/ament_prefix_path.sh
[0.680s] -- Up-to-date: /home/vigma/ros2_ws/install/barcode_node/share/barcode_node/environment/ament_prefix_path.dsv
[0.682s] -- Up-to-date: /home/vigma/ros2_ws/install/barcode_node/share/barcode_node/environment/path.sh
[0.686s] -- Up-to-date: /home/vigma/ros2_ws/install/barcode_node/share/barcode_node/environment/path.dsv
[0.688s] -- Up-to-date: /home/vigma/ros2_ws/install/barcode_node/share/barcode_node/local_setup.bash
[0.689s] -- Up-to-date: /home/vigma/ros2_ws/install/barcode_node/share/barcode_node/local_setup.sh
[0.690s] -- Up-to-date: /home/vigma/ros2_ws/install/barcode_node/share/barcode_node/local_setup.zsh
[0.692s] -- Up-to-date: /home/vigma/ros2_ws/install/barcode_node/share/barcode_node/local_setup.dsv
[0.693s] -- Installing: /home/vigma/ros2_ws/install/barcode_node/share/barcode_node/package.dsv
[0.695s] -- Up-to-date: /home/vigma/ros2_ws/install/barcode_node/share/ament_index/resource_index/packages/barcode_node
[0.700s] -- Up-to-date: /home/vigma/ros2_ws/install/barcode_node/share/barcode_node/cmake/barcode_nodeConfig.cmake
[0.703s] -- Up-to-date: /home/vigma/ros2_ws/install/barcode_node/share/barcode_node/cmake/barcode_nodeConfig-version.cmake
[0.706s] -- Up-to-date: /home/vigma/ros2_ws/install/barcode_node/share/barcode_node/package.xml
[0.772s] Invoked command in '/home/vigma/ros2_ws/build/barcode_node' returned '0': CMAKE_PREFIX_PATH=${CMAKE_PREFIX_PATH}:/opt/ros/humble /usr/bin/cmake --install /home/vigma/ros2_ws/build/barcode_node
