[0.243s] Invoking command in '/home/vigma/ros2_ws/bin_picking_robot/build/door_node': AMENT_PREFIX_PATH=/home/vigma/ros2_ws/bin_picking_robot/install/interfaces:${AMENT_PREFIX_PATH} CMAKE_PREFIX_PATH=/home/vigma/ros2_ws/bin_picking_robot/install/interfaces:/opt/ros/humble LD_LIBRARY_PATH=/home/vigma/ros2_ws/bin_picking_robot/install/interfaces/lib:${LD_LIBRARY_PATH} PYTHONPATH=/home/vigma/ros2_ws/bin_picking_robot/install/interfaces/local/lib/python3.10/dist-packages:${PYTHONPATH} /usr/bin/cmake /home/vigma/ros2_ws/bin_picking_robot/src/door_node -DCMAKE_INSTALL_PREFIX=/home/vigma/ros2_ws/bin_picking_robot/install/door_node
[0.602s] -- The C compiler identification is GNU 11.4.0
[1.720s] -- The CXX compiler identification is GNU 11.4.0
[2.542s] -- Detecting C compiler ABI info
[3.075s] -- Detecting C compiler ABI info - done
[3.101s] -- Check for working C compiler: /usr/bin/cc - skipped
[3.102s] -- Detecting C compile features
[3.104s] -- Detecting C compile features - done
[3.121s] -- Detecting CXX compiler ABI info
[3.637s] -- Detecting CXX compiler ABI info - done
[3.660s] -- Check for working CXX compiler: /usr/bin/c++ - skipped
[3.661s] -- Detecting CXX compile features
[3.662s] -- Detecting CXX compile features - done
[3.672s] -- Found ament_cmake: 1.3.14 (/opt/ros/humble/share/ament_cmake/cmake)
[4.218s] -- Found Python3: /usr/bin/python3 (found version "3.10.12") found components: Interpreter 
[4.537s] -- Found rclcpp: 16.0.19 (/opt/ros/humble/share/rclcpp/cmake)
[5.029s] -- Found rosidl_generator_c: 3.1.8 (/opt/ros/humble/share/rosidl_generator_c/cmake)
[5.045s] -- Found rosidl_adapter: 3.1.8 (/opt/ros/humble/share/rosidl_adapter/cmake)
[5.070s] -- Found rosidl_generator_cpp: 3.1.8 (/opt/ros/humble/share/rosidl_generator_cpp/cmake)
[5.107s] -- Using all available rosidl_typesupport_c: rosidl_typesupport_fastrtps_c;rosidl_typesupport_introspection_c
[5.162s] -- Using all available rosidl_typesupport_cpp: rosidl_typesupport_fastrtps_cpp;rosidl_typesupport_introspection_cpp
[5.309s] -- Found rmw_implementation_cmake: 6.1.2 (/opt/ros/humble/share/rmw_implementation_cmake/cmake)
[5.321s] -- Found rmw_fastrtps_cpp: 6.2.10 (/opt/ros/humble/share/rmw_fastrtps_cpp/cmake)
[7.324s] -- Found OpenSSL: /usr/lib/x86_64-linux-gnu/libcrypto.so (found version "3.0.2")  
[9.281s] -- Found FastRTPS: /opt/ros/humble/include  
[13.148s] -- Using RMW implementation 'rmw_fastrtps_cpp' as default
[13.204s] -- Looking for pthread.h
[13.638s] -- Looking for pthread.h - found
[13.639s] -- Performing Test CMAKE_HAVE_LIBC_PTHREAD
[14.073s] -- Performing Test CMAKE_HAVE_LIBC_PTHREAD - Success
[14.079s] -- Found Threads: TRUE  
[14.306s] -- Found interfaces: 0.0.1 (/home/vigma/ros2_ws/bin_picking_robot/install/interfaces/share/interfaces/cmake)
[14.594s] -- Configuring done
[14.650s] -- Generating done
[14.664s] -- Build files have been written to: /home/vigma/ros2_ws/bin_picking_robot/build/door_node
[14.702s] Invoked command in '/home/vigma/ros2_ws/bin_picking_robot/build/door_node' returned '0': AMENT_PREFIX_PATH=/home/vigma/ros2_ws/bin_picking_robot/install/interfaces:${AMENT_PREFIX_PATH} CMAKE_PREFIX_PATH=/home/vigma/ros2_ws/bin_picking_robot/install/interfaces:/opt/ros/humble LD_LIBRARY_PATH=/home/vigma/ros2_ws/bin_picking_robot/install/interfaces/lib:${LD_LIBRARY_PATH} PYTHONPATH=/home/vigma/ros2_ws/bin_picking_robot/install/interfaces/local/lib/python3.10/dist-packages:${PYTHONPATH} /usr/bin/cmake /home/vigma/ros2_ws/bin_picking_robot/src/door_node -DCMAKE_INSTALL_PREFIX=/home/vigma/ros2_ws/bin_picking_robot/install/door_node
[14.707s] Invoking command in '/home/vigma/ros2_ws/bin_picking_robot/build/door_node': AMENT_PREFIX_PATH=/home/vigma/ros2_ws/bin_picking_robot/install/interfaces:${AMENT_PREFIX_PATH} CMAKE_PREFIX_PATH=/home/vigma/ros2_ws/bin_picking_robot/install/interfaces:/opt/ros/humble LD_LIBRARY_PATH=/home/vigma/ros2_ws/bin_picking_robot/install/interfaces/lib:${LD_LIBRARY_PATH} PYTHONPATH=/home/vigma/ros2_ws/bin_picking_robot/install/interfaces/local/lib/python3.10/dist-packages:${PYTHONPATH} /usr/bin/cmake --build /home/vigma/ros2_ws/bin_picking_robot/build/door_node -- -j16 -l16
[14.878s] [ 50%] [32mBuilding CXX object CMakeFiles/door_node.dir/src/door_node.cpp.o[0m
[33.630s] [100%] [32m[1mLinking CXX executable door_node[0m
[34.757s] [100%] Built target door_node
[34.804s] Invoked command in '/home/vigma/ros2_ws/bin_picking_robot/build/door_node' returned '0': AMENT_PREFIX_PATH=/home/vigma/ros2_ws/bin_picking_robot/install/interfaces:${AMENT_PREFIX_PATH} CMAKE_PREFIX_PATH=/home/vigma/ros2_ws/bin_picking_robot/install/interfaces:/opt/ros/humble LD_LIBRARY_PATH=/home/vigma/ros2_ws/bin_picking_robot/install/interfaces/lib:${LD_LIBRARY_PATH} PYTHONPATH=/home/vigma/ros2_ws/bin_picking_robot/install/interfaces/local/lib/python3.10/dist-packages:${PYTHONPATH} /usr/bin/cmake --build /home/vigma/ros2_ws/bin_picking_robot/build/door_node -- -j16 -l16
[34.811s] Invoking command in '/home/vigma/ros2_ws/bin_picking_robot/build/door_node': AMENT_PREFIX_PATH=/home/vigma/ros2_ws/bin_picking_robot/install/interfaces:${AMENT_PREFIX_PATH} CMAKE_PREFIX_PATH=/home/vigma/ros2_ws/bin_picking_robot/install/interfaces:/opt/ros/humble LD_LIBRARY_PATH=/home/vigma/ros2_ws/bin_picking_robot/install/interfaces/lib:${LD_LIBRARY_PATH} PYTHONPATH=/home/vigma/ros2_ws/bin_picking_robot/install/interfaces/local/lib/python3.10/dist-packages:${PYTHONPATH} /usr/bin/cmake --install /home/vigma/ros2_ws/bin_picking_robot/build/door_node
[34.847s] -- Install configuration: ""
[34.853s] -- Installing: /home/vigma/ros2_ws/bin_picking_robot/install/door_node/lib/door_node/door_node
[34.863s] -- Set runtime path of "/home/vigma/ros2_ws/bin_picking_robot/install/door_node/lib/door_node/door_node" to ""
[34.872s] -- Installing: /home/vigma/ros2_ws/bin_picking_robot/install/door_node/share/ament_index/resource_index/package_run_dependencies/door_node
[34.876s] -- Installing: /home/vigma/ros2_ws/bin_picking_robot/install/door_node/share/ament_index/resource_index/parent_prefix_path/door_node
[34.882s] -- Installing: /home/vigma/ros2_ws/bin_picking_robot/install/door_node/share/door_node/environment/ament_prefix_path.sh
[34.883s] -- Installing: /home/vigma/ros2_ws/bin_picking_robot/install/door_node/share/door_node/environment/ament_prefix_path.dsv
[34.883s] -- Installing: /home/vigma/ros2_ws/bin_picking_robot/install/door_node/share/door_node/environment/path.sh
[34.885s] -- Installing: /home/vigma/ros2_ws/bin_picking_robot/install/door_node/share/door_node/environment/path.dsv
[34.886s] -- Installing: /home/vigma/ros2_ws/bin_picking_robot/install/door_node/share/door_node/local_setup.bash
[34.887s] -- Installing: /home/vigma/ros2_ws/bin_picking_robot/install/door_node/share/door_node/local_setup.sh
[34.888s] -- Installing: /home/vigma/ros2_ws/bin_picking_robot/install/door_node/share/door_node/local_setup.zsh
[34.889s] -- Installing: /home/vigma/ros2_ws/bin_picking_robot/install/door_node/share/door_node/local_setup.dsv
[34.890s] -- Installing: /home/vigma/ros2_ws/bin_picking_robot/install/door_node/share/door_node/package.dsv
[34.894s] -- Installing: /home/vigma/ros2_ws/bin_picking_robot/install/door_node/share/ament_index/resource_index/packages/door_node
[34.897s] -- Installing: /home/vigma/ros2_ws/bin_picking_robot/install/door_node/share/door_node/cmake/door_nodeConfig.cmake
[34.898s] -- Installing: /home/vigma/ros2_ws/bin_picking_robot/install/door_node/share/door_node/cmake/door_nodeConfig-version.cmake
[34.899s] -- Installing: /home/vigma/ros2_ws/bin_picking_robot/install/door_node/share/door_node/package.xml
[34.908s] Invoked command in '/home/vigma/ros2_ws/bin_picking_robot/build/door_node' returned '0': AMENT_PREFIX_PATH=/home/vigma/ros2_ws/bin_picking_robot/install/interfaces:${AMENT_PREFIX_PATH} CMAKE_PREFIX_PATH=/home/vigma/ros2_ws/bin_picking_robot/install/interfaces:/opt/ros/humble LD_LIBRARY_PATH=/home/vigma/ros2_ws/bin_picking_robot/install/interfaces/lib:${LD_LIBRARY_PATH} PYTHONPATH=/home/vigma/ros2_ws/bin_picking_robot/install/interfaces/local/lib/python3.10/dist-packages:${PYTHONPATH} /usr/bin/cmake --install /home/vigma/ros2_ws/bin_picking_robot/build/door_node
