[0.148s] Invoking command in '/home/vigma/ros2_ws/build/stacklight_node': CMAKE_PREFIX_PATH=/opt/ros/humble /usr/bin/cmake /home/vigma/ros2_ws/src/stacklight_node -DCMAKE_INSTALL_PREFIX=/home/vigma/ros2_ws/install/stacklight_node
[0.772s] -- The C compiler identification is GNU 11.4.0
[1.915s] -- The CXX compiler identification is GNU 11.4.0
[2.681s] -- Detecting C compiler ABI info
[3.173s] -- Detecting C compiler ABI info - done
[3.201s] -- Check for working C compiler: /usr/bin/cc - skipped
[3.202s] -- Detecting C compile features
[3.203s] -- Detecting C compile features - done
[3.214s] -- Detecting CXX compiler ABI info
[3.766s] -- Detecting CXX compiler ABI info - done
[3.804s] -- Check for working CXX compiler: /usr/bin/c++ - skipped
[3.806s] -- Detecting CXX compile features
[3.807s] -- Detecting CXX compile features - done
[3.817s] -- Found ament_cmake: 1.3.14 (/opt/ros/humble/share/ament_cmake/cmake)
[4.312s] -- Found Python3: /usr/bin/python3 (found version "3.10.12") found components: Interpreter 
[4.621s] -- Found rclcpp: 16.0.19 (/opt/ros/humble/share/rclcpp/cmake)
[5.124s] -- Found rosidl_generator_c: 3.1.8 (/opt/ros/humble/share/rosidl_generator_c/cmake)
[5.139s] -- Found rosidl_adapter: 3.1.8 (/opt/ros/humble/share/rosidl_adapter/cmake)
[5.164s] -- Found rosidl_generator_cpp: 3.1.8 (/opt/ros/humble/share/rosidl_generator_cpp/cmake)
[5.212s] -- Using all available rosidl_typesupport_c: rosidl_typesupport_fastrtps_c;rosidl_typesupport_introspection_c
[5.270s] -- Using all available rosidl_typesupport_cpp: rosidl_typesupport_fastrtps_cpp;rosidl_typesupport_introspection_cpp
[5.458s] -- Found rmw_implementation_cmake: 6.1.2 (/opt/ros/humble/share/rmw_implementation_cmake/cmake)
[5.470s] -- Found rmw_fastrtps_cpp: 6.2.10 (/opt/ros/humble/share/rmw_fastrtps_cpp/cmake)
[9.307s] -- Found OpenSSL: /usr/lib/x86_64-linux-gnu/libcrypto.so (found version "3.0.2")  
[11.380s] -- Found FastRTPS: /opt/ros/humble/include  
[18.145s] -- Using RMW implementation 'rmw_fastrtps_cpp' as default
[18.171s] -- Looking for pthread.h
[18.736s] -- Looking for pthread.h - found
[18.739s] -- Performing Test CMAKE_HAVE_LIBC_PTHREAD
[19.253s] -- Performing Test CMAKE_HAVE_LIBC_PTHREAD - Success
[19.256s] -- Found Threads: TRUE  
[19.419s] -- Found ament_lint_auto: 0.12.15 (/opt/ros/humble/share/ament_lint_auto/cmake)
[19.696s] -- Added test 'cppcheck' to perform static code analysis on C / C++ code
[19.696s] -- Configured cppcheck include dirs: 
[19.697s] -- Configured cppcheck exclude dirs and/or files: 
[19.700s] -- Added test 'lint_cmake' to check CMake code style
[19.704s] -- Added test 'uncrustify' to check C / C++ code style
[19.705s] -- Configured uncrustify additional arguments: 
[19.707s] -- Added test 'xmllint' to check XML markup files
[19.716s] -- Configuring done
[19.780s] -- Generating done
[19.807s] -- Build files have been written to: /home/vigma/ros2_ws/build/stacklight_node
[19.845s] Invoked command in '/home/vigma/ros2_ws/build/stacklight_node' returned '0': CMAKE_PREFIX_PATH=/opt/ros/humble /usr/bin/cmake /home/vigma/ros2_ws/src/stacklight_node -DCMAKE_INSTALL_PREFIX=/home/vigma/ros2_ws/install/stacklight_node
[19.851s] Invoking command in '/home/vigma/ros2_ws/build/stacklight_node': CMAKE_PREFIX_PATH=/opt/ros/humble /usr/bin/cmake --build /home/vigma/ros2_ws/build/stacklight_node -- -j16 -l16
[20.055s] [ 50%] [32mBuilding CXX object CMakeFiles/stacklight_node.dir/src/stacklight_node.cpp.o[0m
[30.205s] [100%] [32m[1mLinking CXX executable stacklight_node[0m
[30.823s] [100%] Built target stacklight_node
[30.884s] Invoked command in '/home/vigma/ros2_ws/build/stacklight_node' returned '0': CMAKE_PREFIX_PATH=/opt/ros/humble /usr/bin/cmake --build /home/vigma/ros2_ws/build/stacklight_node -- -j16 -l16
[30.893s] Invoking command in '/home/vigma/ros2_ws/build/stacklight_node': CMAKE_PREFIX_PATH=/opt/ros/humble /usr/bin/cmake --install /home/vigma/ros2_ws/build/stacklight_node
[30.921s] -- Install configuration: ""
[30.930s] -- Installing: /home/vigma/ros2_ws/install/stacklight_node/share/ament_index/resource_index/package_run_dependencies/stacklight_node
[30.933s] -- Installing: /home/vigma/ros2_ws/install/stacklight_node/share/ament_index/resource_index/parent_prefix_path/stacklight_node
[30.938s] -- Installing: /home/vigma/ros2_ws/install/stacklight_node/share/stacklight_node/environment/ament_prefix_path.sh
[30.939s] -- Installing: /home/vigma/ros2_ws/install/stacklight_node/share/stacklight_node/environment/ament_prefix_path.dsv
[30.940s] -- Installing: /home/vigma/ros2_ws/install/stacklight_node/share/stacklight_node/environment/path.sh
[30.941s] -- Installing: /home/vigma/ros2_ws/install/stacklight_node/share/stacklight_node/environment/path.dsv
[30.943s] -- Installing: /home/vigma/ros2_ws/install/stacklight_node/share/stacklight_node/local_setup.bash
[30.944s] -- Installing: /home/vigma/ros2_ws/install/stacklight_node/share/stacklight_node/local_setup.sh
[30.945s] -- Installing: /home/vigma/ros2_ws/install/stacklight_node/share/stacklight_node/local_setup.zsh
[30.946s] -- Installing: /home/vigma/ros2_ws/install/stacklight_node/share/stacklight_node/local_setup.dsv
[30.948s] -- Installing: /home/vigma/ros2_ws/install/stacklight_node/share/stacklight_node/package.dsv
[30.951s] -- Installing: /home/vigma/ros2_ws/install/stacklight_node/share/ament_index/resource_index/packages/stacklight_node
[30.954s] -- Installing: /home/vigma/ros2_ws/install/stacklight_node/share/stacklight_node/cmake/stacklight_nodeConfig.cmake
[30.955s] -- Installing: /home/vigma/ros2_ws/install/stacklight_node/share/stacklight_node/cmake/stacklight_nodeConfig-version.cmake
[30.955s] -- Installing: /home/vigma/ros2_ws/install/stacklight_node/share/stacklight_node/package.xml
[30.963s] -- Installing: /home/vigma/ros2_ws/install/stacklight_node/lib/stacklight_node/stacklight_node
[30.967s] -- Set runtime path of "/home/vigma/ros2_ws/install/stacklight_node/lib/stacklight_node/stacklight_node" to ""
[30.977s] Invoked command in '/home/vigma/ros2_ws/build/stacklight_node' returned '0': CMAKE_PREFIX_PATH=/opt/ros/humble /usr/bin/cmake --install /home/vigma/ros2_ws/build/stacklight_node
