-- The C compiler identification is GNU 11.4.0
-- The CXX compiler identification is GNU 11.4.0
-- Detecting C compiler ABI info
-- Detecting C compiler ABI info - done
-- Check for working C compiler: /usr/bin/cc - skipped
-- Detecting C compile features
-- Detecting C compile features - done
-- Detecting CXX compiler ABI info
-- Detecting CXX compiler ABI info - done
-- Check for working CXX compiler: /usr/bin/c++ - skipped
-- Detecting CXX compile features
-- Detecting CXX compile features - done
-- Found ament_cmake: 1.3.14 (/opt/ros/humble/share/ament_cmake/cmake)
-- Found Python3: /usr/bin/python3 (found version "3.10.12") found components: Interpreter 
-- Found rosidl_default_generators: 1.2.1 (/opt/ros/humble/share/rosidl_default_generators/cmake)
-- Using all available rosidl_typesupport_c: rosidl_typesupport_fastrtps_c;rosidl_typesupport_introspection_c
-- Found rosidl_adapter: 3.1.8 (/opt/ros/humble/share/rosidl_adapter/cmake)
-- Using all available rosidl_typesupport_cpp: rosidl_typesupport_fastrtps_cpp;rosidl_typesupport_introspection_cpp
-- Found std_msgs: 4.9.1 (/opt/ros/humble/share/std_msgs/cmake)
-- Found ament_cmake_ros: 0.10.0 (/opt/ros/humble/share/ament_cmake_ros/cmake)
-- Using all available rosidl_typesupport_c: rosidl_typesupport_fastrtps_c;rosidl_typesupport_introspection_c
-- Using all available rosidl_typesupport_cpp: rosidl_typesupport_fastrtps_cpp;rosidl_typesupport_introspection_cpp
-- Found PythonInterp: /usr/bin/python3 (found suitable version "3.10.12", minimum required is "3.6") 
-- Found python_cmake_module: 0.10.0 (/opt/ros/humble/share/python_cmake_module/cmake)
-- Found PythonLibs: /usr/lib/x86_64-linux-gnu/libpython3.10.so (found suitable version "3.10.12", minimum required is "3.5") 
-- Using PYTHON_EXECUTABLE: /usr/bin/python3
-- Using PYTHON_INCLUDE_DIRS: /usr/include/python3.10
-- Using PYTHON_LIBRARIES: /usr/lib/x86_64-linux-gnu/libpython3.10.so
-- Found PythonExtra: .so  
-- Configuring done
-- Generating done
-- Build files have been written to: /home/vigma/ros2_ws/bin_picking_robot/build/interfaces
[  1%] [34m[1mGenerating C code for ROS interfaces[0m
[  2%] [34m[1mGenerating Rust code for ROS interfaces[0m
[  3%] [34m[1mGenerating C++ code for ROS interfaces[0m
[  3%] Built target ament_cmake_python_copy_interfaces
running egg_info
creating interfaces.egg-info
writing interfaces.egg-info/PKG-INFO
writing dependency_links to interfaces.egg-info/dependency_links.txt
writing top-level names to interfaces.egg-info/top_level.txt
writing manifest file 'interfaces.egg-info/SOURCES.txt'
reading manifest file 'interfaces.egg-info/SOURCES.txt'
writing manifest file 'interfaces.egg-info/SOURCES.txt'
[  3%] Built target ament_cmake_python_build_interfaces_egg
[  3%] Built target interfaces__rs
[  4%] [32mBuilding C object CMakeFiles/interfaces__rosidl_generator_c.dir/rosidl_generator_c/interfaces/msg/detail/door_state__functions.c.o[0m
[  5%] [32mBuilding C object CMakeFiles/interfaces__rosidl_generator_c.dir/rosidl_generator_c/interfaces/msg/detail/barcode__functions.c.o[0m
[  6%] [32mBuilding C object CMakeFiles/interfaces__rosidl_generator_c.dir/rosidl_generator_c/interfaces/msg/detail/emergency_state__functions.c.o[0m
[  7%] [32mBuilding C object CMakeFiles/interfaces__rosidl_generator_c.dir/rosidl_generator_c/interfaces/msg/detail/stack_light__functions.c.o[0m
[  9%] [32mBuilding C object CMakeFiles/interfaces__rosidl_generator_c.dir/rosidl_generator_c/interfaces/srv/detail/get_barcode__functions.c.o[0m
[ 10%] [32mBuilding C object CMakeFiles/interfaces__rosidl_generator_c.dir/rosidl_generator_c/interfaces/srv/detail/toggle_door__functions.c.o[0m
[ 12%] [32mBuilding C object CMakeFiles/interfaces__rosidl_generator_c.dir/rosidl_generator_c/interfaces/srv/detail/press_emergency__functions.c.o[0m
[ 12%] [32mBuilding C object CMakeFiles/interfaces__rosidl_generator_c.dir/rosidl_generator_c/interfaces/srv/detail/reset_emergency__functions.c.o[0m
[ 12%] Built target interfaces__cpp
[ 13%] [34m[1mGenerating C++ type support for eProsima Fast-RTPS[0m
[ 14%] [34m[1mGenerating C++ type support dispatch for ROS interfaces[0m
[ 15%] [34m[1mGenerating C++ introspection for ROS interfaces[0m
[ 17%] [32m[1mLinking C shared library libinterfaces__rosidl_generator_c.so[0m
[ 17%] Built target interfaces__rosidl_generator_c
[ 19%] [34m[1mGenerating C introspection for ROS interfaces[0m
[ 19%] [34m[1mGenerating C type support for eProsima Fast-RTPS[0m
[ 20%] [34m[1mGenerating C type support dispatch for ROS interfaces[0m
[ 21%] [32mBuilding CXX object CMakeFiles/interfaces__rosidl_typesupport_cpp.dir/rosidl_typesupport_cpp/interfaces/msg/barcode__type_support.cpp.o[0m
[ 22%] [32mBuilding CXX object CMakeFiles/interfaces__rosidl_typesupport_cpp.dir/rosidl_typesupport_cpp/interfaces/msg/door_state__type_support.cpp.o[0m
[ 25%] [32mBuilding CXX object CMakeFiles/interfaces__rosidl_typesupport_cpp.dir/rosidl_typesupport_cpp/interfaces/msg/emergency_state__type_support.cpp.o[0m
[ 25%] [32mBuilding CXX object CMakeFiles/interfaces__rosidl_typesupport_cpp.dir/rosidl_typesupport_cpp/interfaces/msg/stack_light__type_support.cpp.o[0m
[ 26%] [32mBuilding CXX object CMakeFiles/interfaces__rosidl_typesupport_cpp.dir/rosidl_typesupport_cpp/interfaces/srv/press_emergency__type_support.cpp.o[0m
[ 28%] [32mBuilding CXX object CMakeFiles/interfaces__rosidl_typesupport_cpp.dir/rosidl_typesupport_cpp/interfaces/srv/get_barcode__type_support.cpp.o[0m
[ 28%] [32mBuilding CXX object CMakeFiles/interfaces__rosidl_typesupport_cpp.dir/rosidl_typesupport_cpp/interfaces/srv/reset_emergency__type_support.cpp.o[0m
[ 29%] [32mBuilding CXX object CMakeFiles/interfaces__rosidl_typesupport_cpp.dir/rosidl_typesupport_cpp/interfaces/srv/toggle_door__type_support.cpp.o[0m
[ 30%] [32mBuilding CXX object CMakeFiles/interfaces__rosidl_typesupport_introspection_cpp.dir/rosidl_typesupport_introspection_cpp/interfaces/msg/detail/emergency_state__type_support.cpp.o[0m
[ 31%] [32mBuilding CXX object CMakeFiles/interfaces__rosidl_typesupport_introspection_cpp.dir/rosidl_typesupport_introspection_cpp/interfaces/msg/detail/door_state__type_support.cpp.o[0m
[ 32%] [32mBuilding CXX object CMakeFiles/interfaces__rosidl_typesupport_introspection_cpp.dir/rosidl_typesupport_introspection_cpp/interfaces/msg/detail/barcode__type_support.cpp.o[0m
[ 34%] [32mBuilding CXX object CMakeFiles/interfaces__rosidl_typesupport_introspection_cpp.dir/rosidl_typesupport_introspection_cpp/interfaces/msg/detail/stack_light__type_support.cpp.o[0m
[ 35%] [32mBuilding CXX object CMakeFiles/interfaces__rosidl_typesupport_c.dir/rosidl_typesupport_c/interfaces/msg/barcode__type_support.cpp.o[0m
[ 36%] [32mBuilding CXX object CMakeFiles/interfaces__rosidl_typesupport_c.dir/rosidl_typesupport_c/interfaces/msg/door_state__type_support.cpp.o[0m
[ 37%] [32mBuilding CXX object CMakeFiles/interfaces__rosidl_typesupport_fastrtps_cpp.dir/rosidl_typesupport_fastrtps_cpp/interfaces/msg/detail/dds_fastrtps/barcode__type_support.cpp.o[0m
[ 38%] [32mBuilding CXX object CMakeFiles/interfaces__rosidl_typesupport_c.dir/rosidl_typesupport_c/interfaces/msg/emergency_state__type_support.cpp.o[0m
[ 39%] [32mBuilding CXX object CMakeFiles/interfaces__rosidl_typesupport_c.dir/rosidl_typesupport_c/interfaces/msg/stack_light__type_support.cpp.o[0m
[ 40%] [32mBuilding CXX object CMakeFiles/interfaces__rosidl_typesupport_fastrtps_cpp.dir/rosidl_typesupport_fastrtps_cpp/interfaces/msg/detail/dds_fastrtps/door_state__type_support.cpp.o[0m
[ 42%] [32mBuilding CXX object CMakeFiles/interfaces__rosidl_typesupport_c.dir/rosidl_typesupport_c/interfaces/srv/get_barcode__type_support.cpp.o[0m
[ 43%] [32mBuilding CXX object CMakeFiles/interfaces__rosidl_typesupport_c.dir/rosidl_typesupport_c/interfaces/srv/toggle_door__type_support.cpp.o[0m
[ 44%] [32mBuilding CXX object CMakeFiles/interfaces__rosidl_typesupport_fastrtps_cpp.dir/rosidl_typesupport_fastrtps_cpp/interfaces/msg/detail/dds_fastrtps/emergency_state__type_support.cpp.o[0m
[ 45%] [32mBuilding CXX object CMakeFiles/interfaces__rosidl_typesupport_introspection_cpp.dir/rosidl_typesupport_introspection_cpp/interfaces/srv/detail/get_barcode__type_support.cpp.o[0m
[ 46%] [32mBuilding CXX object CMakeFiles/interfaces__rosidl_typesupport_introspection_cpp.dir/rosidl_typesupport_introspection_cpp/interfaces/srv/detail/toggle_door__type_support.cpp.o[0m
[ 47%] [32mBuilding CXX object CMakeFiles/interfaces__rosidl_typesupport_introspection_cpp.dir/rosidl_typesupport_introspection_cpp/interfaces/srv/detail/press_emergency__type_support.cpp.o[0m
[ 48%] [32mBuilding CXX object CMakeFiles/interfaces__rosidl_typesupport_c.dir/rosidl_typesupport_c/interfaces/srv/press_emergency__type_support.cpp.o[0m
[ 50%] [32m[1mLinking CXX shared library libinterfaces__rosidl_typesupport_cpp.so[0m
[ 51%] [32mBuilding CXX object CMakeFiles/interfaces__rosidl_typesupport_fastrtps_cpp.dir/rosidl_typesupport_fastrtps_cpp/interfaces/msg/detail/dds_fastrtps/stack_light__type_support.cpp.o[0m
[ 52%] [32mBuilding C object CMakeFiles/interfaces__rosidl_typesupport_introspection_c.dir/rosidl_typesupport_introspection_c/interfaces/msg/detail/barcode__type_support.c.o[0m
[ 53%] [32mBuilding CXX object CMakeFiles/interfaces__rosidl_typesupport_c.dir/rosidl_typesupport_c/interfaces/srv/reset_emergency__type_support.cpp.o[0m
[ 54%] [32mBuilding CXX object CMakeFiles/interfaces__rosidl_typesupport_introspection_cpp.dir/rosidl_typesupport_introspection_cpp/interfaces/srv/detail/reset_emergency__type_support.cpp.o[0m
[ 55%] [32m[1mLinking CXX shared library libinterfaces__rosidl_typesupport_c.so[0m
[ 56%] [32mBuilding C object CMakeFiles/interfaces__rosidl_typesupport_introspection_c.dir/rosidl_typesupport_introspection_c/interfaces/msg/detail/door_state__type_support.c.o[0m
[ 57%] [32mBuilding CXX object CMakeFiles/interfaces__rosidl_typesupport_fastrtps_c.dir/rosidl_typesupport_fastrtps_c/interfaces/msg/detail/barcode__type_support_c.cpp.o[0m
[ 59%] [32mBuilding C object CMakeFiles/interfaces__rosidl_typesupport_introspection_c.dir/rosidl_typesupport_introspection_c/interfaces/msg/detail/emergency_state__type_support.c.o[0m
[ 60%] [32mBuilding CXX object CMakeFiles/interfaces__rosidl_typesupport_fastrtps_cpp.dir/rosidl_typesupport_fastrtps_cpp/interfaces/srv/detail/dds_fastrtps/get_barcode__type_support.cpp.o[0m
[ 60%] Built target interfaces__rosidl_typesupport_cpp
[ 61%] [32mBuilding CXX object CMakeFiles/interfaces__rosidl_typesupport_fastrtps_cpp.dir/rosidl_typesupport_fastrtps_cpp/interfaces/srv/detail/dds_fastrtps/toggle_door__type_support.cpp.o[0m
[ 62%] [32mBuilding C object CMakeFiles/interfaces__rosidl_typesupport_introspection_c.dir/rosidl_typesupport_introspection_c/interfaces/msg/detail/stack_light__type_support.c.o[0m
[ 63%] [32mBuilding CXX object CMakeFiles/interfaces__rosidl_typesupport_fastrtps_c.dir/rosidl_typesupport_fastrtps_c/interfaces/msg/detail/door_state__type_support_c.cpp.o[0m
[ 64%] [32mBuilding CXX object CMakeFiles/interfaces__rosidl_typesupport_fastrtps_cpp.dir/rosidl_typesupport_fastrtps_cpp/interfaces/srv/detail/dds_fastrtps/press_emergency__type_support.cpp.o[0m
[ 65%] [32mBuilding C object CMakeFiles/interfaces__rosidl_typesupport_introspection_c.dir/rosidl_typesupport_introspection_c/interfaces/srv/detail/get_barcode__type_support.c.o[0m
[ 67%] [32mBuilding CXX object CMakeFiles/interfaces__rosidl_typesupport_fastrtps_cpp.dir/rosidl_typesupport_fastrtps_cpp/interfaces/srv/detail/dds_fastrtps/reset_emergency__type_support.cpp.o[0m
[ 67%] Built target interfaces__rosidl_typesupport_c
[ 68%] [32mBuilding CXX object CMakeFiles/interfaces__rosidl_typesupport_fastrtps_c.dir/rosidl_typesupport_fastrtps_c/interfaces/msg/detail/emergency_state__type_support_c.cpp.o[0m
[ 69%] [32mBuilding C object CMakeFiles/interfaces__rosidl_typesupport_introspection_c.dir/rosidl_typesupport_introspection_c/interfaces/srv/detail/toggle_door__type_support.c.o[0m
[ 70%] [32mBuilding C object CMakeFiles/interfaces__rosidl_typesupport_introspection_c.dir/rosidl_typesupport_introspection_c/interfaces/srv/detail/press_emergency__type_support.c.o[0m
[ 71%] [32mBuilding C object CMakeFiles/interfaces__rosidl_typesupport_introspection_c.dir/rosidl_typesupport_introspection_c/interfaces/srv/detail/reset_emergency__type_support.c.o[0m
[ 72%] [32m[1mLinking C shared library libinterfaces__rosidl_typesupport_introspection_c.so[0m
[ 73%] [32mBuilding CXX object CMakeFiles/interfaces__rosidl_typesupport_fastrtps_c.dir/rosidl_typesupport_fastrtps_c/interfaces/msg/detail/stack_light__type_support_c.cpp.o[0m
[ 75%] [32mBuilding CXX object CMakeFiles/interfaces__rosidl_typesupport_fastrtps_c.dir/rosidl_typesupport_fastrtps_c/interfaces/srv/detail/get_barcode__type_support_c.cpp.o[0m
[ 76%] [32mBuilding CXX object CMakeFiles/interfaces__rosidl_typesupport_fastrtps_c.dir/rosidl_typesupport_fastrtps_c/interfaces/srv/detail/toggle_door__type_support_c.cpp.o[0m
[ 77%] [32mBuilding CXX object CMakeFiles/interfaces__rosidl_typesupport_fastrtps_c.dir/rosidl_typesupport_fastrtps_c/interfaces/srv/detail/press_emergency__type_support_c.cpp.o[0m
[ 77%] Built target interfaces__rosidl_typesupport_introspection_c
[ 78%] [32mBuilding CXX object CMakeFiles/interfaces__rosidl_typesupport_fastrtps_c.dir/rosidl_typesupport_fastrtps_c/interfaces/srv/detail/reset_emergency__type_support_c.cpp.o[0m
[ 79%] [32m[1mLinking CXX shared library libinterfaces__rosidl_typesupport_introspection_cpp.so[0m
[ 79%] Built target interfaces__rosidl_typesupport_introspection_cpp
[ 80%] [32m[1mLinking CXX shared library libinterfaces__rosidl_typesupport_fastrtps_cpp.so[0m
[ 80%] Built target interfaces__rosidl_typesupport_fastrtps_cpp
[ 81%] [32m[1mLinking CXX shared library libinterfaces__rosidl_typesupport_fastrtps_c.so[0m
[ 81%] Built target interfaces__rosidl_typesupport_fastrtps_c
[ 81%] Built target interfaces
[ 82%] [34m[1mGenerating Python code for ROS interfaces[0m
[ 82%] Built target interfaces__py
[ 84%] [32mBuilding C object CMakeFiles/interfaces__rosidl_generator_py.dir/rosidl_generator_py/interfaces/msg/_door_state_s.c.o[0m
[ 85%] [32mBuilding C object CMakeFiles/interfaces__rosidl_generator_py.dir/rosidl_generator_py/interfaces/msg/_barcode_s.c.o[0m
[ 87%] [32mBuilding C object CMakeFiles/interfaces__rosidl_generator_py.dir/rosidl_generator_py/interfaces/msg/_stack_light_s.c.o[0m
[ 87%] [32mBuilding C object CMakeFiles/interfaces__rosidl_generator_py.dir/rosidl_generator_py/interfaces/srv/_get_barcode_s.c.o[0m
[ 89%] [32mBuilding C object CMakeFiles/interfaces__rosidl_generator_py.dir/rosidl_generator_py/interfaces/msg/_emergency_state_s.c.o[0m
[ 89%] [32mBuilding C object CMakeFiles/interfaces__rosidl_generator_py.dir/rosidl_generator_py/interfaces/srv/_toggle_door_s.c.o[0m
[ 90%] [32mBuilding C object CMakeFiles/interfaces__rosidl_generator_py.dir/rosidl_generator_py/interfaces/srv/_reset_emergency_s.c.o[0m
[ 92%] [32mBuilding C object CMakeFiles/interfaces__rosidl_generator_py.dir/rosidl_generator_py/interfaces/srv/_press_emergency_s.c.o[0m
[ 93%] [32m[1mLinking C shared library rosidl_generator_py/interfaces/libinterfaces__rosidl_generator_py.so[0m
[ 93%] Built target interfaces__rosidl_generator_py
[ 95%] [32mBuilding C object CMakeFiles/interfaces__rosidl_typesupport_c__pyext.dir/rosidl_generator_py/interfaces/_interfaces_s.ep.rosidl_typesupport_c.c.o[0m
[ 95%] [32mBuilding C object CMakeFiles/interfaces__rosidl_typesupport_introspection_c__pyext.dir/rosidl_generator_py/interfaces/_interfaces_s.ep.rosidl_typesupport_introspection_c.c.o[0m
[ 96%] [32mBuilding C object CMakeFiles/interfaces__rosidl_typesupport_fastrtps_c__pyext.dir/rosidl_generator_py/interfaces/_interfaces_s.ep.rosidl_typesupport_fastrtps_c.c.o[0m
[ 97%] [32m[1mLinking C shared library rosidl_generator_py/interfaces/interfaces_s__rosidl_typesupport_fastrtps_c.cpython-310-x86_64-linux-gnu.so[0m
[ 98%] [32m[1mLinking C shared library rosidl_generator_py/interfaces/interfaces_s__rosidl_typesupport_introspection_c.cpython-310-x86_64-linux-gnu.so[0m
[100%] [32m[1mLinking C shared library rosidl_generator_py/interfaces/interfaces_s__rosidl_typesupport_c.cpython-310-x86_64-linux-gnu.so[0m
[100%] Built target interfaces__rosidl_typesupport_c__pyext
[100%] Built target interfaces__rosidl_typesupport_introspection_c__pyext
[100%] Built target interfaces__rosidl_typesupport_fastrtps_c__pyext
-- Install configuration: ""
-- Installing: /home/vigma/ros2_ws/bin_picking_robot/install/interfaces/share/ament_index/resource_index/rosidl_interfaces/interfaces
-- Installing: /home/vigma/ros2_ws/bin_picking_robot/install/interfaces/include/interfaces/interfaces
-- Installing: /home/vigma/ros2_ws/bin_picking_robot/install/interfaces/include/interfaces/interfaces/msg
-- Installing: /home/vigma/ros2_ws/bin_picking_robot/install/interfaces/include/interfaces/interfaces/msg/rosidl_generator_c__visibility_control.h
-- Installing: /home/vigma/ros2_ws/bin_picking_robot/install/interfaces/include/interfaces/interfaces/msg/door_state.h
-- Installing: /home/vigma/ros2_ws/bin_picking_robot/install/interfaces/include/interfaces/interfaces/msg/emergency_state.h
-- Installing: /home/vigma/ros2_ws/bin_picking_robot/install/interfaces/include/interfaces/interfaces/msg/stack_light.h
-- Installing: /home/vigma/ros2_ws/bin_picking_robot/install/interfaces/include/interfaces/interfaces/msg/barcode.h
-- Installing: /home/vigma/ros2_ws/bin_picking_robot/install/interfaces/include/interfaces/interfaces/msg/detail
-- Installing: /home/vigma/ros2_ws/bin_picking_robot/install/interfaces/include/interfaces/interfaces/msg/detail/emergency_state__struct.h
-- Installing: /home/vigma/ros2_ws/bin_picking_robot/install/interfaces/include/interfaces/interfaces/msg/detail/barcode__type_support.h
-- Installing: /home/vigma/ros2_ws/bin_picking_robot/install/interfaces/include/interfaces/interfaces/msg/detail/door_state__functions.c
-- Installing: /home/vigma/ros2_ws/bin_picking_robot/install/interfaces/include/interfaces/interfaces/msg/detail/stack_light__type_support.h
-- Installing: /home/vigma/ros2_ws/bin_picking_robot/install/interfaces/include/interfaces/interfaces/msg/detail/barcode__struct.h
-- Installing: /home/vigma/ros2_ws/bin_picking_robot/install/interfaces/include/interfaces/interfaces/msg/detail/barcode__functions.h
-- Installing: /home/vigma/ros2_ws/bin_picking_robot/install/interfaces/include/interfaces/interfaces/msg/detail/door_state__struct.h
-- Installing: /home/vigma/ros2_ws/bin_picking_robot/install/interfaces/include/interfaces/interfaces/msg/detail/barcode__functions.c
-- Installing: /home/vigma/ros2_ws/bin_picking_robot/install/interfaces/include/interfaces/interfaces/msg/detail/emergency_state__type_support.h
-- Installing: /home/vigma/ros2_ws/bin_picking_robot/install/interfaces/include/interfaces/interfaces/msg/detail/emergency_state__functions.c
-- Installing: /home/vigma/ros2_ws/bin_picking_robot/install/interfaces/include/interfaces/interfaces/msg/detail/stack_light__functions.h
-- Installing: /home/vigma/ros2_ws/bin_picking_robot/install/interfaces/include/interfaces/interfaces/msg/detail/stack_light__struct.h
-- Installing: /home/vigma/ros2_ws/bin_picking_robot/install/interfaces/include/interfaces/interfaces/msg/detail/stack_light__functions.c
-- Installing: /home/vigma/ros2_ws/bin_picking_robot/install/interfaces/include/interfaces/interfaces/msg/detail/door_state__type_support.h
-- Installing: /home/vigma/ros2_ws/bin_picking_robot/install/interfaces/include/interfaces/interfaces/msg/detail/door_state__functions.h
-- Installing: /home/vigma/ros2_ws/bin_picking_robot/install/interfaces/include/interfaces/interfaces/msg/detail/emergency_state__functions.h
-- Installing: /home/vigma/ros2_ws/bin_picking_robot/install/interfaces/include/interfaces/interfaces/srv
-- Installing: /home/vigma/ros2_ws/bin_picking_robot/install/interfaces/include/interfaces/interfaces/srv/get_barcode.h
-- Installing: /home/vigma/ros2_ws/bin_picking_robot/install/interfaces/include/interfaces/interfaces/srv/toggle_door.h
-- Installing: /home/vigma/ros2_ws/bin_picking_robot/install/interfaces/include/interfaces/interfaces/srv/press_emergency.h
-- Installing: /home/vigma/ros2_ws/bin_picking_robot/install/interfaces/include/interfaces/interfaces/srv/detail
-- Installing: /home/vigma/ros2_ws/bin_picking_robot/install/interfaces/include/interfaces/interfaces/srv/detail/reset_emergency__functions.h
-- Installing: /home/vigma/ros2_ws/bin_picking_robot/install/interfaces/include/interfaces/interfaces/srv/detail/toggle_door__struct.h
-- Installing: /home/vigma/ros2_ws/bin_picking_robot/install/interfaces/include/interfaces/interfaces/srv/detail/reset_emergency__type_support.h
-- Installing: /home/vigma/ros2_ws/bin_picking_robot/install/interfaces/include/interfaces/interfaces/srv/detail/get_barcode__struct.h
-- Installing: /home/vigma/ros2_ws/bin_picking_robot/install/interfaces/include/interfaces/interfaces/srv/detail/press_emergency__functions.h
-- Installing: /home/vigma/ros2_ws/bin_picking_robot/install/interfaces/include/interfaces/interfaces/srv/detail/toggle_door__type_support.h
-- Installing: /home/vigma/ros2_ws/bin_picking_robot/install/interfaces/include/interfaces/interfaces/srv/detail/reset_emergency__struct.h
-- Installing: /home/vigma/ros2_ws/bin_picking_robot/install/interfaces/include/interfaces/interfaces/srv/detail/press_emergency__struct.h
-- Installing: /home/vigma/ros2_ws/bin_picking_robot/install/interfaces/include/interfaces/interfaces/srv/detail/toggle_door__functions.c
-- Installing: /home/vigma/ros2_ws/bin_picking_robot/install/interfaces/include/interfaces/interfaces/srv/detail/get_barcode__functions.c
-- Installing: /home/vigma/ros2_ws/bin_picking_robot/install/interfaces/include/interfaces/interfaces/srv/detail/reset_emergency__functions.c
-- Installing: /home/vigma/ros2_ws/bin_picking_robot/install/interfaces/include/interfaces/interfaces/srv/detail/get_barcode__type_support.h
-- Installing: /home/vigma/ros2_ws/bin_picking_robot/install/interfaces/include/interfaces/interfaces/srv/detail/get_barcode__functions.h
-- Installing: /home/vigma/ros2_ws/bin_picking_robot/install/interfaces/include/interfaces/interfaces/srv/detail/toggle_door__functions.h
-- Installing: /home/vigma/ros2_ws/bin_picking_robot/install/interfaces/include/interfaces/interfaces/srv/detail/press_emergency__functions.c
-- Installing: /home/vigma/ros2_ws/bin_picking_robot/install/interfaces/include/interfaces/interfaces/srv/detail/press_emergency__type_support.h
-- Installing: /home/vigma/ros2_ws/bin_picking_robot/install/interfaces/include/interfaces/interfaces/srv/reset_emergency.h
-- Installing: /home/vigma/ros2_ws/bin_picking_robot/install/interfaces/share/interfaces/environment/library_path.sh
-- Installing: /home/vigma/ros2_ws/bin_picking_robot/install/interfaces/share/interfaces/environment/library_path.dsv
-- Installing: /home/vigma/ros2_ws/bin_picking_robot/install/interfaces/lib/libinterfaces__rosidl_generator_c.so
-- Set runtime path of "/home/vigma/ros2_ws/bin_picking_robot/install/interfaces/lib/libinterfaces__rosidl_generator_c.so" to ""
-- Up-to-date: /home/vigma/ros2_ws/bin_picking_robot/install/interfaces/include/interfaces/interfaces
-- Up-to-date: /home/vigma/ros2_ws/bin_picking_robot/install/interfaces/include/interfaces/interfaces/msg
-- Installing: /home/vigma/ros2_ws/bin_picking_robot/install/interfaces/include/interfaces/interfaces/msg/rosidl_typesupport_fastrtps_c__visibility_control.h
-- Up-to-date: /home/vigma/ros2_ws/bin_picking_robot/install/interfaces/include/interfaces/interfaces/msg/detail
-- Installing: /home/vigma/ros2_ws/bin_picking_robot/install/interfaces/include/interfaces/interfaces/msg/detail/stack_light__rosidl_typesupport_fastrtps_c.h
-- Installing: /home/vigma/ros2_ws/bin_picking_robot/install/interfaces/include/interfaces/interfaces/msg/detail/emergency_state__rosidl_typesupport_fastrtps_c.h
-- Installing: /home/vigma/ros2_ws/bin_picking_robot/install/interfaces/include/interfaces/interfaces/msg/detail/door_state__rosidl_typesupport_fastrtps_c.h
-- Installing: /home/vigma/ros2_ws/bin_picking_robot/install/interfaces/include/interfaces/interfaces/msg/detail/barcode__rosidl_typesupport_fastrtps_c.h
-- Up-to-date: /home/vigma/ros2_ws/bin_picking_robot/install/interfaces/include/interfaces/interfaces/srv
-- Up-to-date: /home/vigma/ros2_ws/bin_picking_robot/install/interfaces/include/interfaces/interfaces/srv/detail
-- Installing: /home/vigma/ros2_ws/bin_picking_robot/install/interfaces/include/interfaces/interfaces/srv/detail/toggle_door__rosidl_typesupport_fastrtps_c.h
-- Installing: /home/vigma/ros2_ws/bin_picking_robot/install/interfaces/include/interfaces/interfaces/srv/detail/reset_emergency__rosidl_typesupport_fastrtps_c.h
-- Installing: /home/vigma/ros2_ws/bin_picking_robot/install/interfaces/include/interfaces/interfaces/srv/detail/press_emergency__rosidl_typesupport_fastrtps_c.h
-- Installing: /home/vigma/ros2_ws/bin_picking_robot/install/interfaces/include/interfaces/interfaces/srv/detail/get_barcode__rosidl_typesupport_fastrtps_c.h
-- Installing: /home/vigma/ros2_ws/bin_picking_robot/install/interfaces/lib/libinterfaces__rosidl_typesupport_fastrtps_c.so
-- Set runtime path of "/home/vigma/ros2_ws/bin_picking_robot/install/interfaces/lib/libinterfaces__rosidl_typesupport_fastrtps_c.so" to ""
-- Up-to-date: /home/vigma/ros2_ws/bin_picking_robot/install/interfaces/include/interfaces/interfaces
-- Up-to-date: /home/vigma/ros2_ws/bin_picking_robot/install/interfaces/include/interfaces/interfaces/msg
-- Installing: /home/vigma/ros2_ws/bin_picking_robot/install/interfaces/include/interfaces/interfaces/msg/rosidl_typesupport_introspection_c__visibility_control.h
-- Up-to-date: /home/vigma/ros2_ws/bin_picking_robot/install/interfaces/include/interfaces/interfaces/msg/detail
-- Installing: /home/vigma/ros2_ws/bin_picking_robot/install/interfaces/include/interfaces/interfaces/msg/detail/stack_light__rosidl_typesupport_introspection_c.h
-- Installing: /home/vigma/ros2_ws/bin_picking_robot/install/interfaces/include/interfaces/interfaces/msg/detail/door_state__type_support.c
-- Installing: /home/vigma/ros2_ws/bin_picking_robot/install/interfaces/include/interfaces/interfaces/msg/detail/door_state__rosidl_typesupport_introspection_c.h
-- Installing: /home/vigma/ros2_ws/bin_picking_robot/install/interfaces/include/interfaces/interfaces/msg/detail/barcode__type_support.c
-- Installing: /home/vigma/ros2_ws/bin_picking_robot/install/interfaces/include/interfaces/interfaces/msg/detail/emergency_state__rosidl_typesupport_introspection_c.h
-- Installing: /home/vigma/ros2_ws/bin_picking_robot/install/interfaces/include/interfaces/interfaces/msg/detail/emergency_state__type_support.c
-- Installing: /home/vigma/ros2_ws/bin_picking_robot/install/interfaces/include/interfaces/interfaces/msg/detail/stack_light__type_support.c
-- Installing: /home/vigma/ros2_ws/bin_picking_robot/install/interfaces/include/interfaces/interfaces/msg/detail/barcode__rosidl_typesupport_introspection_c.h
-- Up-to-date: /home/vigma/ros2_ws/bin_picking_robot/install/interfaces/include/interfaces/interfaces/srv
-- Up-to-date: /home/vigma/ros2_ws/bin_picking_robot/install/interfaces/include/interfaces/interfaces/srv/detail
-- Installing: /home/vigma/ros2_ws/bin_picking_robot/install/interfaces/include/interfaces/interfaces/srv/detail/reset_emergency__rosidl_typesupport_introspection_c.h
-- Installing: /home/vigma/ros2_ws/bin_picking_robot/install/interfaces/include/interfaces/interfaces/srv/detail/toggle_door__type_support.c
-- Installing: /home/vigma/ros2_ws/bin_picking_robot/install/interfaces/include/interfaces/interfaces/srv/detail/reset_emergency__type_support.c
-- Installing: /home/vigma/ros2_ws/bin_picking_robot/install/interfaces/include/interfaces/interfaces/srv/detail/toggle_door__rosidl_typesupport_introspection_c.h
-- Installing: /home/vigma/ros2_ws/bin_picking_robot/install/interfaces/include/interfaces/interfaces/srv/detail/get_barcode__rosidl_typesupport_introspection_c.h
-- Installing: /home/vigma/ros2_ws/bin_picking_robot/install/interfaces/include/interfaces/interfaces/srv/detail/press_emergency__type_support.c
-- Installing: /home/vigma/ros2_ws/bin_picking_robot/install/interfaces/include/interfaces/interfaces/srv/detail/press_emergency__rosidl_typesupport_introspection_c.h
-- Installing: /home/vigma/ros2_ws/bin_picking_robot/install/interfaces/include/interfaces/interfaces/srv/detail/get_barcode__type_support.c
-- Installing: /home/vigma/ros2_ws/bin_picking_robot/install/interfaces/lib/libinterfaces__rosidl_typesupport_introspection_c.so
-- Set runtime path of "/home/vigma/ros2_ws/bin_picking_robot/install/interfaces/lib/libinterfaces__rosidl_typesupport_introspection_c.so" to ""
-- Installing: /home/vigma/ros2_ws/bin_picking_robot/install/interfaces/lib/libinterfaces__rosidl_typesupport_c.so
-- Set runtime path of "/home/vigma/ros2_ws/bin_picking_robot/install/interfaces/lib/libinterfaces__rosidl_typesupport_c.so" to ""
-- Up-to-date: /home/vigma/ros2_ws/bin_picking_robot/install/interfaces/include/interfaces/interfaces
-- Up-to-date: /home/vigma/ros2_ws/bin_picking_robot/install/interfaces/include/interfaces/interfaces/msg
-- Installing: /home/vigma/ros2_ws/bin_picking_robot/install/interfaces/include/interfaces/interfaces/msg/barcode.hpp
-- Installing: /home/vigma/ros2_ws/bin_picking_robot/install/interfaces/include/interfaces/interfaces/msg/rosidl_generator_cpp__visibility_control.hpp
-- Installing: /home/vigma/ros2_ws/bin_picking_robot/install/interfaces/include/interfaces/interfaces/msg/emergency_state.hpp
-- Installing: /home/vigma/ros2_ws/bin_picking_robot/install/interfaces/include/interfaces/interfaces/msg/stack_light.hpp
-- Installing: /home/vigma/ros2_ws/bin_picking_robot/install/interfaces/include/interfaces/interfaces/msg/door_state.hpp
-- Up-to-date: /home/vigma/ros2_ws/bin_picking_robot/install/interfaces/include/interfaces/interfaces/msg/detail
-- Installing: /home/vigma/ros2_ws/bin_picking_robot/install/interfaces/include/interfaces/interfaces/msg/detail/door_state__type_support.hpp
-- Installing: /home/vigma/ros2_ws/bin_picking_robot/install/interfaces/include/interfaces/interfaces/msg/detail/barcode__traits.hpp
-- Installing: /home/vigma/ros2_ws/bin_picking_robot/install/interfaces/include/interfaces/interfaces/msg/detail/stack_light__builder.hpp
-- Installing: /home/vigma/ros2_ws/bin_picking_robot/install/interfaces/include/interfaces/interfaces/msg/detail/door_state__struct.hpp
-- Installing: /home/vigma/ros2_ws/bin_picking_robot/install/interfaces/include/interfaces/interfaces/msg/detail/door_state__traits.hpp
-- Installing: /home/vigma/ros2_ws/bin_picking_robot/install/interfaces/include/interfaces/interfaces/msg/detail/door_state__builder.hpp
-- Installing: /home/vigma/ros2_ws/bin_picking_robot/install/interfaces/include/interfaces/interfaces/msg/detail/stack_light__traits.hpp
-- Installing: /home/vigma/ros2_ws/bin_picking_robot/install/interfaces/include/interfaces/interfaces/msg/detail/barcode__struct.hpp
-- Installing: /home/vigma/ros2_ws/bin_picking_robot/install/interfaces/include/interfaces/interfaces/msg/detail/emergency_state__struct.hpp
-- Installing: /home/vigma/ros2_ws/bin_picking_robot/install/interfaces/include/interfaces/interfaces/msg/detail/barcode__builder.hpp
-- Installing: /home/vigma/ros2_ws/bin_picking_robot/install/interfaces/include/interfaces/interfaces/msg/detail/emergency_state__type_support.hpp
-- Installing: /home/vigma/ros2_ws/bin_picking_robot/install/interfaces/include/interfaces/interfaces/msg/detail/emergency_state__traits.hpp
-- Installing: /home/vigma/ros2_ws/bin_picking_robot/install/interfaces/include/interfaces/interfaces/msg/detail/stack_light__struct.hpp
-- Installing: /home/vigma/ros2_ws/bin_picking_robot/install/interfaces/include/interfaces/interfaces/msg/detail/barcode__type_support.hpp
-- Installing: /home/vigma/ros2_ws/bin_picking_robot/install/interfaces/include/interfaces/interfaces/msg/detail/emergency_state__builder.hpp
-- Installing: /home/vigma/ros2_ws/bin_picking_robot/install/interfaces/include/interfaces/interfaces/msg/detail/stack_light__type_support.hpp
-- Up-to-date: /home/vigma/ros2_ws/bin_picking_robot/install/interfaces/include/interfaces/interfaces/srv
-- Installing: /home/vigma/ros2_ws/bin_picking_robot/install/interfaces/include/interfaces/interfaces/srv/press_emergency.hpp
-- Installing: /home/vigma/ros2_ws/bin_picking_robot/install/interfaces/include/interfaces/interfaces/srv/get_barcode.hpp
-- Installing: /home/vigma/ros2_ws/bin_picking_robot/install/interfaces/include/interfaces/interfaces/srv/reset_emergency.hpp
-- Up-to-date: /home/vigma/ros2_ws/bin_picking_robot/install/interfaces/include/interfaces/interfaces/srv/detail
-- Installing: /home/vigma/ros2_ws/bin_picking_robot/install/interfaces/include/interfaces/interfaces/srv/detail/get_barcode__builder.hpp
-- Installing: /home/vigma/ros2_ws/bin_picking_robot/install/interfaces/include/interfaces/interfaces/srv/detail/reset_emergency__builder.hpp
-- Installing: /home/vigma/ros2_ws/bin_picking_robot/install/interfaces/include/interfaces/interfaces/srv/detail/press_emergency__type_support.hpp
-- Installing: /home/vigma/ros2_ws/bin_picking_robot/install/interfaces/include/interfaces/interfaces/srv/detail/toggle_door__builder.hpp
-- Installing: /home/vigma/ros2_ws/bin_picking_robot/install/interfaces/include/interfaces/interfaces/srv/detail/reset_emergency__traits.hpp
-- Installing: /home/vigma/ros2_ws/bin_picking_robot/install/interfaces/include/interfaces/interfaces/srv/detail/press_emergency__builder.hpp
-- Installing: /home/vigma/ros2_ws/bin_picking_robot/install/interfaces/include/interfaces/interfaces/srv/detail/reset_emergency__type_support.hpp
-- Installing: /home/vigma/ros2_ws/bin_picking_robot/install/interfaces/include/interfaces/interfaces/srv/detail/toggle_door__struct.hpp
-- Installing: /home/vigma/ros2_ws/bin_picking_robot/install/interfaces/include/interfaces/interfaces/srv/detail/toggle_door__traits.hpp
-- Installing: /home/vigma/ros2_ws/bin_picking_robot/install/interfaces/include/interfaces/interfaces/srv/detail/get_barcode__traits.hpp
-- Installing: /home/vigma/ros2_ws/bin_picking_robot/install/interfaces/include/interfaces/interfaces/srv/detail/press_emergency__struct.hpp
-- Installing: /home/vigma/ros2_ws/bin_picking_robot/install/interfaces/include/interfaces/interfaces/srv/detail/get_barcode__struct.hpp
-- Installing: /home/vigma/ros2_ws/bin_picking_robot/install/interfaces/include/interfaces/interfaces/srv/detail/get_barcode__type_support.hpp
-- Installing: /home/vigma/ros2_ws/bin_picking_robot/install/interfaces/include/interfaces/interfaces/srv/detail/toggle_door__type_support.hpp
-- Installing: /home/vigma/ros2_ws/bin_picking_robot/install/interfaces/include/interfaces/interfaces/srv/detail/reset_emergency__struct.hpp
-- Installing: /home/vigma/ros2_ws/bin_picking_robot/install/interfaces/include/interfaces/interfaces/srv/detail/press_emergency__traits.hpp
-- Installing: /home/vigma/ros2_ws/bin_picking_robot/install/interfaces/include/interfaces/interfaces/srv/toggle_door.hpp
-- Up-to-date: /home/vigma/ros2_ws/bin_picking_robot/install/interfaces/include/interfaces/interfaces
-- Up-to-date: /home/vigma/ros2_ws/bin_picking_robot/install/interfaces/include/interfaces/interfaces/msg
-- Installing: /home/vigma/ros2_ws/bin_picking_robot/install/interfaces/include/interfaces/interfaces/msg/rosidl_typesupport_fastrtps_cpp__visibility_control.h
-- Up-to-date: /home/vigma/ros2_ws/bin_picking_robot/install/interfaces/include/interfaces/interfaces/msg/detail
-- Installing: /home/vigma/ros2_ws/bin_picking_robot/install/interfaces/include/interfaces/interfaces/msg/detail/stack_light__rosidl_typesupport_fastrtps_cpp.hpp
-- Installing: /home/vigma/ros2_ws/bin_picking_robot/install/interfaces/include/interfaces/interfaces/msg/detail/emergency_state__rosidl_typesupport_fastrtps_cpp.hpp
-- Installing: /home/vigma/ros2_ws/bin_picking_robot/install/interfaces/include/interfaces/interfaces/msg/detail/barcode__rosidl_typesupport_fastrtps_cpp.hpp
-- Installing: /home/vigma/ros2_ws/bin_picking_robot/install/interfaces/include/interfaces/interfaces/msg/detail/dds_fastrtps
-- Installing: /home/vigma/ros2_ws/bin_picking_robot/install/interfaces/include/interfaces/interfaces/msg/detail/door_state__rosidl_typesupport_fastrtps_cpp.hpp
-- Up-to-date: /home/vigma/ros2_ws/bin_picking_robot/install/interfaces/include/interfaces/interfaces/srv
-- Up-to-date: /home/vigma/ros2_ws/bin_picking_robot/install/interfaces/include/interfaces/interfaces/srv/detail
-- Installing: /home/vigma/ros2_ws/bin_picking_robot/install/interfaces/include/interfaces/interfaces/srv/detail/reset_emergency__rosidl_typesupport_fastrtps_cpp.hpp
-- Installing: /home/vigma/ros2_ws/bin_picking_robot/install/interfaces/include/interfaces/interfaces/srv/detail/get_barcode__rosidl_typesupport_fastrtps_cpp.hpp
-- Installing: /home/vigma/ros2_ws/bin_picking_robot/install/interfaces/include/interfaces/interfaces/srv/detail/press_emergency__rosidl_typesupport_fastrtps_cpp.hpp
-- Installing: /home/vigma/ros2_ws/bin_picking_robot/install/interfaces/include/interfaces/interfaces/srv/detail/dds_fastrtps
-- Installing: /home/vigma/ros2_ws/bin_picking_robot/install/interfaces/include/interfaces/interfaces/srv/detail/toggle_door__rosidl_typesupport_fastrtps_cpp.hpp
-- Installing: /home/vigma/ros2_ws/bin_picking_robot/install/interfaces/lib/libinterfaces__rosidl_typesupport_fastrtps_cpp.so
-- Set runtime path of "/home/vigma/ros2_ws/bin_picking_robot/install/interfaces/lib/libinterfaces__rosidl_typesupport_fastrtps_cpp.so" to ""
-- Up-to-date: /home/vigma/ros2_ws/bin_picking_robot/install/interfaces/include/interfaces/interfaces
-- Up-to-date: /home/vigma/ros2_ws/bin_picking_robot/install/interfaces/include/interfaces/interfaces/msg
-- Up-to-date: /home/vigma/ros2_ws/bin_picking_robot/install/interfaces/include/interfaces/interfaces/msg/detail
-- Installing: /home/vigma/ros2_ws/bin_picking_robot/install/interfaces/include/interfaces/interfaces/msg/detail/emergency_state__rosidl_typesupport_introspection_cpp.hpp
-- Installing: /home/vigma/ros2_ws/bin_picking_robot/install/interfaces/include/interfaces/interfaces/msg/detail/barcode__rosidl_typesupport_introspection_cpp.hpp
-- Installing: /home/vigma/ros2_ws/bin_picking_robot/install/interfaces/include/interfaces/interfaces/msg/detail/barcode__type_support.cpp
-- Installing: /home/vigma/ros2_ws/bin_picking_robot/install/interfaces/include/interfaces/interfaces/msg/detail/stack_light__type_support.cpp
-- Installing: /home/vigma/ros2_ws/bin_picking_robot/install/interfaces/include/interfaces/interfaces/msg/detail/emergency_state__type_support.cpp
-- Installing: /home/vigma/ros2_ws/bin_picking_robot/install/interfaces/include/interfaces/interfaces/msg/detail/stack_light__rosidl_typesupport_introspection_cpp.hpp
-- Installing: /home/vigma/ros2_ws/bin_picking_robot/install/interfaces/include/interfaces/interfaces/msg/detail/door_state__rosidl_typesupport_introspection_cpp.hpp
-- Installing: /home/vigma/ros2_ws/bin_picking_robot/install/interfaces/include/interfaces/interfaces/msg/detail/door_state__type_support.cpp
-- Up-to-date: /home/vigma/ros2_ws/bin_picking_robot/install/interfaces/include/interfaces/interfaces/srv
-- Up-to-date: /home/vigma/ros2_ws/bin_picking_robot/install/interfaces/include/interfaces/interfaces/srv/detail
-- Installing: /home/vigma/ros2_ws/bin_picking_robot/install/interfaces/include/interfaces/interfaces/srv/detail/reset_emergency__rosidl_typesupport_introspection_cpp.hpp
-- Installing: /home/vigma/ros2_ws/bin_picking_robot/install/interfaces/include/interfaces/interfaces/srv/detail/press_emergency__type_support.cpp
-- Installing: /home/vigma/ros2_ws/bin_picking_robot/install/interfaces/include/interfaces/interfaces/srv/detail/toggle_door__type_support.cpp
-- Installing: /home/vigma/ros2_ws/bin_picking_robot/install/interfaces/include/interfaces/interfaces/srv/detail/press_emergency__rosidl_typesupport_introspection_cpp.hpp
-- Installing: /home/vigma/ros2_ws/bin_picking_robot/install/interfaces/include/interfaces/interfaces/srv/detail/get_barcode__rosidl_typesupport_introspection_cpp.hpp
-- Installing: /home/vigma/ros2_ws/bin_picking_robot/install/interfaces/include/interfaces/interfaces/srv/detail/toggle_door__rosidl_typesupport_introspection_cpp.hpp
-- Installing: /home/vigma/ros2_ws/bin_picking_robot/install/interfaces/include/interfaces/interfaces/srv/detail/get_barcode__type_support.cpp
-- Installing: /home/vigma/ros2_ws/bin_picking_robot/install/interfaces/include/interfaces/interfaces/srv/detail/reset_emergency__type_support.cpp
-- Installing: /home/vigma/ros2_ws/bin_picking_robot/install/interfaces/lib/libinterfaces__rosidl_typesupport_introspection_cpp.so
-- Set runtime path of "/home/vigma/ros2_ws/bin_picking_robot/install/interfaces/lib/libinterfaces__rosidl_typesupport_introspection_cpp.so" to ""
-- Installing: /home/vigma/ros2_ws/bin_picking_robot/install/interfaces/lib/libinterfaces__rosidl_typesupport_cpp.so
-- Set runtime path of "/home/vigma/ros2_ws/bin_picking_robot/install/interfaces/lib/libinterfaces__rosidl_typesupport_cpp.so" to ""
-- Installing: /home/vigma/ros2_ws/bin_picking_robot/install/interfaces/share/interfaces/environment/pythonpath.sh
-- Installing: /home/vigma/ros2_ws/bin_picking_robot/install/interfaces/share/interfaces/environment/pythonpath.dsv
-- Installing: /home/vigma/ros2_ws/bin_picking_robot/install/interfaces/local/lib/python3.10/dist-packages/interfaces-0.0.1-py3.10.egg-info
-- Installing: /home/vigma/ros2_ws/bin_picking_robot/install/interfaces/local/lib/python3.10/dist-packages/interfaces-0.0.1-py3.10.egg-info/top_level.txt
-- Installing: /home/vigma/ros2_ws/bin_picking_robot/install/interfaces/local/lib/python3.10/dist-packages/interfaces-0.0.1-py3.10.egg-info/dependency_links.txt
-- Installing: /home/vigma/ros2_ws/bin_picking_robot/install/interfaces/local/lib/python3.10/dist-packages/interfaces-0.0.1-py3.10.egg-info/SOURCES.txt
-- Installing: /home/vigma/ros2_ws/bin_picking_robot/install/interfaces/local/lib/python3.10/dist-packages/interfaces-0.0.1-py3.10.egg-info/PKG-INFO
-- Installing: /home/vigma/ros2_ws/bin_picking_robot/install/interfaces/local/lib/python3.10/dist-packages/interfaces
-- Installing: /home/vigma/ros2_ws/bin_picking_robot/install/interfaces/local/lib/python3.10/dist-packages/interfaces/interfaces_s__rosidl_typesupport_c.cpython-310-x86_64-linux-gnu.so
-- Installing: /home/vigma/ros2_ws/bin_picking_robot/install/interfaces/local/lib/python3.10/dist-packages/interfaces/libinterfaces__rosidl_generator_py.so
-- Installing: /home/vigma/ros2_ws/bin_picking_robot/install/interfaces/local/lib/python3.10/dist-packages/interfaces/__init__.py
-- Installing: /home/vigma/ros2_ws/bin_picking_robot/install/interfaces/local/lib/python3.10/dist-packages/interfaces/msg
-- Installing: /home/vigma/ros2_ws/bin_picking_robot/install/interfaces/local/lib/python3.10/dist-packages/interfaces/msg/_emergency_state_s.c
-- Installing: /home/vigma/ros2_ws/bin_picking_robot/install/interfaces/local/lib/python3.10/dist-packages/interfaces/msg/_door_state.py
-- Installing: /home/vigma/ros2_ws/bin_picking_robot/install/interfaces/local/lib/python3.10/dist-packages/interfaces/msg/_barcode_s.c
-- Installing: /home/vigma/ros2_ws/bin_picking_robot/install/interfaces/local/lib/python3.10/dist-packages/interfaces/msg/__init__.py
-- Installing: /home/vigma/ros2_ws/bin_picking_robot/install/interfaces/local/lib/python3.10/dist-packages/interfaces/msg/_stack_light_s.c
-- Installing: /home/vigma/ros2_ws/bin_picking_robot/install/interfaces/local/lib/python3.10/dist-packages/interfaces/msg/_emergency_state.py
-- Installing: /home/vigma/ros2_ws/bin_picking_robot/install/interfaces/local/lib/python3.10/dist-packages/interfaces/msg/_barcode.py
-- Installing: /home/vigma/ros2_ws/bin_picking_robot/install/interfaces/local/lib/python3.10/dist-packages/interfaces/msg/_stack_light.py
-- Installing: /home/vigma/ros2_ws/bin_picking_robot/install/interfaces/local/lib/python3.10/dist-packages/interfaces/msg/_door_state_s.c
-- Installing: /home/vigma/ros2_ws/bin_picking_robot/install/interfaces/local/lib/python3.10/dist-packages/interfaces/srv
-- Installing: /home/vigma/ros2_ws/bin_picking_robot/install/interfaces/local/lib/python3.10/dist-packages/interfaces/srv/_toggle_door.py
-- Installing: /home/vigma/ros2_ws/bin_picking_robot/install/interfaces/local/lib/python3.10/dist-packages/interfaces/srv/__init__.py
-- Installing: /home/vigma/ros2_ws/bin_picking_robot/install/interfaces/local/lib/python3.10/dist-packages/interfaces/srv/_reset_emergency.py
-- Installing: /home/vigma/ros2_ws/bin_picking_robot/install/interfaces/local/lib/python3.10/dist-packages/interfaces/srv/_get_barcode.py
-- Installing: /home/vigma/ros2_ws/bin_picking_robot/install/interfaces/local/lib/python3.10/dist-packages/interfaces/srv/_get_barcode_s.c
-- Installing: /home/vigma/ros2_ws/bin_picking_robot/install/interfaces/local/lib/python3.10/dist-packages/interfaces/srv/_press_emergency.py
-- Installing: /home/vigma/ros2_ws/bin_picking_robot/install/interfaces/local/lib/python3.10/dist-packages/interfaces/srv/_press_emergency_s.c
-- Installing: /home/vigma/ros2_ws/bin_picking_robot/install/interfaces/local/lib/python3.10/dist-packages/interfaces/srv/_toggle_door_s.c
-- Installing: /home/vigma/ros2_ws/bin_picking_robot/install/interfaces/local/lib/python3.10/dist-packages/interfaces/srv/_reset_emergency_s.c
-- Installing: /home/vigma/ros2_ws/bin_picking_robot/install/interfaces/local/lib/python3.10/dist-packages/interfaces/_interfaces_s.ep.rosidl_typesupport_c.c
-- Installing: /home/vigma/ros2_ws/bin_picking_robot/install/interfaces/local/lib/python3.10/dist-packages/interfaces/_interfaces_s.ep.rosidl_typesupport_fastrtps_c.c
-- Installing: /home/vigma/ros2_ws/bin_picking_robot/install/interfaces/local/lib/python3.10/dist-packages/interfaces/interfaces_s__rosidl_typesupport_introspection_c.cpython-310-x86_64-linux-gnu.so
-- Installing: /home/vigma/ros2_ws/bin_picking_robot/install/interfaces/local/lib/python3.10/dist-packages/interfaces/_interfaces_s.ep.rosidl_typesupport_introspection_c.c
-- Installing: /home/vigma/ros2_ws/bin_picking_robot/install/interfaces/local/lib/python3.10/dist-packages/interfaces/interfaces_s__rosidl_typesupport_fastrtps_c.cpython-310-x86_64-linux-gnu.so
Listing '/home/vigma/ros2_ws/bin_picking_robot/install/interfaces/local/lib/python3.10/dist-packages/interfaces'...
Compiling '/home/vigma/ros2_ws/bin_picking_robot/install/interfaces/local/lib/python3.10/dist-packages/interfaces/__init__.py'...
Listing '/home/vigma/ros2_ws/bin_picking_robot/install/interfaces/local/lib/python3.10/dist-packages/interfaces/msg'...
Compiling '/home/vigma/ros2_ws/bin_picking_robot/install/interfaces/local/lib/python3.10/dist-packages/interfaces/msg/__init__.py'...
Compiling '/home/vigma/ros2_ws/bin_picking_robot/install/interfaces/local/lib/python3.10/dist-packages/interfaces/msg/_barcode.py'...
Compiling '/home/vigma/ros2_ws/bin_picking_robot/install/interfaces/local/lib/python3.10/dist-packages/interfaces/msg/_door_state.py'...
Compiling '/home/vigma/ros2_ws/bin_picking_robot/install/interfaces/local/lib/python3.10/dist-packages/interfaces/msg/_emergency_state.py'...
Compiling '/home/vigma/ros2_ws/bin_picking_robot/install/interfaces/local/lib/python3.10/dist-packages/interfaces/msg/_stack_light.py'...
Listing '/home/vigma/ros2_ws/bin_picking_robot/install/interfaces/local/lib/python3.10/dist-packages/interfaces/srv'...
Compiling '/home/vigma/ros2_ws/bin_picking_robot/install/interfaces/local/lib/python3.10/dist-packages/interfaces/srv/__init__.py'...
Compiling '/home/vigma/ros2_ws/bin_picking_robot/install/interfaces/local/lib/python3.10/dist-packages/interfaces/srv/_get_barcode.py'...
Compiling '/home/vigma/ros2_ws/bin_picking_robot/install/interfaces/local/lib/python3.10/dist-packages/interfaces/srv/_press_emergency.py'...
Compiling '/home/vigma/ros2_ws/bin_picking_robot/install/interfaces/local/lib/python3.10/dist-packages/interfaces/srv/_reset_emergency.py'...
Compiling '/home/vigma/ros2_ws/bin_picking_robot/install/interfaces/local/lib/python3.10/dist-packages/interfaces/srv/_toggle_door.py'...
-- Installing: /home/vigma/ros2_ws/bin_picking_robot/install/interfaces/local/lib/python3.10/dist-packages/interfaces/interfaces_s__rosidl_typesupport_fastrtps_c.cpython-310-x86_64-linux-gnu.so
-- Set runtime path of "/home/vigma/ros2_ws/bin_picking_robot/install/interfaces/local/lib/python3.10/dist-packages/interfaces/interfaces_s__rosidl_typesupport_fastrtps_c.cpython-310-x86_64-linux-gnu.so" to ""
-- Installing: /home/vigma/ros2_ws/bin_picking_robot/install/interfaces/local/lib/python3.10/dist-packages/interfaces/interfaces_s__rosidl_typesupport_introspection_c.cpython-310-x86_64-linux-gnu.so
-- Set runtime path of "/home/vigma/ros2_ws/bin_picking_robot/install/interfaces/local/lib/python3.10/dist-packages/interfaces/interfaces_s__rosidl_typesupport_introspection_c.cpython-310-x86_64-linux-gnu.so" to ""
-- Installing: /home/vigma/ros2_ws/bin_picking_robot/install/interfaces/local/lib/python3.10/dist-packages/interfaces/interfaces_s__rosidl_typesupport_c.cpython-310-x86_64-linux-gnu.so
-- Set runtime path of "/home/vigma/ros2_ws/bin_picking_robot/install/interfaces/local/lib/python3.10/dist-packages/interfaces/interfaces_s__rosidl_typesupport_c.cpython-310-x86_64-linux-gnu.so" to ""
-- Installing: /home/vigma/ros2_ws/bin_picking_robot/install/interfaces/lib/libinterfaces__rosidl_generator_py.so
-- Set runtime path of "/home/vigma/ros2_ws/bin_picking_robot/install/interfaces/lib/libinterfaces__rosidl_generator_py.so" to ""
-- Installing: /home/vigma/ros2_ws/bin_picking_robot/install/interfaces/share/ament_index/resource_index/rust_packages/interfaces
-- Installing: /home/vigma/ros2_ws/bin_picking_robot/install/interfaces/share/interfaces/rust
-- Installing: /home/vigma/ros2_ws/bin_picking_robot/install/interfaces/share/interfaces/rust/Cargo.toml
-- Installing: /home/vigma/ros2_ws/bin_picking_robot/install/interfaces/share/interfaces/rust/src
-- Installing: /home/vigma/ros2_ws/bin_picking_robot/install/interfaces/share/interfaces/rust/src/lib.rs
-- Installing: /home/vigma/ros2_ws/bin_picking_robot/install/interfaces/share/interfaces/rust/src/msg
-- Installing: /home/vigma/ros2_ws/bin_picking_robot/install/interfaces/share/interfaces/rust/src/msg/rmw.rs
-- Installing: /home/vigma/ros2_ws/bin_picking_robot/install/interfaces/share/interfaces/rust/src/srv
-- Installing: /home/vigma/ros2_ws/bin_picking_robot/install/interfaces/share/interfaces/rust/src/srv/rmw.rs
-- Installing: /home/vigma/ros2_ws/bin_picking_robot/install/interfaces/share/interfaces/rust/src/srv.rs
-- Installing: /home/vigma/ros2_ws/bin_picking_robot/install/interfaces/share/interfaces/rust/src/msg.rs
-- Installing: /home/vigma/ros2_ws/bin_picking_robot/install/interfaces/share/interfaces/rust/build.rs
-- Installing: /home/vigma/ros2_ws/bin_picking_robot/install/interfaces/share/interfaces/msg/Barcode.idl
-- Installing: /home/vigma/ros2_ws/bin_picking_robot/install/interfaces/share/interfaces/msg/DoorState.idl
-- Installing: /home/vigma/ros2_ws/bin_picking_robot/install/interfaces/share/interfaces/msg/EmergencyState.idl
-- Installing: /home/vigma/ros2_ws/bin_picking_robot/install/interfaces/share/interfaces/msg/StackLight.idl
-- Installing: /home/vigma/ros2_ws/bin_picking_robot/install/interfaces/share/interfaces/srv/GetBarcode.idl
-- Installing: /home/vigma/ros2_ws/bin_picking_robot/install/interfaces/share/interfaces/srv/ToggleDoor.idl
-- Installing: /home/vigma/ros2_ws/bin_picking_robot/install/interfaces/share/interfaces/srv/PressEmergency.idl
-- Installing: /home/vigma/ros2_ws/bin_picking_robot/install/interfaces/share/interfaces/srv/ResetEmergency.idl
-- Installing: /home/vigma/ros2_ws/bin_picking_robot/install/interfaces/share/interfaces/msg/Barcode.msg
-- Installing: /home/vigma/ros2_ws/bin_picking_robot/install/interfaces/share/interfaces/msg/DoorState.msg
-- Installing: /home/vigma/ros2_ws/bin_picking_robot/install/interfaces/share/interfaces/msg/EmergencyState.msg
-- Installing: /home/vigma/ros2_ws/bin_picking_robot/install/interfaces/share/interfaces/msg/StackLight.msg
-- Installing: /home/vigma/ros2_ws/bin_picking_robot/install/interfaces/share/interfaces/srv/GetBarcode.srv
-- Installing: /home/vigma/ros2_ws/bin_picking_robot/install/interfaces/share/interfaces/srv/GetBarcode_Request.msg
-- Installing: /home/vigma/ros2_ws/bin_picking_robot/install/interfaces/share/interfaces/srv/GetBarcode_Response.msg
-- Installing: /home/vigma/ros2_ws/bin_picking_robot/install/interfaces/share/interfaces/srv/ToggleDoor.srv
-- Installing: /home/vigma/ros2_ws/bin_picking_robot/install/interfaces/share/interfaces/srv/ToggleDoor_Request.msg
-- Installing: /home/vigma/ros2_ws/bin_picking_robot/install/interfaces/share/interfaces/srv/ToggleDoor_Response.msg
-- Installing: /home/vigma/ros2_ws/bin_picking_robot/install/interfaces/share/interfaces/srv/PressEmergency.srv
-- Installing: /home/vigma/ros2_ws/bin_picking_robot/install/interfaces/share/interfaces/srv/PressEmergency_Request.msg
-- Installing: /home/vigma/ros2_ws/bin_picking_robot/install/interfaces/share/interfaces/srv/PressEmergency_Response.msg
-- Installing: /home/vigma/ros2_ws/bin_picking_robot/install/interfaces/share/interfaces/srv/ResetEmergency.srv
-- Installing: /home/vigma/ros2_ws/bin_picking_robot/install/interfaces/share/interfaces/srv/ResetEmergency_Request.msg
-- Installing: /home/vigma/ros2_ws/bin_picking_robot/install/interfaces/share/interfaces/srv/ResetEmergency_Response.msg
-- Installing: /home/vigma/ros2_ws/bin_picking_robot/install/interfaces/share/ament_index/resource_index/package_run_dependencies/interfaces
-- Installing: /home/vigma/ros2_ws/bin_picking_robot/install/interfaces/share/ament_index/resource_index/parent_prefix_path/interfaces
-- Installing: /home/vigma/ros2_ws/bin_picking_robot/install/interfaces/share/interfaces/environment/ament_prefix_path.sh
-- Installing: /home/vigma/ros2_ws/bin_picking_robot/install/interfaces/share/interfaces/environment/ament_prefix_path.dsv
-- Installing: /home/vigma/ros2_ws/bin_picking_robot/install/interfaces/share/interfaces/environment/path.sh
-- Installing: /home/vigma/ros2_ws/bin_picking_robot/install/interfaces/share/interfaces/environment/path.dsv
-- Installing: /home/vigma/ros2_ws/bin_picking_robot/install/interfaces/share/interfaces/local_setup.bash
-- Installing: /home/vigma/ros2_ws/bin_picking_robot/install/interfaces/share/interfaces/local_setup.sh
-- Installing: /home/vigma/ros2_ws/bin_picking_robot/install/interfaces/share/interfaces/local_setup.zsh
-- Installing: /home/vigma/ros2_ws/bin_picking_robot/install/interfaces/share/interfaces/local_setup.dsv
-- Installing: /home/vigma/ros2_ws/bin_picking_robot/install/interfaces/share/interfaces/package.dsv
-- Installing: /home/vigma/ros2_ws/bin_picking_robot/install/interfaces/share/ament_index/resource_index/packages/interfaces
-- Installing: /home/vigma/ros2_ws/bin_picking_robot/install/interfaces/share/interfaces/cmake/export_interfaces__rosidl_generator_cExport.cmake
-- Installing: /home/vigma/ros2_ws/bin_picking_robot/install/interfaces/share/interfaces/cmake/export_interfaces__rosidl_generator_cExport-noconfig.cmake
-- Installing: /home/vigma/ros2_ws/bin_picking_robot/install/interfaces/share/interfaces/cmake/export_interfaces__rosidl_typesupport_fastrtps_cExport.cmake
-- Installing: /home/vigma/ros2_ws/bin_picking_robot/install/interfaces/share/interfaces/cmake/export_interfaces__rosidl_typesupport_fastrtps_cExport-noconfig.cmake
-- Installing: /home/vigma/ros2_ws/bin_picking_robot/install/interfaces/share/interfaces/cmake/interfaces__rosidl_typesupport_introspection_cExport.cmake
-- Installing: /home/vigma/ros2_ws/bin_picking_robot/install/interfaces/share/interfaces/cmake/interfaces__rosidl_typesupport_introspection_cExport-noconfig.cmake
-- Installing: /home/vigma/ros2_ws/bin_picking_robot/install/interfaces/share/interfaces/cmake/interfaces__rosidl_typesupport_cExport.cmake
-- Installing: /home/vigma/ros2_ws/bin_picking_robot/install/interfaces/share/interfaces/cmake/interfaces__rosidl_typesupport_cExport-noconfig.cmake
-- Installing: /home/vigma/ros2_ws/bin_picking_robot/install/interfaces/share/interfaces/cmake/export_interfaces__rosidl_generator_cppExport.cmake
-- Installing: /home/vigma/ros2_ws/bin_picking_robot/install/interfaces/share/interfaces/cmake/export_interfaces__rosidl_typesupport_fastrtps_cppExport.cmake
-- Installing: /home/vigma/ros2_ws/bin_picking_robot/install/interfaces/share/interfaces/cmake/export_interfaces__rosidl_typesupport_fastrtps_cppExport-noconfig.cmake
-- Installing: /home/vigma/ros2_ws/bin_picking_robot/install/interfaces/share/interfaces/cmake/interfaces__rosidl_typesupport_introspection_cppExport.cmake
-- Installing: /home/vigma/ros2_ws/bin_picking_robot/install/interfaces/share/interfaces/cmake/interfaces__rosidl_typesupport_introspection_cppExport-noconfig.cmake
-- Installing: /home/vigma/ros2_ws/bin_picking_robot/install/interfaces/share/interfaces/cmake/interfaces__rosidl_typesupport_cppExport.cmake
-- Installing: /home/vigma/ros2_ws/bin_picking_robot/install/interfaces/share/interfaces/cmake/interfaces__rosidl_typesupport_cppExport-noconfig.cmake
-- Installing: /home/vigma/ros2_ws/bin_picking_robot/install/interfaces/share/interfaces/cmake/export_interfaces__rosidl_generator_pyExport.cmake
-- Installing: /home/vigma/ros2_ws/bin_picking_robot/install/interfaces/share/interfaces/cmake/export_interfaces__rosidl_generator_pyExport-noconfig.cmake
-- Installing: /home/vigma/ros2_ws/bin_picking_robot/install/interfaces/share/interfaces/cmake/rosidl_cmake-extras.cmake
-- Installing: /home/vigma/ros2_ws/bin_picking_robot/install/interfaces/share/interfaces/cmake/ament_cmake_export_dependencies-extras.cmake
-- Installing: /home/vigma/ros2_ws/bin_picking_robot/install/interfaces/share/interfaces/cmake/ament_cmake_export_include_directories-extras.cmake
-- Installing: /home/vigma/ros2_ws/bin_picking_robot/install/interfaces/share/interfaces/cmake/ament_cmake_export_libraries-extras.cmake
-- Installing: /home/vigma/ros2_ws/bin_picking_robot/install/interfaces/share/interfaces/cmake/ament_cmake_export_targets-extras.cmake
-- Installing: /home/vigma/ros2_ws/bin_picking_robot/install/interfaces/share/interfaces/cmake/rosidl_cmake_export_typesupport_targets-extras.cmake
-- Installing: /home/vigma/ros2_ws/bin_picking_robot/install/interfaces/share/interfaces/cmake/rosidl_cmake_export_typesupport_libraries-extras.cmake
-- Installing: /home/vigma/ros2_ws/bin_picking_robot/install/interfaces/share/interfaces/cmake/interfacesConfig.cmake
-- Installing: /home/vigma/ros2_ws/bin_picking_robot/install/interfaces/share/interfaces/cmake/interfacesConfig-version.cmake
-- Installing: /home/vigma/ros2_ws/bin_picking_robot/install/interfaces/share/interfaces/package.xml
