[0.463s] DEBUG:colcon:Command line arguments: ['/usr/bin/colcon', 'build']
[0.464s] DEBUG:colcon:Parsed command line arguments: Namespace(log_base=None, log_level=None, verb_name='build', build_base='build', install_base='install', merge_install=False, symlink_install=False, test_result_base=None, continue_on_error=False, executor='parallel', parallel_workers=16, event_handlers=None, ignore_user_meta=False, metas=['./colcon.meta'], base_paths=['.'], packages_ignore=None, packages_ignore_regex=None, paths=None, packages_up_to=None, packages_up_to_regex=None, packages_above=None, packages_above_and_dependencies=None, packages_above_depth=None, packages_select_by_dep=None, packages_skip_by_dep=None, packages_skip_up_to=None, packages_select_build_failed=False, packages_skip_build_finished=False, packages_select_test_failures=False, packages_skip_test_passed=False, packages_select=None, packages_skip=None, packages_select_regex=None, packages_skip_regex=None, packages_start=None, packages_end=None, allow_overriding=[], cmake_args=None, cmake_target=None, cmake_target_skip_unavailable=False, cmake_clean_cache=False, cmake_clean_first=False, cmake_force_configure=False, ament_cmake_args=None, catkin_cmake_args=None, catkin_skip_building_tests=False, verb_parser=<colcon_defaults.argument_parser.defaults.DefaultArgumentsDecorator object at 0x7e6175202e90>, verb_extension=<colcon_core.verb.build.BuildVerb object at 0x7e61753d86a0>, main=<bound method BuildVerb.main of <colcon_core.verb.build.BuildVerb object at 0x7e61753d86a0>>)
[0.923s] Level 1:colcon.colcon_core.package_discovery:discover_packages(colcon_meta) check parameters
[0.924s] Level 1:colcon.colcon_core.package_discovery:discover_packages(recursive) check parameters
[0.924s] Level 1:colcon.colcon_core.package_discovery:discover_packages(ignore) check parameters
[0.924s] Level 1:colcon.colcon_core.package_discovery:discover_packages(path) check parameters
[0.924s] Level 1:colcon.colcon_core.package_discovery:discover_packages(colcon_meta) discover
[0.924s] Level 1:colcon.colcon_core.package_discovery:discover_packages(recursive) discover
[0.924s] INFO:colcon.colcon_core.package_discovery:Crawling recursively for packages in '/home/vigma/ros2_ws'
[0.925s] Level 1:colcon.colcon_core.package_identification:_identify(.) by extensions ['ignore', 'ignore_ament_install']
[0.926s] Level 1:colcon.colcon_core.package_identification:_identify(.) by extension 'ignore'
[0.926s] Level 1:colcon.colcon_core.package_identification:_identify(.) by extension 'ignore_ament_install'
[0.926s] Level 1:colcon.colcon_core.package_identification:_identify(.) by extensions ['colcon_pkg']
[0.926s] Level 1:colcon.colcon_core.package_identification:_identify(.) by extension 'colcon_pkg'
[0.926s] Level 1:colcon.colcon_core.package_identification:_identify(.) by extensions ['colcon_meta']
[0.927s] Level 1:colcon.colcon_core.package_identification:_identify(.) by extension 'colcon_meta'
[0.927s] Level 1:colcon.colcon_core.package_identification:_identify(.) by extensions ['ros']
[0.927s] Level 1:colcon.colcon_core.package_identification:_identify(.) by extension 'ros'
[0.960s] Level 1:colcon.colcon_core.package_identification:_identify(.) by extensions ['cmake', 'python']
[0.961s] Level 1:colcon.colcon_core.package_identification:_identify(.) by extension 'cmake'
[0.961s] Level 1:colcon.colcon_core.package_identification:_identify(.) by extension 'python'
[0.961s] Level 1:colcon.colcon_core.package_identification:_identify(.) by extensions ['python_setup_py']
[0.961s] Level 1:colcon.colcon_core.package_identification:_identify(.) by extension 'python_setup_py'
[0.961s] Level 1:colcon.colcon_core.package_identification:_identify(build) by extensions ['ignore', 'ignore_ament_install']
[0.962s] Level 1:colcon.colcon_core.package_identification:_identify(build) by extension 'ignore'
[0.962s] Level 1:colcon.colcon_core.package_identification:_identify(build) ignored
[0.962s] Level 1:colcon.colcon_core.package_identification:_identify(install) by extensions ['ignore', 'ignore_ament_install']
[0.963s] Level 1:colcon.colcon_core.package_identification:_identify(install) by extension 'ignore'
[0.963s] Level 1:colcon.colcon_core.package_identification:_identify(install) ignored
[0.963s] Level 1:colcon.colcon_core.package_identification:_identify(log) by extensions ['ignore', 'ignore_ament_install']
[0.964s] Level 1:colcon.colcon_core.package_identification:_identify(log) by extension 'ignore'
[0.964s] Level 1:colcon.colcon_core.package_identification:_identify(log) ignored
[0.964s] Level 1:colcon.colcon_core.package_identification:_identify(src) by extensions ['ignore', 'ignore_ament_install']
[0.964s] Level 1:colcon.colcon_core.package_identification:_identify(src) by extension 'ignore'
[0.964s] Level 1:colcon.colcon_core.package_identification:_identify(src) by extension 'ignore_ament_install'
[0.965s] Level 1:colcon.colcon_core.package_identification:_identify(src) by extensions ['colcon_pkg']
[0.965s] Level 1:colcon.colcon_core.package_identification:_identify(src) by extension 'colcon_pkg'
[0.965s] Level 1:colcon.colcon_core.package_identification:_identify(src) by extensions ['colcon_meta']
[0.965s] Level 1:colcon.colcon_core.package_identification:_identify(src) by extension 'colcon_meta'
[0.966s] Level 1:colcon.colcon_core.package_identification:_identify(src) by extensions ['ros']
[0.966s] Level 1:colcon.colcon_core.package_identification:_identify(src) by extension 'ros'
[0.966s] Level 1:colcon.colcon_core.package_identification:_identify(src) by extensions ['cmake', 'python']
[0.966s] Level 1:colcon.colcon_core.package_identification:_identify(src) by extension 'cmake'
[0.966s] Level 1:colcon.colcon_core.package_identification:_identify(src) by extension 'python'
[0.966s] Level 1:colcon.colcon_core.package_identification:_identify(src) by extensions ['python_setup_py']
[0.967s] Level 1:colcon.colcon_core.package_identification:_identify(src) by extension 'python_setup_py'
[0.967s] Level 1:colcon.colcon_core.package_identification:_identify(src/barcode_node) by extensions ['ignore', 'ignore_ament_install']
[0.967s] Level 1:colcon.colcon_core.package_identification:_identify(src/barcode_node) by extension 'ignore'
[0.968s] Level 1:colcon.colcon_core.package_identification:_identify(src/barcode_node) by extension 'ignore_ament_install'
[0.968s] Level 1:colcon.colcon_core.package_identification:_identify(src/barcode_node) by extensions ['colcon_pkg']
[0.968s] Level 1:colcon.colcon_core.package_identification:_identify(src/barcode_node) by extension 'colcon_pkg'
[0.968s] Level 1:colcon.colcon_core.package_identification:_identify(src/barcode_node) by extensions ['colcon_meta']
[0.968s] Level 1:colcon.colcon_core.package_identification:_identify(src/barcode_node) by extension 'colcon_meta'
[0.968s] Level 1:colcon.colcon_core.package_identification:_identify(src/barcode_node) by extensions ['ros']
[0.969s] Level 1:colcon.colcon_core.package_identification:_identify(src/barcode_node) by extension 'ros'
[0.977s] DEBUG:colcon.colcon_core.package_identification:Package 'src/barcode_node' with type 'ros.ament_cmake' and name 'barcode_node'
[0.978s] Level 1:colcon.colcon_core.package_identification:_identify(src/cell_controller) by extensions ['ignore', 'ignore_ament_install']
[0.978s] Level 1:colcon.colcon_core.package_identification:_identify(src/cell_controller) by extension 'ignore'
[0.978s] Level 1:colcon.colcon_core.package_identification:_identify(src/cell_controller) by extension 'ignore_ament_install'
[0.979s] Level 1:colcon.colcon_core.package_identification:_identify(src/cell_controller) by extensions ['colcon_pkg']
[0.979s] Level 1:colcon.colcon_core.package_identification:_identify(src/cell_controller) by extension 'colcon_pkg'
[0.979s] Level 1:colcon.colcon_core.package_identification:_identify(src/cell_controller) by extensions ['colcon_meta']
[0.979s] Level 1:colcon.colcon_core.package_identification:_identify(src/cell_controller) by extension 'colcon_meta'
[0.979s] Level 1:colcon.colcon_core.package_identification:_identify(src/cell_controller) by extensions ['ros']
[0.979s] Level 1:colcon.colcon_core.package_identification:_identify(src/cell_controller) by extension 'ros'
[0.981s] DEBUG:colcon.colcon_core.package_identification:Package 'src/cell_controller' with type 'ros.ament_cmake' and name 'cell_controller'
[0.982s] Level 1:colcon.colcon_core.package_identification:_identify(src/door_node) by extensions ['ignore', 'ignore_ament_install']
[0.982s] Level 1:colcon.colcon_core.package_identification:_identify(src/door_node) by extension 'ignore'
[0.982s] Level 1:colcon.colcon_core.package_identification:_identify(src/door_node) by extension 'ignore_ament_install'
[0.983s] Level 1:colcon.colcon_core.package_identification:_identify(src/door_node) by extensions ['colcon_pkg']
[0.983s] Level 1:colcon.colcon_core.package_identification:_identify(src/door_node) by extension 'colcon_pkg'
[0.983s] Level 1:colcon.colcon_core.package_identification:_identify(src/door_node) by extensions ['colcon_meta']
[0.983s] Level 1:colcon.colcon_core.package_identification:_identify(src/door_node) by extension 'colcon_meta'
[0.983s] Level 1:colcon.colcon_core.package_identification:_identify(src/door_node) by extensions ['ros']
[0.983s] Level 1:colcon.colcon_core.package_identification:_identify(src/door_node) by extension 'ros'
[0.985s] DEBUG:colcon.colcon_core.package_identification:Package 'src/door_node' with type 'ros.ament_cmake' and name 'door_node'
[0.986s] Level 1:colcon.colcon_core.package_identification:_identify(src/emergency_node) by extensions ['ignore', 'ignore_ament_install']
[0.987s] Level 1:colcon.colcon_core.package_identification:_identify(src/emergency_node) by extension 'ignore'
[0.987s] Level 1:colcon.colcon_core.package_identification:_identify(src/emergency_node) by extension 'ignore_ament_install'
[0.988s] Level 1:colcon.colcon_core.package_identification:_identify(src/emergency_node) by extensions ['colcon_pkg']
[0.988s] Level 1:colcon.colcon_core.package_identification:_identify(src/emergency_node) by extension 'colcon_pkg'
[0.988s] Level 1:colcon.colcon_core.package_identification:_identify(src/emergency_node) by extensions ['colcon_meta']
[0.988s] Level 1:colcon.colcon_core.package_identification:_identify(src/emergency_node) by extension 'colcon_meta'
[0.988s] Level 1:colcon.colcon_core.package_identification:_identify(src/emergency_node) by extensions ['ros']
[0.989s] Level 1:colcon.colcon_core.package_identification:_identify(src/emergency_node) by extension 'ros'
[0.991s] DEBUG:colcon.colcon_core.package_identification:Package 'src/emergency_node' with type 'ros.ament_cmake' and name 'emergency_node'
[0.991s] Level 1:colcon.colcon_core.package_identification:_identify(src/interfaces) by extensions ['ignore', 'ignore_ament_install']
[0.991s] Level 1:colcon.colcon_core.package_identification:_identify(src/interfaces) by extension 'ignore'
[0.992s] Level 1:colcon.colcon_core.package_identification:_identify(src/interfaces) by extension 'ignore_ament_install'
[0.992s] Level 1:colcon.colcon_core.package_identification:_identify(src/interfaces) by extensions ['colcon_pkg']
[0.992s] Level 1:colcon.colcon_core.package_identification:_identify(src/interfaces) by extension 'colcon_pkg'
[0.992s] Level 1:colcon.colcon_core.package_identification:_identify(src/interfaces) by extensions ['colcon_meta']
[0.992s] Level 1:colcon.colcon_core.package_identification:_identify(src/interfaces) by extension 'colcon_meta'
[0.992s] Level 1:colcon.colcon_core.package_identification:_identify(src/interfaces) by extensions ['ros']
[0.992s] Level 1:colcon.colcon_core.package_identification:_identify(src/interfaces) by extension 'ros'
[0.993s] Level 1:colcon.colcon_core.package_identification:_identify(src/interfaces) by extensions ['cmake', 'python']
[0.993s] Level 1:colcon.colcon_core.package_identification:_identify(src/interfaces) by extension 'cmake'
[0.993s] Level 1:colcon.colcon_core.package_identification:_identify(src/interfaces) by extension 'python'
[0.993s] Level 1:colcon.colcon_core.package_identification:_identify(src/interfaces) by extensions ['python_setup_py']
[0.993s] Level 1:colcon.colcon_core.package_identification:_identify(src/interfaces) by extension 'python_setup_py'
[0.994s] Level 1:colcon.colcon_core.package_identification:_identify(src/interfaces/srv) by extensions ['ignore', 'ignore_ament_install']
[0.994s] Level 1:colcon.colcon_core.package_identification:_identify(src/interfaces/srv) by extension 'ignore'
[0.994s] Level 1:colcon.colcon_core.package_identification:_identify(src/interfaces/srv) by extension 'ignore_ament_install'
[0.994s] Level 1:colcon.colcon_core.package_identification:_identify(src/interfaces/srv) by extensions ['colcon_pkg']
[0.995s] Level 1:colcon.colcon_core.package_identification:_identify(src/interfaces/srv) by extension 'colcon_pkg'
[0.995s] Level 1:colcon.colcon_core.package_identification:_identify(src/interfaces/srv) by extensions ['colcon_meta']
[0.995s] Level 1:colcon.colcon_core.package_identification:_identify(src/interfaces/srv) by extension 'colcon_meta'
[0.995s] Level 1:colcon.colcon_core.package_identification:_identify(src/interfaces/srv) by extensions ['ros']
[0.995s] Level 1:colcon.colcon_core.package_identification:_identify(src/interfaces/srv) by extension 'ros'
[0.996s] Level 1:colcon.colcon_core.package_identification:_identify(src/interfaces/srv) by extensions ['cmake', 'python']
[0.996s] Level 1:colcon.colcon_core.package_identification:_identify(src/interfaces/srv) by extension 'cmake'
[0.996s] Level 1:colcon.colcon_core.package_identification:_identify(src/interfaces/srv) by extension 'python'
[0.996s] Level 1:colcon.colcon_core.package_identification:_identify(src/interfaces/srv) by extensions ['python_setup_py']
[0.996s] Level 1:colcon.colcon_core.package_identification:_identify(src/interfaces/srv) by extension 'python_setup_py'
[0.997s] Level 1:colcon.colcon_core.package_identification:_identify(src/stacklight_node) by extensions ['ignore', 'ignore_ament_install']
[0.997s] Level 1:colcon.colcon_core.package_identification:_identify(src/stacklight_node) by extension 'ignore'
[0.997s] Level 1:colcon.colcon_core.package_identification:_identify(src/stacklight_node) by extension 'ignore_ament_install'
[0.998s] Level 1:colcon.colcon_core.package_identification:_identify(src/stacklight_node) by extensions ['colcon_pkg']
[0.998s] Level 1:colcon.colcon_core.package_identification:_identify(src/stacklight_node) by extension 'colcon_pkg'
[0.998s] Level 1:colcon.colcon_core.package_identification:_identify(src/stacklight_node) by extensions ['colcon_meta']
[0.998s] Level 1:colcon.colcon_core.package_identification:_identify(src/stacklight_node) by extension 'colcon_meta'
[0.998s] Level 1:colcon.colcon_core.package_identification:_identify(src/stacklight_node) by extensions ['ros']
[0.998s] Level 1:colcon.colcon_core.package_identification:_identify(src/stacklight_node) by extension 'ros'
[1.000s] DEBUG:colcon.colcon_core.package_identification:Package 'src/stacklight_node' with type 'ros.ament_cmake' and name 'stacklight_node'
[1.000s] Level 1:colcon.colcon_core.package_discovery:discover_packages(recursive) using defaults
[1.000s] Level 1:colcon.colcon_core.package_discovery:discover_packages(ignore) discover
[1.000s] Level 1:colcon.colcon_core.package_discovery:discover_packages(ignore) using defaults
[1.001s] Level 1:colcon.colcon_core.package_discovery:discover_packages(path) discover
[1.001s] Level 1:colcon.colcon_core.package_discovery:discover_packages(path) using defaults
[1.064s] Level 1:colcon.colcon_core.package_discovery:discover_packages(prefix_path) check parameters
[1.064s] Level 1:colcon.colcon_core.package_discovery:discover_packages(prefix_path) discover
[1.072s] DEBUG:colcon.colcon_installed_package_information.package_discovery:Found 5 installed packages in /home/vigma/ros2_ws/install
[1.077s] DEBUG:colcon.colcon_installed_package_information.package_discovery:Found 273 installed packages in /opt/ros/humble
[1.114s] Level 1:colcon.colcon_core.package_discovery:discover_packages(prefix_path) using defaults
[1.236s] Level 5:colcon.colcon_core.verb:set package 'barcode_node' build argument 'cmake_args' from command line to 'None'
[1.236s] Level 5:colcon.colcon_core.verb:set package 'barcode_node' build argument 'cmake_target' from command line to 'None'
[1.236s] Level 5:colcon.colcon_core.verb:set package 'barcode_node' build argument 'cmake_target_skip_unavailable' from command line to 'False'
[1.236s] Level 5:colcon.colcon_core.verb:set package 'barcode_node' build argument 'cmake_clean_cache' from command line to 'False'
[1.236s] Level 5:colcon.colcon_core.verb:set package 'barcode_node' build argument 'cmake_clean_first' from command line to 'False'
[1.237s] Level 5:colcon.colcon_core.verb:set package 'barcode_node' build argument 'cmake_force_configure' from command line to 'False'
[1.237s] Level 5:colcon.colcon_core.verb:set package 'barcode_node' build argument 'ament_cmake_args' from command line to 'None'
[1.237s] Level 5:colcon.colcon_core.verb:set package 'barcode_node' build argument 'catkin_cmake_args' from command line to 'None'
[1.237s] Level 5:colcon.colcon_core.verb:set package 'barcode_node' build argument 'catkin_skip_building_tests' from command line to 'False'
[1.237s] DEBUG:colcon.colcon_core.verb:Building package 'barcode_node' with the following arguments: {'ament_cmake_args': None, 'build_base': '/home/vigma/ros2_ws/build/barcode_node', 'catkin_cmake_args': None, 'catkin_skip_building_tests': False, 'cmake_args': None, 'cmake_clean_cache': False, 'cmake_clean_first': False, 'cmake_force_configure': False, 'cmake_target': None, 'cmake_target_skip_unavailable': False, 'install_base': '/home/vigma/ros2_ws/install/barcode_node', 'merge_install': False, 'path': '/home/vigma/ros2_ws/src/barcode_node', 'symlink_install': False, 'test_result_base': None}
[1.238s] Level 5:colcon.colcon_core.verb:set package 'cell_controller' build argument 'cmake_args' from command line to 'None'
[1.239s] Level 5:colcon.colcon_core.verb:set package 'cell_controller' build argument 'cmake_target' from command line to 'None'
[1.239s] Level 5:colcon.colcon_core.verb:set package 'cell_controller' build argument 'cmake_target_skip_unavailable' from command line to 'False'
[1.239s] Level 5:colcon.colcon_core.verb:set package 'cell_controller' build argument 'cmake_clean_cache' from command line to 'False'
[1.239s] Level 5:colcon.colcon_core.verb:set package 'cell_controller' build argument 'cmake_clean_first' from command line to 'False'
[1.239s] Level 5:colcon.colcon_core.verb:set package 'cell_controller' build argument 'cmake_force_configure' from command line to 'False'
[1.239s] Level 5:colcon.colcon_core.verb:set package 'cell_controller' build argument 'ament_cmake_args' from command line to 'None'
[1.239s] Level 5:colcon.colcon_core.verb:set package 'cell_controller' build argument 'catkin_cmake_args' from command line to 'None'
[1.239s] Level 5:colcon.colcon_core.verb:set package 'cell_controller' build argument 'catkin_skip_building_tests' from command line to 'False'
[1.240s] DEBUG:colcon.colcon_core.verb:Building package 'cell_controller' with the following arguments: {'ament_cmake_args': None, 'build_base': '/home/vigma/ros2_ws/build/cell_controller', 'catkin_cmake_args': None, 'catkin_skip_building_tests': False, 'cmake_args': None, 'cmake_clean_cache': False, 'cmake_clean_first': False, 'cmake_force_configure': False, 'cmake_target': None, 'cmake_target_skip_unavailable': False, 'install_base': '/home/vigma/ros2_ws/install/cell_controller', 'merge_install': False, 'path': '/home/vigma/ros2_ws/src/cell_controller', 'symlink_install': False, 'test_result_base': None}
[1.241s] Level 5:colcon.colcon_core.verb:set package 'door_node' build argument 'cmake_args' from command line to 'None'
[1.241s] Level 5:colcon.colcon_core.verb:set package 'door_node' build argument 'cmake_target' from command line to 'None'
[1.241s] Level 5:colcon.colcon_core.verb:set package 'door_node' build argument 'cmake_target_skip_unavailable' from command line to 'False'
[1.241s] Level 5:colcon.colcon_core.verb:set package 'door_node' build argument 'cmake_clean_cache' from command line to 'False'
[1.241s] Level 5:colcon.colcon_core.verb:set package 'door_node' build argument 'cmake_clean_first' from command line to 'False'
[1.242s] Level 5:colcon.colcon_core.verb:set package 'door_node' build argument 'cmake_force_configure' from command line to 'False'
[1.242s] Level 5:colcon.colcon_core.verb:set package 'door_node' build argument 'ament_cmake_args' from command line to 'None'
[1.242s] Level 5:colcon.colcon_core.verb:set package 'door_node' build argument 'catkin_cmake_args' from command line to 'None'
[1.242s] Level 5:colcon.colcon_core.verb:set package 'door_node' build argument 'catkin_skip_building_tests' from command line to 'False'
[1.242s] DEBUG:colcon.colcon_core.verb:Building package 'door_node' with the following arguments: {'ament_cmake_args': None, 'build_base': '/home/vigma/ros2_ws/build/door_node', 'catkin_cmake_args': None, 'catkin_skip_building_tests': False, 'cmake_args': None, 'cmake_clean_cache': False, 'cmake_clean_first': False, 'cmake_force_configure': False, 'cmake_target': None, 'cmake_target_skip_unavailable': False, 'install_base': '/home/vigma/ros2_ws/install/door_node', 'merge_install': False, 'path': '/home/vigma/ros2_ws/src/door_node', 'symlink_install': False, 'test_result_base': None}
[1.243s] Level 5:colcon.colcon_core.verb:set package 'emergency_node' build argument 'cmake_args' from command line to 'None'
[1.244s] Level 5:colcon.colcon_core.verb:set package 'emergency_node' build argument 'cmake_target' from command line to 'None'
[1.244s] Level 5:colcon.colcon_core.verb:set package 'emergency_node' build argument 'cmake_target_skip_unavailable' from command line to 'False'
[1.244s] Level 5:colcon.colcon_core.verb:set package 'emergency_node' build argument 'cmake_clean_cache' from command line to 'False'
[1.244s] Level 5:colcon.colcon_core.verb:set package 'emergency_node' build argument 'cmake_clean_first' from command line to 'False'
[1.244s] Level 5:colcon.colcon_core.verb:set package 'emergency_node' build argument 'cmake_force_configure' from command line to 'False'
[1.245s] Level 5:colcon.colcon_core.verb:set package 'emergency_node' build argument 'ament_cmake_args' from command line to 'None'
[1.245s] Level 5:colcon.colcon_core.verb:set package 'emergency_node' build argument 'catkin_cmake_args' from command line to 'None'
[1.245s] Level 5:colcon.colcon_core.verb:set package 'emergency_node' build argument 'catkin_skip_building_tests' from command line to 'False'
[1.246s] DEBUG:colcon.colcon_core.verb:Building package 'emergency_node' with the following arguments: {'ament_cmake_args': None, 'build_base': '/home/vigma/ros2_ws/build/emergency_node', 'catkin_cmake_args': None, 'catkin_skip_building_tests': False, 'cmake_args': None, 'cmake_clean_cache': False, 'cmake_clean_first': False, 'cmake_force_configure': False, 'cmake_target': None, 'cmake_target_skip_unavailable': False, 'install_base': '/home/vigma/ros2_ws/install/emergency_node', 'merge_install': False, 'path': '/home/vigma/ros2_ws/src/emergency_node', 'symlink_install': False, 'test_result_base': None}
[1.247s] Level 5:colcon.colcon_core.verb:set package 'stacklight_node' build argument 'cmake_args' from command line to 'None'
[1.248s] Level 5:colcon.colcon_core.verb:set package 'stacklight_node' build argument 'cmake_target' from command line to 'None'
[1.249s] Level 5:colcon.colcon_core.verb:set package 'stacklight_node' build argument 'cmake_target_skip_unavailable' from command line to 'False'
[1.252s] Level 5:colcon.colcon_core.verb:set package 'stacklight_node' build argument 'cmake_clean_cache' from command line to 'False'
[1.253s] Level 5:colcon.colcon_core.verb:set package 'stacklight_node' build argument 'cmake_clean_first' from command line to 'False'
[1.253s] Level 5:colcon.colcon_core.verb:set package 'stacklight_node' build argument 'cmake_force_configure' from command line to 'False'
[1.253s] Level 5:colcon.colcon_core.verb:set package 'stacklight_node' build argument 'ament_cmake_args' from command line to 'None'
[1.253s] Level 5:colcon.colcon_core.verb:set package 'stacklight_node' build argument 'catkin_cmake_args' from command line to 'None'
[1.254s] Level 5:colcon.colcon_core.verb:set package 'stacklight_node' build argument 'catkin_skip_building_tests' from command line to 'False'
[1.254s] DEBUG:colcon.colcon_core.verb:Building package 'stacklight_node' with the following arguments: {'ament_cmake_args': None, 'build_base': '/home/vigma/ros2_ws/build/stacklight_node', 'catkin_cmake_args': None, 'catkin_skip_building_tests': False, 'cmake_args': None, 'cmake_clean_cache': False, 'cmake_clean_first': False, 'cmake_force_configure': False, 'cmake_target': None, 'cmake_target_skip_unavailable': False, 'install_base': '/home/vigma/ros2_ws/install/stacklight_node', 'merge_install': False, 'path': '/home/vigma/ros2_ws/src/stacklight_node', 'symlink_install': False, 'test_result_base': None}
[1.255s] INFO:colcon.colcon_core.executor:Executing jobs using 'parallel' executor
[1.260s] DEBUG:colcon.colcon_parallel_executor.executor.parallel:run_until_complete
[1.262s] INFO:colcon.colcon_ros.task.ament_cmake.build:Building ROS package in '/home/vigma/ros2_ws/src/barcode_node' with build type 'ament_cmake'
[1.263s] INFO:colcon.colcon_cmake.task.cmake.build:Building CMake package in '/home/vigma/ros2_ws/src/barcode_node'
[1.278s] INFO:colcon.colcon_core.plugin_system:Skipping extension 'colcon_core.shell.bat': Not used on non-Windows systems
[1.279s] INFO:colcon.colcon_core.shell:Skip shell extension 'powershell' for command environment: Not usable outside of PowerShell
[1.279s] DEBUG:colcon.colcon_core.shell:Skip shell extension 'dsv' for command environment
[1.294s] INFO:colcon.colcon_ros.task.ament_cmake.build:Building ROS package in '/home/vigma/ros2_ws/src/cell_controller' with build type 'ament_cmake'
[1.295s] INFO:colcon.colcon_cmake.task.cmake.build:Building CMake package in '/home/vigma/ros2_ws/src/cell_controller'
[1.297s] INFO:colcon.colcon_core.shell:Skip shell extension 'powershell' for command environment: Not usable outside of PowerShell
[1.297s] DEBUG:colcon.colcon_core.shell:Skip shell extension 'dsv' for command environment
[1.316s] INFO:colcon.colcon_ros.task.ament_cmake.build:Building ROS package in '/home/vigma/ros2_ws/src/door_node' with build type 'ament_cmake'
[1.317s] INFO:colcon.colcon_cmake.task.cmake.build:Building CMake package in '/home/vigma/ros2_ws/src/door_node'
[1.318s] INFO:colcon.colcon_core.shell:Skip shell extension 'powershell' for command environment: Not usable outside of PowerShell
[1.318s] DEBUG:colcon.colcon_core.shell:Skip shell extension 'dsv' for command environment
[1.347s] INFO:colcon.colcon_ros.task.ament_cmake.build:Building ROS package in '/home/vigma/ros2_ws/src/emergency_node' with build type 'ament_cmake'
[1.348s] INFO:colcon.colcon_cmake.task.cmake.build:Building CMake package in '/home/vigma/ros2_ws/src/emergency_node'
[1.350s] INFO:colcon.colcon_core.shell:Skip shell extension 'powershell' for command environment: Not usable outside of PowerShell
[1.351s] DEBUG:colcon.colcon_core.shell:Skip shell extension 'dsv' for command environment
[1.370s] INFO:colcon.colcon_ros.task.ament_cmake.build:Building ROS package in '/home/vigma/ros2_ws/src/stacklight_node' with build type 'ament_cmake'
[1.371s] INFO:colcon.colcon_cmake.task.cmake.build:Building CMake package in '/home/vigma/ros2_ws/src/stacklight_node'
[1.372s] INFO:colcon.colcon_core.shell:Skip shell extension 'powershell' for command environment: Not usable outside of PowerShell
[1.373s] DEBUG:colcon.colcon_core.shell:Skip shell extension 'dsv' for command environment
[1.431s] DEBUG:colcon.colcon_core.event_handler.log_command:Invoking command in '/home/vigma/ros2_ws/build/barcode_node': CMAKE_PREFIX_PATH=${CMAKE_PREFIX_PATH}:/opt/ros/humble /usr/bin/cmake --build /home/vigma/ros2_ws/build/barcode_node -- -j16 -l16
[1.464s] DEBUG:colcon.colcon_core.event_handler.log_command:Invoking command in '/home/vigma/ros2_ws/build/cell_controller': CMAKE_PREFIX_PATH=${CMAKE_PREFIX_PATH}:/opt/ros/humble /usr/bin/cmake --build /home/vigma/ros2_ws/build/cell_controller -- -j16 -l16
[1.508s] DEBUG:colcon.colcon_core.event_handler.log_command:Invoking command in '/home/vigma/ros2_ws/build/door_node': CMAKE_PREFIX_PATH=${CMAKE_PREFIX_PATH}:/opt/ros/humble /usr/bin/cmake --build /home/vigma/ros2_ws/build/door_node -- -j16 -l16
[1.545s] DEBUG:colcon.colcon_core.event_handler.log_command:Invoking command in '/home/vigma/ros2_ws/build/emergency_node': CMAKE_PREFIX_PATH=${CMAKE_PREFIX_PATH}:/opt/ros/humble /usr/bin/cmake --build /home/vigma/ros2_ws/build/emergency_node -- -j16 -l16
[1.554s] DEBUG:colcon.colcon_core.event_handler.log_command:Invoking command in '/home/vigma/ros2_ws/build/stacklight_node': CMAKE_PREFIX_PATH=${CMAKE_PREFIX_PATH}:/opt/ros/humble /usr/bin/cmake --build /home/vigma/ros2_ws/build/stacklight_node -- -j16 -l16
[1.838s] DEBUG:colcon.colcon_core.event_handler.log_command:Invoked command in '/home/vigma/ros2_ws/build/barcode_node' returned '0': CMAKE_PREFIX_PATH=${CMAKE_PREFIX_PATH}:/opt/ros/humble /usr/bin/cmake --build /home/vigma/ros2_ws/build/barcode_node -- -j16 -l16
[1.877s] DEBUG:colcon.colcon_core.event_handler.log_command:Invoking command in '/home/vigma/ros2_ws/build/barcode_node': CMAKE_PREFIX_PATH=${CMAKE_PREFIX_PATH}:/opt/ros/humble /usr/bin/cmake --install /home/vigma/ros2_ws/build/barcode_node
[1.887s] DEBUG:colcon.colcon_core.event_handler.log_command:Invoked command in '/home/vigma/ros2_ws/build/emergency_node' returned '0': CMAKE_PREFIX_PATH=${CMAKE_PREFIX_PATH}:/opt/ros/humble /usr/bin/cmake --build /home/vigma/ros2_ws/build/emergency_node -- -j16 -l16
[1.897s] DEBUG:colcon.colcon_core.event_handler.log_command:Invoking command in '/home/vigma/ros2_ws/build/emergency_node': CMAKE_PREFIX_PATH=${CMAKE_PREFIX_PATH}:/opt/ros/humble /usr/bin/cmake --install /home/vigma/ros2_ws/build/emergency_node
[1.899s] DEBUG:colcon.colcon_core.event_handler.log_command:Invoked command in '/home/vigma/ros2_ws/build/door_node' returned '0': CMAKE_PREFIX_PATH=${CMAKE_PREFIX_PATH}:/opt/ros/humble /usr/bin/cmake --build /home/vigma/ros2_ws/build/door_node -- -j16 -l16
[1.908s] DEBUG:colcon.colcon_core.event_handler.log_command:Invoking command in '/home/vigma/ros2_ws/build/door_node': CMAKE_PREFIX_PATH=${CMAKE_PREFIX_PATH}:/opt/ros/humble /usr/bin/cmake --install /home/vigma/ros2_ws/build/door_node
[1.939s] DEBUG:colcon.colcon_core.event_handler.log_command:Invoked command in '/home/vigma/ros2_ws/build/stacklight_node' returned '0': CMAKE_PREFIX_PATH=${CMAKE_PREFIX_PATH}:/opt/ros/humble /usr/bin/cmake --build /home/vigma/ros2_ws/build/stacklight_node -- -j16 -l16
[1.947s] Level 1:colcon.colcon_core.environment:create_environment_scripts_only(barcode_node)
[1.975s] Level 1:colcon.colcon_core.environment:checking '/home/vigma/ros2_ws/install/barcode_node' for CMake module files
[1.983s] Level 1:colcon.colcon_core.environment:checking '/home/vigma/ros2_ws/install/barcode_node' for CMake config files
[1.993s] Level 1:colcon.colcon_core.shell:create_environment_hook('barcode_node', 'cmake_prefix_path')
[1.994s] INFO:colcon.colcon_core.shell:Creating environment hook '/home/vigma/ros2_ws/install/barcode_node/share/barcode_node/hook/cmake_prefix_path.ps1'
[1.999s] INFO:colcon.colcon_core.shell:Creating environment descriptor '/home/vigma/ros2_ws/install/barcode_node/share/barcode_node/hook/cmake_prefix_path.dsv'
[1.999s] DEBUG:colcon.colcon_core.event_handler.log_command:Invoking command in '/home/vigma/ros2_ws/build/stacklight_node': CMAKE_PREFIX_PATH=${CMAKE_PREFIX_PATH}:/opt/ros/humble /usr/bin/cmake --install /home/vigma/ros2_ws/build/stacklight_node
[2.004s] INFO:colcon.colcon_core.shell:Creating environment hook '/home/vigma/ros2_ws/install/barcode_node/share/barcode_node/hook/cmake_prefix_path.sh'
[2.009s] Level 1:colcon.colcon_core.environment:checking '/home/vigma/ros2_ws/install/barcode_node/lib'
[2.010s] Level 1:colcon.colcon_core.environment:checking '/home/vigma/ros2_ws/install/barcode_node/bin'
[2.012s] Level 1:colcon.colcon_core.environment:checking '/home/vigma/ros2_ws/install/barcode_node/lib/pkgconfig/barcode_node.pc'
[2.013s] Level 1:colcon.colcon_core.environment:checking '/home/vigma/ros2_ws/install/barcode_node/lib/python3.10/site-packages'
[2.015s] Level 1:colcon.colcon_core.environment:checking '/home/vigma/ros2_ws/install/barcode_node/bin'
[2.016s] INFO:colcon.colcon_core.shell:Creating package script '/home/vigma/ros2_ws/install/barcode_node/share/barcode_node/package.ps1'
[2.020s] INFO:colcon.colcon_core.shell:Creating package descriptor '/home/vigma/ros2_ws/install/barcode_node/share/barcode_node/package.dsv'
[2.024s] INFO:colcon.colcon_core.shell:Creating package script '/home/vigma/ros2_ws/install/barcode_node/share/barcode_node/package.sh'
[2.027s] INFO:colcon.colcon_core.shell:Creating package script '/home/vigma/ros2_ws/install/barcode_node/share/barcode_node/package.bash'
[2.032s] INFO:colcon.colcon_core.shell:Creating package script '/home/vigma/ros2_ws/install/barcode_node/share/barcode_node/package.zsh'
[2.036s] DEBUG:colcon.colcon_core.event_handler.log_command:Invoked command in '/home/vigma/ros2_ws/build/barcode_node' returned '0': CMAKE_PREFIX_PATH=${CMAKE_PREFIX_PATH}:/opt/ros/humble /usr/bin/cmake --install /home/vigma/ros2_ws/build/barcode_node
[2.036s] Level 1:colcon.colcon_core.environment:create_file_with_runtime_dependencies(/home/vigma/ros2_ws/install/barcode_node/share/colcon-core/packages/barcode_node)
[2.042s] Level 1:colcon.colcon_core.environment:create_environment_scripts_only(barcode_node)
[2.044s] Level 1:colcon.colcon_core.environment:checking '/home/vigma/ros2_ws/install/barcode_node' for CMake module files
[2.050s] Level 1:colcon.colcon_core.environment:checking '/home/vigma/ros2_ws/install/barcode_node' for CMake config files
[2.057s] Level 1:colcon.colcon_core.shell:create_environment_hook('barcode_node', 'cmake_prefix_path')
[2.058s] INFO:colcon.colcon_core.shell:Creating environment hook '/home/vigma/ros2_ws/install/barcode_node/share/barcode_node/hook/cmake_prefix_path.ps1'
[2.059s] INFO:colcon.colcon_core.shell:Creating environment descriptor '/home/vigma/ros2_ws/install/barcode_node/share/barcode_node/hook/cmake_prefix_path.dsv'
[2.060s] INFO:colcon.colcon_core.shell:Creating environment hook '/home/vigma/ros2_ws/install/barcode_node/share/barcode_node/hook/cmake_prefix_path.sh'
[2.062s] Level 1:colcon.colcon_core.environment:checking '/home/vigma/ros2_ws/install/barcode_node/lib'
[2.063s] Level 1:colcon.colcon_core.environment:checking '/home/vigma/ros2_ws/install/barcode_node/bin'
[2.063s] Level 1:colcon.colcon_core.environment:checking '/home/vigma/ros2_ws/install/barcode_node/lib/pkgconfig/barcode_node.pc'
[2.063s] Level 1:colcon.colcon_core.environment:checking '/home/vigma/ros2_ws/install/barcode_node/lib/python3.10/site-packages'
[2.064s] Level 1:colcon.colcon_core.environment:checking '/home/vigma/ros2_ws/install/barcode_node/bin'
[2.065s] INFO:colcon.colcon_core.shell:Creating package script '/home/vigma/ros2_ws/install/barcode_node/share/barcode_node/package.ps1'
[2.068s] INFO:colcon.colcon_core.shell:Creating package descriptor '/home/vigma/ros2_ws/install/barcode_node/share/barcode_node/package.dsv'
[2.071s] INFO:colcon.colcon_core.shell:Creating package script '/home/vigma/ros2_ws/install/barcode_node/share/barcode_node/package.sh'
[2.072s] INFO:colcon.colcon_core.shell:Creating package script '/home/vigma/ros2_ws/install/barcode_node/share/barcode_node/package.bash'
[2.075s] INFO:colcon.colcon_core.shell:Creating package script '/home/vigma/ros2_ws/install/barcode_node/share/barcode_node/package.zsh'
[2.077s] Level 1:colcon.colcon_core.environment:create_file_with_runtime_dependencies(/home/vigma/ros2_ws/install/barcode_node/share/colcon-core/packages/barcode_node)
[2.082s] Level 1:colcon.colcon_core.environment:create_environment_scripts_only(emergency_node)
[2.084s] Level 1:colcon.colcon_core.environment:checking '/home/vigma/ros2_ws/install/emergency_node' for CMake module files
[2.088s] DEBUG:colcon.colcon_core.event_handler.log_command:Invoked command in '/home/vigma/ros2_ws/build/emergency_node' returned '0': CMAKE_PREFIX_PATH=${CMAKE_PREFIX_PATH}:/opt/ros/humble /usr/bin/cmake --install /home/vigma/ros2_ws/build/emergency_node
[2.089s] Level 1:colcon.colcon_core.environment:checking '/home/vigma/ros2_ws/install/emergency_node' for CMake config files
[2.090s] Level 1:colcon.colcon_core.shell:create_environment_hook('emergency_node', 'cmake_prefix_path')
[2.091s] INFO:colcon.colcon_core.shell:Creating environment hook '/home/vigma/ros2_ws/install/emergency_node/share/emergency_node/hook/cmake_prefix_path.ps1'
[2.093s] INFO:colcon.colcon_core.shell:Creating environment descriptor '/home/vigma/ros2_ws/install/emergency_node/share/emergency_node/hook/cmake_prefix_path.dsv'
[2.095s] INFO:colcon.colcon_core.shell:Creating environment hook '/home/vigma/ros2_ws/install/emergency_node/share/emergency_node/hook/cmake_prefix_path.sh'
[2.096s] Level 1:colcon.colcon_core.environment:checking '/home/vigma/ros2_ws/install/emergency_node/lib'
[2.097s] Level 1:colcon.colcon_core.environment:checking '/home/vigma/ros2_ws/install/emergency_node/bin'
[2.097s] Level 1:colcon.colcon_core.environment:checking '/home/vigma/ros2_ws/install/emergency_node/lib/pkgconfig/emergency_node.pc'
[2.098s] Level 1:colcon.colcon_core.environment:checking '/home/vigma/ros2_ws/install/emergency_node/lib/python3.10/site-packages'
[2.099s] Level 1:colcon.colcon_core.environment:checking '/home/vigma/ros2_ws/install/emergency_node/bin'
[2.101s] INFO:colcon.colcon_core.shell:Creating package script '/home/vigma/ros2_ws/install/emergency_node/share/emergency_node/package.ps1'
[2.103s] INFO:colcon.colcon_core.shell:Creating package descriptor '/home/vigma/ros2_ws/install/emergency_node/share/emergency_node/package.dsv'
[2.106s] INFO:colcon.colcon_core.shell:Creating package script '/home/vigma/ros2_ws/install/emergency_node/share/emergency_node/package.sh'
[2.107s] INFO:colcon.colcon_core.shell:Creating package script '/home/vigma/ros2_ws/install/emergency_node/share/emergency_node/package.bash'
[2.109s] INFO:colcon.colcon_core.shell:Creating package script '/home/vigma/ros2_ws/install/emergency_node/share/emergency_node/package.zsh'
[2.110s] Level 1:colcon.colcon_core.environment:create_file_with_runtime_dependencies(/home/vigma/ros2_ws/install/emergency_node/share/colcon-core/packages/emergency_node)
[2.113s] Level 1:colcon.colcon_core.environment:create_environment_scripts_only(emergency_node)
[2.113s] Level 1:colcon.colcon_core.environment:checking '/home/vigma/ros2_ws/install/emergency_node' for CMake module files
[2.115s] Level 1:colcon.colcon_core.environment:checking '/home/vigma/ros2_ws/install/emergency_node' for CMake config files
[2.116s] Level 1:colcon.colcon_core.shell:create_environment_hook('emergency_node', 'cmake_prefix_path')
[2.116s] INFO:colcon.colcon_core.shell:Creating environment hook '/home/vigma/ros2_ws/install/emergency_node/share/emergency_node/hook/cmake_prefix_path.ps1'
[2.118s] INFO:colcon.colcon_core.shell:Creating environment descriptor '/home/vigma/ros2_ws/install/emergency_node/share/emergency_node/hook/cmake_prefix_path.dsv'
[2.119s] INFO:colcon.colcon_core.shell:Creating environment hook '/home/vigma/ros2_ws/install/emergency_node/share/emergency_node/hook/cmake_prefix_path.sh'
[2.121s] Level 1:colcon.colcon_core.environment:checking '/home/vigma/ros2_ws/install/emergency_node/lib'
[2.122s] Level 1:colcon.colcon_core.environment:checking '/home/vigma/ros2_ws/install/emergency_node/bin'
[2.122s] Level 1:colcon.colcon_core.environment:checking '/home/vigma/ros2_ws/install/emergency_node/lib/pkgconfig/emergency_node.pc'
[2.123s] Level 1:colcon.colcon_core.environment:checking '/home/vigma/ros2_ws/install/emergency_node/lib/python3.10/site-packages'
[2.124s] Level 1:colcon.colcon_core.environment:checking '/home/vigma/ros2_ws/install/emergency_node/bin'
[2.125s] INFO:colcon.colcon_core.shell:Creating package script '/home/vigma/ros2_ws/install/emergency_node/share/emergency_node/package.ps1'
[2.127s] INFO:colcon.colcon_core.shell:Creating package descriptor '/home/vigma/ros2_ws/install/emergency_node/share/emergency_node/package.dsv'
[2.129s] INFO:colcon.colcon_core.shell:Creating package script '/home/vigma/ros2_ws/install/emergency_node/share/emergency_node/package.sh'
[2.130s] INFO:colcon.colcon_core.shell:Creating package script '/home/vigma/ros2_ws/install/emergency_node/share/emergency_node/package.bash'
[2.136s] INFO:colcon.colcon_core.shell:Creating package script '/home/vigma/ros2_ws/install/emergency_node/share/emergency_node/package.zsh'
[2.139s] Level 1:colcon.colcon_core.environment:create_file_with_runtime_dependencies(/home/vigma/ros2_ws/install/emergency_node/share/colcon-core/packages/emergency_node)
[2.145s] Level 1:colcon.colcon_core.environment:create_environment_scripts_only(door_node)
[2.146s] Level 1:colcon.colcon_core.environment:checking '/home/vigma/ros2_ws/install/door_node' for CMake module files
[2.150s] DEBUG:colcon.colcon_core.event_handler.log_command:Invoked command in '/home/vigma/ros2_ws/build/door_node' returned '0': CMAKE_PREFIX_PATH=${CMAKE_PREFIX_PATH}:/opt/ros/humble /usr/bin/cmake --install /home/vigma/ros2_ws/build/door_node
[2.152s] Level 1:colcon.colcon_core.environment:checking '/home/vigma/ros2_ws/install/door_node' for CMake config files
[2.153s] Level 1:colcon.colcon_core.shell:create_environment_hook('door_node', 'cmake_prefix_path')
[2.154s] INFO:colcon.colcon_core.shell:Creating environment hook '/home/vigma/ros2_ws/install/door_node/share/door_node/hook/cmake_prefix_path.ps1'
[2.155s] INFO:colcon.colcon_core.shell:Creating environment descriptor '/home/vigma/ros2_ws/install/door_node/share/door_node/hook/cmake_prefix_path.dsv'
[2.157s] INFO:colcon.colcon_core.shell:Creating environment hook '/home/vigma/ros2_ws/install/door_node/share/door_node/hook/cmake_prefix_path.sh'
[2.159s] Level 1:colcon.colcon_core.environment:checking '/home/vigma/ros2_ws/install/door_node/lib'
[2.160s] Level 1:colcon.colcon_core.environment:checking '/home/vigma/ros2_ws/install/door_node/bin'
[2.160s] Level 1:colcon.colcon_core.environment:checking '/home/vigma/ros2_ws/install/door_node/lib/pkgconfig/door_node.pc'
[2.161s] Level 1:colcon.colcon_core.environment:checking '/home/vigma/ros2_ws/install/door_node/lib/python3.10/site-packages'
[2.162s] Level 1:colcon.colcon_core.environment:checking '/home/vigma/ros2_ws/install/door_node/bin'
[2.163s] INFO:colcon.colcon_core.shell:Creating package script '/home/vigma/ros2_ws/install/door_node/share/door_node/package.ps1'
[2.165s] INFO:colcon.colcon_core.shell:Creating package descriptor '/home/vigma/ros2_ws/install/door_node/share/door_node/package.dsv'
[2.167s] INFO:colcon.colcon_core.shell:Creating package script '/home/vigma/ros2_ws/install/door_node/share/door_node/package.sh'
[2.170s] INFO:colcon.colcon_core.shell:Creating package script '/home/vigma/ros2_ws/install/door_node/share/door_node/package.bash'
[2.172s] INFO:colcon.colcon_core.shell:Creating package script '/home/vigma/ros2_ws/install/door_node/share/door_node/package.zsh'
[2.173s] Level 1:colcon.colcon_core.environment:create_file_with_runtime_dependencies(/home/vigma/ros2_ws/install/door_node/share/colcon-core/packages/door_node)
[2.176s] Level 1:colcon.colcon_core.environment:create_environment_scripts_only(door_node)
[2.177s] Level 1:colcon.colcon_core.environment:checking '/home/vigma/ros2_ws/install/door_node' for CMake module files
[2.181s] Level 1:colcon.colcon_core.environment:checking '/home/vigma/ros2_ws/install/door_node' for CMake config files
[2.182s] Level 1:colcon.colcon_core.shell:create_environment_hook('door_node', 'cmake_prefix_path')
[2.183s] INFO:colcon.colcon_core.shell:Creating environment hook '/home/vigma/ros2_ws/install/door_node/share/door_node/hook/cmake_prefix_path.ps1'
[2.185s] INFO:colcon.colcon_core.shell:Creating environment descriptor '/home/vigma/ros2_ws/install/door_node/share/door_node/hook/cmake_prefix_path.dsv'
[2.187s] INFO:colcon.colcon_core.shell:Creating environment hook '/home/vigma/ros2_ws/install/door_node/share/door_node/hook/cmake_prefix_path.sh'
[2.189s] Level 1:colcon.colcon_core.environment:checking '/home/vigma/ros2_ws/install/door_node/lib'
[2.190s] Level 1:colcon.colcon_core.environment:checking '/home/vigma/ros2_ws/install/door_node/bin'
[2.190s] Level 1:colcon.colcon_core.environment:checking '/home/vigma/ros2_ws/install/door_node/lib/pkgconfig/door_node.pc'
[2.191s] Level 1:colcon.colcon_core.environment:checking '/home/vigma/ros2_ws/install/door_node/lib/python3.10/site-packages'
[2.192s] Level 1:colcon.colcon_core.environment:checking '/home/vigma/ros2_ws/install/door_node/bin'
[2.193s] INFO:colcon.colcon_core.shell:Creating package script '/home/vigma/ros2_ws/install/door_node/share/door_node/package.ps1'
[2.195s] INFO:colcon.colcon_core.shell:Creating package descriptor '/home/vigma/ros2_ws/install/door_node/share/door_node/package.dsv'
[2.197s] INFO:colcon.colcon_core.shell:Creating package script '/home/vigma/ros2_ws/install/door_node/share/door_node/package.sh'
[2.199s] INFO:colcon.colcon_core.shell:Creating package script '/home/vigma/ros2_ws/install/door_node/share/door_node/package.bash'
[2.201s] INFO:colcon.colcon_core.shell:Creating package script '/home/vigma/ros2_ws/install/door_node/share/door_node/package.zsh'
[2.203s] Level 1:colcon.colcon_core.environment:create_file_with_runtime_dependencies(/home/vigma/ros2_ws/install/door_node/share/colcon-core/packages/door_node)
[2.205s] Level 1:colcon.colcon_core.environment:create_environment_scripts_only(stacklight_node)
[2.207s] Level 1:colcon.colcon_core.environment:checking '/home/vigma/ros2_ws/install/stacklight_node' for CMake module files
[2.212s] DEBUG:colcon.colcon_core.event_handler.log_command:Invoked command in '/home/vigma/ros2_ws/build/stacklight_node' returned '0': CMAKE_PREFIX_PATH=${CMAKE_PREFIX_PATH}:/opt/ros/humble /usr/bin/cmake --install /home/vigma/ros2_ws/build/stacklight_node
[2.213s] Level 1:colcon.colcon_core.environment:checking '/home/vigma/ros2_ws/install/stacklight_node' for CMake config files
[2.215s] Level 1:colcon.colcon_core.shell:create_environment_hook('stacklight_node', 'cmake_prefix_path')
[2.216s] INFO:colcon.colcon_core.shell:Creating environment hook '/home/vigma/ros2_ws/install/stacklight_node/share/stacklight_node/hook/cmake_prefix_path.ps1'
[2.218s] INFO:colcon.colcon_core.shell:Creating environment descriptor '/home/vigma/ros2_ws/install/stacklight_node/share/stacklight_node/hook/cmake_prefix_path.dsv'
[2.220s] INFO:colcon.colcon_core.shell:Creating environment hook '/home/vigma/ros2_ws/install/stacklight_node/share/stacklight_node/hook/cmake_prefix_path.sh'
[2.223s] Level 1:colcon.colcon_core.environment:checking '/home/vigma/ros2_ws/install/stacklight_node/lib'
[2.223s] Level 1:colcon.colcon_core.environment:checking '/home/vigma/ros2_ws/install/stacklight_node/bin'
[2.223s] Level 1:colcon.colcon_core.environment:checking '/home/vigma/ros2_ws/install/stacklight_node/lib/pkgconfig/stacklight_node.pc'
[2.224s] Level 1:colcon.colcon_core.environment:checking '/home/vigma/ros2_ws/install/stacklight_node/lib/python3.10/site-packages'
[2.226s] Level 1:colcon.colcon_core.environment:checking '/home/vigma/ros2_ws/install/stacklight_node/bin'
[2.227s] INFO:colcon.colcon_core.shell:Creating package script '/home/vigma/ros2_ws/install/stacklight_node/share/stacklight_node/package.ps1'
[2.229s] INFO:colcon.colcon_core.shell:Creating package descriptor '/home/vigma/ros2_ws/install/stacklight_node/share/stacklight_node/package.dsv'
[2.231s] INFO:colcon.colcon_core.shell:Creating package script '/home/vigma/ros2_ws/install/stacklight_node/share/stacklight_node/package.sh'
[2.233s] INFO:colcon.colcon_core.shell:Creating package script '/home/vigma/ros2_ws/install/stacklight_node/share/stacklight_node/package.bash'
[2.235s] INFO:colcon.colcon_core.shell:Creating package script '/home/vigma/ros2_ws/install/stacklight_node/share/stacklight_node/package.zsh'
[2.236s] Level 1:colcon.colcon_core.environment:create_file_with_runtime_dependencies(/home/vigma/ros2_ws/install/stacklight_node/share/colcon-core/packages/stacklight_node)
[2.238s] Level 1:colcon.colcon_core.environment:create_environment_scripts_only(stacklight_node)
[2.239s] Level 1:colcon.colcon_core.environment:checking '/home/vigma/ros2_ws/install/stacklight_node' for CMake module files
[2.240s] Level 1:colcon.colcon_core.environment:checking '/home/vigma/ros2_ws/install/stacklight_node' for CMake config files
[2.241s] Level 1:colcon.colcon_core.shell:create_environment_hook('stacklight_node', 'cmake_prefix_path')
[2.242s] INFO:colcon.colcon_core.shell:Creating environment hook '/home/vigma/ros2_ws/install/stacklight_node/share/stacklight_node/hook/cmake_prefix_path.ps1'
[2.244s] INFO:colcon.colcon_core.shell:Creating environment descriptor '/home/vigma/ros2_ws/install/stacklight_node/share/stacklight_node/hook/cmake_prefix_path.dsv'
[2.245s] INFO:colcon.colcon_core.shell:Creating environment hook '/home/vigma/ros2_ws/install/stacklight_node/share/stacklight_node/hook/cmake_prefix_path.sh'
[2.247s] Level 1:colcon.colcon_core.environment:checking '/home/vigma/ros2_ws/install/stacklight_node/lib'
[2.247s] Level 1:colcon.colcon_core.environment:checking '/home/vigma/ros2_ws/install/stacklight_node/bin'
[2.248s] Level 1:colcon.colcon_core.environment:checking '/home/vigma/ros2_ws/install/stacklight_node/lib/pkgconfig/stacklight_node.pc'
[2.248s] Level 1:colcon.colcon_core.environment:checking '/home/vigma/ros2_ws/install/stacklight_node/lib/python3.10/site-packages'
[2.249s] Level 1:colcon.colcon_core.environment:checking '/home/vigma/ros2_ws/install/stacklight_node/bin'
[2.250s] INFO:colcon.colcon_core.shell:Creating package script '/home/vigma/ros2_ws/install/stacklight_node/share/stacklight_node/package.ps1'
[2.252s] INFO:colcon.colcon_core.shell:Creating package descriptor '/home/vigma/ros2_ws/install/stacklight_node/share/stacklight_node/package.dsv'
[2.254s] INFO:colcon.colcon_core.shell:Creating package script '/home/vigma/ros2_ws/install/stacklight_node/share/stacklight_node/package.sh'
[2.255s] INFO:colcon.colcon_core.shell:Creating package script '/home/vigma/ros2_ws/install/stacklight_node/share/stacklight_node/package.bash'
[2.257s] INFO:colcon.colcon_core.shell:Creating package script '/home/vigma/ros2_ws/install/stacklight_node/share/stacklight_node/package.zsh'
[2.259s] Level 1:colcon.colcon_core.environment:create_file_with_runtime_dependencies(/home/vigma/ros2_ws/install/stacklight_node/share/colcon-core/packages/stacklight_node)
[16.946s] DEBUG:colcon.colcon_core.event_handler.log_command:Invoked command in '/home/vigma/ros2_ws/build/cell_controller' returned '0': CMAKE_PREFIX_PATH=${CMAKE_PREFIX_PATH}:/opt/ros/humble /usr/bin/cmake --build /home/vigma/ros2_ws/build/cell_controller -- -j16 -l16
[16.954s] DEBUG:colcon.colcon_core.event_handler.log_command:Invoking command in '/home/vigma/ros2_ws/build/cell_controller': CMAKE_PREFIX_PATH=${CMAKE_PREFIX_PATH}:/opt/ros/humble /usr/bin/cmake --install /home/vigma/ros2_ws/build/cell_controller
[16.993s] Level 1:colcon.colcon_core.environment:create_environment_scripts_only(cell_controller)
[16.994s] Level 1:colcon.colcon_core.environment:checking '/home/vigma/ros2_ws/install/cell_controller' for CMake module files
[16.997s] DEBUG:colcon.colcon_core.event_handler.log_command:Invoked command in '/home/vigma/ros2_ws/build/cell_controller' returned '0': CMAKE_PREFIX_PATH=${CMAKE_PREFIX_PATH}:/opt/ros/humble /usr/bin/cmake --install /home/vigma/ros2_ws/build/cell_controller
[16.998s] Level 1:colcon.colcon_core.environment:checking '/home/vigma/ros2_ws/install/cell_controller' for CMake config files
[16.999s] Level 1:colcon.colcon_core.shell:create_environment_hook('cell_controller', 'cmake_prefix_path')
[17.000s] INFO:colcon.colcon_core.shell:Creating environment hook '/home/vigma/ros2_ws/install/cell_controller/share/cell_controller/hook/cmake_prefix_path.ps1'
[17.002s] INFO:colcon.colcon_core.shell:Creating environment descriptor '/home/vigma/ros2_ws/install/cell_controller/share/cell_controller/hook/cmake_prefix_path.dsv'
[17.003s] INFO:colcon.colcon_core.shell:Creating environment hook '/home/vigma/ros2_ws/install/cell_controller/share/cell_controller/hook/cmake_prefix_path.sh'
[17.009s] Level 1:colcon.colcon_core.environment:checking '/home/vigma/ros2_ws/install/cell_controller/lib'
[17.009s] Level 1:colcon.colcon_core.environment:checking '/home/vigma/ros2_ws/install/cell_controller/bin'
[17.010s] Level 1:colcon.colcon_core.environment:checking '/home/vigma/ros2_ws/install/cell_controller/lib/pkgconfig/cell_controller.pc'
[17.010s] Level 1:colcon.colcon_core.environment:checking '/home/vigma/ros2_ws/install/cell_controller/lib/python3.10/site-packages'
[17.012s] Level 1:colcon.colcon_core.environment:checking '/home/vigma/ros2_ws/install/cell_controller/bin'
[17.012s] INFO:colcon.colcon_core.shell:Creating package script '/home/vigma/ros2_ws/install/cell_controller/share/cell_controller/package.ps1'
[17.015s] INFO:colcon.colcon_core.shell:Creating package descriptor '/home/vigma/ros2_ws/install/cell_controller/share/cell_controller/package.dsv'
[17.016s] INFO:colcon.colcon_core.shell:Creating package script '/home/vigma/ros2_ws/install/cell_controller/share/cell_controller/package.sh'
[17.018s] INFO:colcon.colcon_core.shell:Creating package script '/home/vigma/ros2_ws/install/cell_controller/share/cell_controller/package.bash'
[17.019s] INFO:colcon.colcon_core.shell:Creating package script '/home/vigma/ros2_ws/install/cell_controller/share/cell_controller/package.zsh'
[17.020s] Level 1:colcon.colcon_core.environment:create_file_with_runtime_dependencies(/home/vigma/ros2_ws/install/cell_controller/share/colcon-core/packages/cell_controller)
[17.022s] Level 1:colcon.colcon_core.environment:create_environment_scripts_only(cell_controller)
[17.023s] Level 1:colcon.colcon_core.environment:checking '/home/vigma/ros2_ws/install/cell_controller' for CMake module files
[17.024s] Level 1:colcon.colcon_core.environment:checking '/home/vigma/ros2_ws/install/cell_controller' for CMake config files
[17.025s] Level 1:colcon.colcon_core.shell:create_environment_hook('cell_controller', 'cmake_prefix_path')
[17.025s] INFO:colcon.colcon_core.shell:Creating environment hook '/home/vigma/ros2_ws/install/cell_controller/share/cell_controller/hook/cmake_prefix_path.ps1'
[17.027s] INFO:colcon.colcon_core.shell:Creating environment descriptor '/home/vigma/ros2_ws/install/cell_controller/share/cell_controller/hook/cmake_prefix_path.dsv'
[17.028s] INFO:colcon.colcon_core.shell:Creating environment hook '/home/vigma/ros2_ws/install/cell_controller/share/cell_controller/hook/cmake_prefix_path.sh'
[17.029s] Level 1:colcon.colcon_core.environment:checking '/home/vigma/ros2_ws/install/cell_controller/lib'
[17.030s] Level 1:colcon.colcon_core.environment:checking '/home/vigma/ros2_ws/install/cell_controller/bin'
[17.030s] Level 1:colcon.colcon_core.environment:checking '/home/vigma/ros2_ws/install/cell_controller/lib/pkgconfig/cell_controller.pc'
[17.031s] Level 1:colcon.colcon_core.environment:checking '/home/vigma/ros2_ws/install/cell_controller/lib/python3.10/site-packages'
[17.032s] Level 1:colcon.colcon_core.environment:checking '/home/vigma/ros2_ws/install/cell_controller/bin'
[17.033s] INFO:colcon.colcon_core.shell:Creating package script '/home/vigma/ros2_ws/install/cell_controller/share/cell_controller/package.ps1'
[17.034s] INFO:colcon.colcon_core.shell:Creating package descriptor '/home/vigma/ros2_ws/install/cell_controller/share/cell_controller/package.dsv'
[17.036s] INFO:colcon.colcon_core.shell:Creating package script '/home/vigma/ros2_ws/install/cell_controller/share/cell_controller/package.sh'
[17.037s] INFO:colcon.colcon_core.shell:Creating package script '/home/vigma/ros2_ws/install/cell_controller/share/cell_controller/package.bash'
[17.039s] INFO:colcon.colcon_core.shell:Creating package script '/home/vigma/ros2_ws/install/cell_controller/share/cell_controller/package.zsh'
[17.040s] Level 1:colcon.colcon_core.environment:create_file_with_runtime_dependencies(/home/vigma/ros2_ws/install/cell_controller/share/colcon-core/packages/cell_controller)
[17.041s] DEBUG:colcon.colcon_parallel_executor.executor.parallel:closing loop
[17.044s] DEBUG:colcon.colcon_parallel_executor.executor.parallel:loop closed
[17.044s] DEBUG:colcon.colcon_parallel_executor.executor.parallel:run_until_complete finished with '0'
[17.044s] DEBUG:colcon.colcon_core.event_reactor:joining thread
[17.159s] INFO:colcon.colcon_core.plugin_system:Skipping extension 'colcon_notification.desktop_notification.notify_send': Could not find 'notify-send'
[17.159s] INFO:colcon.colcon_core.plugin_system:Skipping extension 'colcon_notification.desktop_notification.terminal_notifier': Not used on non-Darwin systems
[17.160s] INFO:colcon.colcon_core.plugin_system:Skipping extension 'colcon_notification.desktop_notification.win32': Not used on non-Windows systems
[17.160s] INFO:colcon.colcon_notification.desktop_notification:Sending desktop notification using 'notify2'
[17.160s] DEBUG:colcon.colcon_notification.desktop_notification.notify2:Failed to initialize notify2: org.freedesktop.DBus.Error.FileNotFound: Failed to connect to socket /run/user/1000/bus: No such file or directory
[17.161s] DEBUG:colcon.colcon_core.event_reactor:joined thread
[17.162s] INFO:colcon.colcon_core.shell:Creating prefix script '/home/vigma/ros2_ws/install/local_setup.ps1'
[17.164s] INFO:colcon.colcon_core.shell:Creating prefix util module '/home/vigma/ros2_ws/install/_local_setup_util_ps1.py'
[17.167s] INFO:colcon.colcon_core.shell:Creating prefix chain script '/home/vigma/ros2_ws/install/setup.ps1'
[17.171s] INFO:colcon.colcon_core.shell:Creating prefix script '/home/vigma/ros2_ws/install/local_setup.sh'
[17.173s] INFO:colcon.colcon_core.shell:Creating prefix util module '/home/vigma/ros2_ws/install/_local_setup_util_sh.py'
[17.174s] INFO:colcon.colcon_core.shell:Creating prefix chain script '/home/vigma/ros2_ws/install/setup.sh'
[17.177s] INFO:colcon.colcon_core.shell:Creating prefix script '/home/vigma/ros2_ws/install/local_setup.bash'
[17.179s] INFO:colcon.colcon_core.shell:Creating prefix chain script '/home/vigma/ros2_ws/install/setup.bash'
[17.182s] INFO:colcon.colcon_core.shell:Creating prefix script '/home/vigma/ros2_ws/install/local_setup.zsh'
[17.183s] INFO:colcon.colcon_core.shell:Creating prefix chain script '/home/vigma/ros2_ws/install/setup.zsh'
