[0.844s] DEBUG:colcon:Command line arguments: ['/usr/bin/colcon', 'build']
[0.845s] DEBUG:colcon:Parsed command line arguments: Namespace(log_base=None, log_level=None, verb_name='build', build_base='build', install_base='install', merge_install=False, symlink_install=False, test_result_base=None, continue_on_error=False, executor='parallel', parallel_workers=16, event_handlers=None, ignore_user_meta=False, metas=['./colcon.meta'], base_paths=['.'], packages_ignore=None, packages_ignore_regex=None, paths=None, packages_up_to=None, packages_up_to_regex=None, packages_above=None, packages_above_and_dependencies=None, packages_above_depth=None, packages_select_by_dep=None, packages_skip_by_dep=None, packages_skip_up_to=None, packages_select_build_failed=False, packages_skip_build_finished=False, packages_select_test_failures=False, packages_skip_test_passed=False, packages_select=None, packages_skip=None, packages_select_regex=None, packages_skip_regex=None, packages_start=None, packages_end=None, allow_overriding=[], cmake_args=None, cmake_target=None, cmake_target_skip_unavailable=False, cmake_clean_cache=False, cmake_clean_first=False, cmake_force_configure=False, ament_cmake_args=None, catkin_cmake_args=None, catkin_skip_building_tests=False, verb_parser=<colcon_defaults.argument_parser.defaults.DefaultArgumentsDecorator object at 0x74b2dc39aef0>, verb_extension=<colcon_core.verb.build.BuildVerb object at 0x74b2dc5c8700>, main=<bound method BuildVerb.main of <colcon_core.verb.build.BuildVerb object at 0x74b2dc5c8700>>)
[1.785s] Level 1:colcon.colcon_core.package_discovery:discover_packages(colcon_meta) check parameters
[1.785s] Level 1:colcon.colcon_core.package_discovery:discover_packages(recursive) check parameters
[1.786s] Level 1:colcon.colcon_core.package_discovery:discover_packages(ignore) check parameters
[1.786s] Level 1:colcon.colcon_core.package_discovery:discover_packages(path) check parameters
[1.786s] Level 1:colcon.colcon_core.package_discovery:discover_packages(colcon_meta) discover
[1.786s] Level 1:colcon.colcon_core.package_discovery:discover_packages(recursive) discover
[1.787s] INFO:colcon.colcon_core.package_discovery:Crawling recursively for packages in '/home/vigma/ros2_ws/bin_picking_robot'
[1.787s] Level 1:colcon.colcon_core.package_identification:_identify(.) by extensions ['ignore', 'ignore_ament_install']
[1.787s] Level 1:colcon.colcon_core.package_identification:_identify(.) by extension 'ignore'
[1.788s] Level 1:colcon.colcon_core.package_identification:_identify(.) by extension 'ignore_ament_install'
[1.788s] Level 1:colcon.colcon_core.package_identification:_identify(.) by extensions ['colcon_pkg']
[1.788s] Level 1:colcon.colcon_core.package_identification:_identify(.) by extension 'colcon_pkg'
[1.788s] Level 1:colcon.colcon_core.package_identification:_identify(.) by extensions ['colcon_meta']
[1.788s] Level 1:colcon.colcon_core.package_identification:_identify(.) by extension 'colcon_meta'
[1.788s] Level 1:colcon.colcon_core.package_identification:_identify(.) by extensions ['ros']
[1.789s] Level 1:colcon.colcon_core.package_identification:_identify(.) by extension 'ros'
[1.838s] Level 1:colcon.colcon_core.package_identification:_identify(.) by extensions ['cmake', 'python']
[1.838s] Level 1:colcon.colcon_core.package_identification:_identify(.) by extension 'cmake'
[1.838s] Level 1:colcon.colcon_core.package_identification:_identify(.) by extension 'python'
[1.839s] Level 1:colcon.colcon_core.package_identification:_identify(.) by extensions ['python_setup_py']
[1.839s] Level 1:colcon.colcon_core.package_identification:_identify(.) by extension 'python_setup_py'
[1.839s] Level 1:colcon.colcon_core.package_identification:_identify(build) by extensions ['ignore', 'ignore_ament_install']
[1.840s] Level 1:colcon.colcon_core.package_identification:_identify(build) by extension 'ignore'
[1.840s] Level 1:colcon.colcon_core.package_identification:_identify(build) ignored
[1.841s] Level 1:colcon.colcon_core.package_identification:_identify(install) by extensions ['ignore', 'ignore_ament_install']
[1.841s] Level 1:colcon.colcon_core.package_identification:_identify(install) by extension 'ignore'
[1.841s] Level 1:colcon.colcon_core.package_identification:_identify(install) ignored
[1.842s] Level 1:colcon.colcon_core.package_identification:_identify(log) by extensions ['ignore', 'ignore_ament_install']
[1.842s] Level 1:colcon.colcon_core.package_identification:_identify(log) by extension 'ignore'
[1.842s] Level 1:colcon.colcon_core.package_identification:_identify(log) ignored
[1.843s] Level 1:colcon.colcon_core.package_identification:_identify(src) by extensions ['ignore', 'ignore_ament_install']
[1.843s] Level 1:colcon.colcon_core.package_identification:_identify(src) by extension 'ignore'
[1.844s] Level 1:colcon.colcon_core.package_identification:_identify(src) by extension 'ignore_ament_install'
[1.844s] Level 1:colcon.colcon_core.package_identification:_identify(src) by extensions ['colcon_pkg']
[1.844s] Level 1:colcon.colcon_core.package_identification:_identify(src) by extension 'colcon_pkg'
[1.844s] Level 1:colcon.colcon_core.package_identification:_identify(src) by extensions ['colcon_meta']
[1.845s] Level 1:colcon.colcon_core.package_identification:_identify(src) by extension 'colcon_meta'
[1.845s] Level 1:colcon.colcon_core.package_identification:_identify(src) by extensions ['ros']
[1.845s] Level 1:colcon.colcon_core.package_identification:_identify(src) by extension 'ros'
[1.846s] Level 1:colcon.colcon_core.package_identification:_identify(src) by extensions ['cmake', 'python']
[1.846s] Level 1:colcon.colcon_core.package_identification:_identify(src) by extension 'cmake'
[1.846s] Level 1:colcon.colcon_core.package_identification:_identify(src) by extension 'python'
[1.847s] Level 1:colcon.colcon_core.package_identification:_identify(src) by extensions ['python_setup_py']
[1.847s] Level 1:colcon.colcon_core.package_identification:_identify(src) by extension 'python_setup_py'
[1.847s] Level 1:colcon.colcon_core.package_identification:_identify(src/barcode_node) by extensions ['ignore', 'ignore_ament_install']
[1.848s] Level 1:colcon.colcon_core.package_identification:_identify(src/barcode_node) by extension 'ignore'
[1.848s] Level 1:colcon.colcon_core.package_identification:_identify(src/barcode_node) by extension 'ignore_ament_install'
[1.848s] Level 1:colcon.colcon_core.package_identification:_identify(src/barcode_node) by extensions ['colcon_pkg']
[1.849s] Level 1:colcon.colcon_core.package_identification:_identify(src/barcode_node) by extension 'colcon_pkg'
[1.849s] Level 1:colcon.colcon_core.package_identification:_identify(src/barcode_node) by extensions ['colcon_meta']
[1.849s] Level 1:colcon.colcon_core.package_identification:_identify(src/barcode_node) by extension 'colcon_meta'
[1.849s] Level 1:colcon.colcon_core.package_identification:_identify(src/barcode_node) by extensions ['ros']
[1.850s] Level 1:colcon.colcon_core.package_identification:_identify(src/barcode_node) by extension 'ros'
[1.860s] DEBUG:colcon.colcon_core.package_identification:Package 'src/barcode_node' with type 'ros.ament_cmake' and name 'barcode_node'
[1.861s] Level 1:colcon.colcon_core.package_identification:_identify(src/cell_controller) by extensions ['ignore', 'ignore_ament_install']
[1.862s] Level 1:colcon.colcon_core.package_identification:_identify(src/cell_controller) by extension 'ignore'
[1.862s] Level 1:colcon.colcon_core.package_identification:_identify(src/cell_controller) by extension 'ignore_ament_install'
[1.863s] Level 1:colcon.colcon_core.package_identification:_identify(src/cell_controller) by extensions ['colcon_pkg']
[1.863s] Level 1:colcon.colcon_core.package_identification:_identify(src/cell_controller) by extension 'colcon_pkg'
[1.863s] Level 1:colcon.colcon_core.package_identification:_identify(src/cell_controller) by extensions ['colcon_meta']
[1.863s] Level 1:colcon.colcon_core.package_identification:_identify(src/cell_controller) by extension 'colcon_meta'
[1.864s] Level 1:colcon.colcon_core.package_identification:_identify(src/cell_controller) by extensions ['ros']
[1.864s] Level 1:colcon.colcon_core.package_identification:_identify(src/cell_controller) by extension 'ros'
[1.868s] DEBUG:colcon.colcon_core.package_identification:Package 'src/cell_controller' with type 'ros.ament_cmake' and name 'cell_controller'
[1.870s] Level 1:colcon.colcon_core.package_identification:_identify(src/door_node) by extensions ['ignore', 'ignore_ament_install']
[1.870s] Level 1:colcon.colcon_core.package_identification:_identify(src/door_node) by extension 'ignore'
[1.871s] Level 1:colcon.colcon_core.package_identification:_identify(src/door_node) by extension 'ignore_ament_install'
[1.871s] Level 1:colcon.colcon_core.package_identification:_identify(src/door_node) by extensions ['colcon_pkg']
[1.871s] Level 1:colcon.colcon_core.package_identification:_identify(src/door_node) by extension 'colcon_pkg'
[1.871s] Level 1:colcon.colcon_core.package_identification:_identify(src/door_node) by extensions ['colcon_meta']
[1.872s] Level 1:colcon.colcon_core.package_identification:_identify(src/door_node) by extension 'colcon_meta'
[1.872s] Level 1:colcon.colcon_core.package_identification:_identify(src/door_node) by extensions ['ros']
[1.872s] Level 1:colcon.colcon_core.package_identification:_identify(src/door_node) by extension 'ros'
[1.877s] DEBUG:colcon.colcon_core.package_identification:Package 'src/door_node' with type 'ros.ament_cmake' and name 'door_node'
[1.878s] Level 1:colcon.colcon_core.package_identification:_identify(src/emergency_node) by extensions ['ignore', 'ignore_ament_install']
[1.878s] Level 1:colcon.colcon_core.package_identification:_identify(src/emergency_node) by extension 'ignore'
[1.878s] Level 1:colcon.colcon_core.package_identification:_identify(src/emergency_node) by extension 'ignore_ament_install'
[1.879s] Level 1:colcon.colcon_core.package_identification:_identify(src/emergency_node) by extensions ['colcon_pkg']
[1.879s] Level 1:colcon.colcon_core.package_identification:_identify(src/emergency_node) by extension 'colcon_pkg'
[1.879s] Level 1:colcon.colcon_core.package_identification:_identify(src/emergency_node) by extensions ['colcon_meta']
[1.880s] Level 1:colcon.colcon_core.package_identification:_identify(src/emergency_node) by extension 'colcon_meta'
[1.880s] Level 1:colcon.colcon_core.package_identification:_identify(src/emergency_node) by extensions ['ros']
[1.880s] Level 1:colcon.colcon_core.package_identification:_identify(src/emergency_node) by extension 'ros'
[1.883s] DEBUG:colcon.colcon_core.package_identification:Package 'src/emergency_node' with type 'ros.ament_cmake' and name 'emergency_node'
[1.883s] Level 1:colcon.colcon_core.package_identification:_identify(src/hmi) by extensions ['ignore', 'ignore_ament_install']
[1.884s] Level 1:colcon.colcon_core.package_identification:_identify(src/hmi) by extension 'ignore'
[1.884s] Level 1:colcon.colcon_core.package_identification:_identify(src/hmi) by extension 'ignore_ament_install'
[1.884s] Level 1:colcon.colcon_core.package_identification:_identify(src/hmi) by extensions ['colcon_pkg']
[1.885s] Level 1:colcon.colcon_core.package_identification:_identify(src/hmi) by extension 'colcon_pkg'
[1.885s] Level 1:colcon.colcon_core.package_identification:_identify(src/hmi) by extensions ['colcon_meta']
[1.886s] Level 1:colcon.colcon_core.package_identification:_identify(src/hmi) by extension 'colcon_meta'
[1.886s] Level 1:colcon.colcon_core.package_identification:_identify(src/hmi) by extensions ['ros']
[1.886s] Level 1:colcon.colcon_core.package_identification:_identify(src/hmi) by extension 'ros'
[1.887s] Level 1:colcon.colcon_core.package_identification:_identify(src/hmi) by extensions ['cmake', 'python']
[1.887s] Level 1:colcon.colcon_core.package_identification:_identify(src/hmi) by extension 'cmake'
[1.887s] Level 1:colcon.colcon_core.package_identification:_identify(src/hmi) by extension 'python'
[1.887s] Level 1:colcon.colcon_core.package_identification:_identify(src/hmi) by extensions ['python_setup_py']
[1.888s] Level 1:colcon.colcon_core.package_identification:_identify(src/hmi) by extension 'python_setup_py'
[1.888s] Level 1:colcon.colcon_core.package_identification:_identify(src/interfaces) by extensions ['ignore', 'ignore_ament_install']
[1.889s] Level 1:colcon.colcon_core.package_identification:_identify(src/interfaces) by extension 'ignore'
[1.889s] Level 1:colcon.colcon_core.package_identification:_identify(src/interfaces) by extension 'ignore_ament_install'
[1.889s] Level 1:colcon.colcon_core.package_identification:_identify(src/interfaces) by extensions ['colcon_pkg']
[1.890s] Level 1:colcon.colcon_core.package_identification:_identify(src/interfaces) by extension 'colcon_pkg'
[1.890s] Level 1:colcon.colcon_core.package_identification:_identify(src/interfaces) by extensions ['colcon_meta']
[1.890s] Level 1:colcon.colcon_core.package_identification:_identify(src/interfaces) by extension 'colcon_meta'
[1.890s] Level 1:colcon.colcon_core.package_identification:_identify(src/interfaces) by extensions ['ros']
[1.891s] Level 1:colcon.colcon_core.package_identification:_identify(src/interfaces) by extension 'ros'
[1.893s] DEBUG:colcon.colcon_core.package_identification:Package 'src/interfaces' with type 'ros.ament_cmake' and name 'interfaces'
[1.894s] Level 1:colcon.colcon_core.package_identification:_identify(src/stacklight_node) by extensions ['ignore', 'ignore_ament_install']
[1.894s] Level 1:colcon.colcon_core.package_identification:_identify(src/stacklight_node) by extension 'ignore'
[1.894s] Level 1:colcon.colcon_core.package_identification:_identify(src/stacklight_node) by extension 'ignore_ament_install'
[1.895s] Level 1:colcon.colcon_core.package_identification:_identify(src/stacklight_node) by extensions ['colcon_pkg']
[1.895s] Level 1:colcon.colcon_core.package_identification:_identify(src/stacklight_node) by extension 'colcon_pkg'
[1.895s] Level 1:colcon.colcon_core.package_identification:_identify(src/stacklight_node) by extensions ['colcon_meta']
[1.895s] Level 1:colcon.colcon_core.package_identification:_identify(src/stacklight_node) by extension 'colcon_meta'
[1.896s] Level 1:colcon.colcon_core.package_identification:_identify(src/stacklight_node) by extensions ['ros']
[1.896s] Level 1:colcon.colcon_core.package_identification:_identify(src/stacklight_node) by extension 'ros'
[1.898s] DEBUG:colcon.colcon_core.package_identification:Package 'src/stacklight_node' with type 'ros.ament_cmake' and name 'stacklight_node'
[1.898s] Level 1:colcon.colcon_core.package_discovery:discover_packages(recursive) using defaults
[1.899s] Level 1:colcon.colcon_core.package_discovery:discover_packages(ignore) discover
[1.899s] Level 1:colcon.colcon_core.package_discovery:discover_packages(ignore) using defaults
[1.899s] Level 1:colcon.colcon_core.package_discovery:discover_packages(path) discover
[1.899s] Level 1:colcon.colcon_core.package_discovery:discover_packages(path) using defaults
[1.974s] Level 1:colcon.colcon_core.package_discovery:discover_packages(prefix_path) check parameters
[1.975s] Level 1:colcon.colcon_core.package_discovery:discover_packages(prefix_path) discover
[1.989s] DEBUG:colcon.colcon_installed_package_information.package_discovery:Found 273 installed packages in /opt/ros/humble
[2.014s] Level 1:colcon.colcon_core.package_discovery:discover_packages(prefix_path) using defaults
[2.122s] Level 5:colcon.colcon_core.verb:set package 'interfaces' build argument 'cmake_args' from command line to 'None'
[2.122s] Level 5:colcon.colcon_core.verb:set package 'interfaces' build argument 'cmake_target' from command line to 'None'
[2.122s] Level 5:colcon.colcon_core.verb:set package 'interfaces' build argument 'cmake_target_skip_unavailable' from command line to 'False'
[2.122s] Level 5:colcon.colcon_core.verb:set package 'interfaces' build argument 'cmake_clean_cache' from command line to 'False'
[2.122s] Level 5:colcon.colcon_core.verb:set package 'interfaces' build argument 'cmake_clean_first' from command line to 'False'
[2.122s] Level 5:colcon.colcon_core.verb:set package 'interfaces' build argument 'cmake_force_configure' from command line to 'False'
[2.122s] Level 5:colcon.colcon_core.verb:set package 'interfaces' build argument 'ament_cmake_args' from command line to 'None'
[2.122s] Level 5:colcon.colcon_core.verb:set package 'interfaces' build argument 'catkin_cmake_args' from command line to 'None'
[2.122s] Level 5:colcon.colcon_core.verb:set package 'interfaces' build argument 'catkin_skip_building_tests' from command line to 'False'
[2.122s] DEBUG:colcon.colcon_core.verb:Building package 'interfaces' with the following arguments: {'ament_cmake_args': None, 'build_base': '/home/vigma/ros2_ws/bin_picking_robot/build/interfaces', 'catkin_cmake_args': None, 'catkin_skip_building_tests': False, 'cmake_args': None, 'cmake_clean_cache': False, 'cmake_clean_first': False, 'cmake_force_configure': False, 'cmake_target': None, 'cmake_target_skip_unavailable': False, 'install_base': '/home/vigma/ros2_ws/bin_picking_robot/install/interfaces', 'merge_install': False, 'path': '/home/vigma/ros2_ws/bin_picking_robot/src/interfaces', 'symlink_install': False, 'test_result_base': None}
[2.123s] Level 5:colcon.colcon_core.verb:set package 'barcode_node' build argument 'cmake_args' from command line to 'None'
[2.124s] Level 5:colcon.colcon_core.verb:set package 'barcode_node' build argument 'cmake_target' from command line to 'None'
[2.124s] Level 5:colcon.colcon_core.verb:set package 'barcode_node' build argument 'cmake_target_skip_unavailable' from command line to 'False'
[2.124s] Level 5:colcon.colcon_core.verb:set package 'barcode_node' build argument 'cmake_clean_cache' from command line to 'False'
[2.124s] Level 5:colcon.colcon_core.verb:set package 'barcode_node' build argument 'cmake_clean_first' from command line to 'False'
[2.124s] Level 5:colcon.colcon_core.verb:set package 'barcode_node' build argument 'cmake_force_configure' from command line to 'False'
[2.124s] Level 5:colcon.colcon_core.verb:set package 'barcode_node' build argument 'ament_cmake_args' from command line to 'None'
[2.124s] Level 5:colcon.colcon_core.verb:set package 'barcode_node' build argument 'catkin_cmake_args' from command line to 'None'
[2.124s] Level 5:colcon.colcon_core.verb:set package 'barcode_node' build argument 'catkin_skip_building_tests' from command line to 'False'
[2.124s] DEBUG:colcon.colcon_core.verb:Building package 'barcode_node' with the following arguments: {'ament_cmake_args': None, 'build_base': '/home/vigma/ros2_ws/bin_picking_robot/build/barcode_node', 'catkin_cmake_args': None, 'catkin_skip_building_tests': False, 'cmake_args': None, 'cmake_clean_cache': False, 'cmake_clean_first': False, 'cmake_force_configure': False, 'cmake_target': None, 'cmake_target_skip_unavailable': False, 'install_base': '/home/vigma/ros2_ws/bin_picking_robot/install/barcode_node', 'merge_install': False, 'path': '/home/vigma/ros2_ws/bin_picking_robot/src/barcode_node', 'symlink_install': False, 'test_result_base': None}
[2.125s] Level 5:colcon.colcon_core.verb:set package 'cell_controller' build argument 'cmake_args' from command line to 'None'
[2.125s] Level 5:colcon.colcon_core.verb:set package 'cell_controller' build argument 'cmake_target' from command line to 'None'
[2.125s] Level 5:colcon.colcon_core.verb:set package 'cell_controller' build argument 'cmake_target_skip_unavailable' from command line to 'False'
[2.126s] Level 5:colcon.colcon_core.verb:set package 'cell_controller' build argument 'cmake_clean_cache' from command line to 'False'
[2.126s] Level 5:colcon.colcon_core.verb:set package 'cell_controller' build argument 'cmake_clean_first' from command line to 'False'
[2.126s] Level 5:colcon.colcon_core.verb:set package 'cell_controller' build argument 'cmake_force_configure' from command line to 'False'
[2.126s] Level 5:colcon.colcon_core.verb:set package 'cell_controller' build argument 'ament_cmake_args' from command line to 'None'
[2.126s] Level 5:colcon.colcon_core.verb:set package 'cell_controller' build argument 'catkin_cmake_args' from command line to 'None'
[2.126s] Level 5:colcon.colcon_core.verb:set package 'cell_controller' build argument 'catkin_skip_building_tests' from command line to 'False'
[2.126s] DEBUG:colcon.colcon_core.verb:Building package 'cell_controller' with the following arguments: {'ament_cmake_args': None, 'build_base': '/home/vigma/ros2_ws/bin_picking_robot/build/cell_controller', 'catkin_cmake_args': None, 'catkin_skip_building_tests': False, 'cmake_args': None, 'cmake_clean_cache': False, 'cmake_clean_first': False, 'cmake_force_configure': False, 'cmake_target': None, 'cmake_target_skip_unavailable': False, 'install_base': '/home/vigma/ros2_ws/bin_picking_robot/install/cell_controller', 'merge_install': False, 'path': '/home/vigma/ros2_ws/bin_picking_robot/src/cell_controller', 'symlink_install': False, 'test_result_base': None}
[2.127s] Level 5:colcon.colcon_core.verb:set package 'door_node' build argument 'cmake_args' from command line to 'None'
[2.127s] Level 5:colcon.colcon_core.verb:set package 'door_node' build argument 'cmake_target' from command line to 'None'
[2.127s] Level 5:colcon.colcon_core.verb:set package 'door_node' build argument 'cmake_target_skip_unavailable' from command line to 'False'
[2.127s] Level 5:colcon.colcon_core.verb:set package 'door_node' build argument 'cmake_clean_cache' from command line to 'False'
[2.127s] Level 5:colcon.colcon_core.verb:set package 'door_node' build argument 'cmake_clean_first' from command line to 'False'
[2.127s] Level 5:colcon.colcon_core.verb:set package 'door_node' build argument 'cmake_force_configure' from command line to 'False'
[2.127s] Level 5:colcon.colcon_core.verb:set package 'door_node' build argument 'ament_cmake_args' from command line to 'None'
[2.127s] Level 5:colcon.colcon_core.verb:set package 'door_node' build argument 'catkin_cmake_args' from command line to 'None'
[2.127s] Level 5:colcon.colcon_core.verb:set package 'door_node' build argument 'catkin_skip_building_tests' from command line to 'False'
[2.128s] DEBUG:colcon.colcon_core.verb:Building package 'door_node' with the following arguments: {'ament_cmake_args': None, 'build_base': '/home/vigma/ros2_ws/bin_picking_robot/build/door_node', 'catkin_cmake_args': None, 'catkin_skip_building_tests': False, 'cmake_args': None, 'cmake_clean_cache': False, 'cmake_clean_first': False, 'cmake_force_configure': False, 'cmake_target': None, 'cmake_target_skip_unavailable': False, 'install_base': '/home/vigma/ros2_ws/bin_picking_robot/install/door_node', 'merge_install': False, 'path': '/home/vigma/ros2_ws/bin_picking_robot/src/door_node', 'symlink_install': False, 'test_result_base': None}
[2.128s] Level 5:colcon.colcon_core.verb:set package 'emergency_node' build argument 'cmake_args' from command line to 'None'
[2.129s] Level 5:colcon.colcon_core.verb:set package 'emergency_node' build argument 'cmake_target' from command line to 'None'
[2.129s] Level 5:colcon.colcon_core.verb:set package 'emergency_node' build argument 'cmake_target_skip_unavailable' from command line to 'False'
[2.129s] Level 5:colcon.colcon_core.verb:set package 'emergency_node' build argument 'cmake_clean_cache' from command line to 'False'
[2.129s] Level 5:colcon.colcon_core.verb:set package 'emergency_node' build argument 'cmake_clean_first' from command line to 'False'
[2.129s] Level 5:colcon.colcon_core.verb:set package 'emergency_node' build argument 'cmake_force_configure' from command line to 'False'
[2.129s] Level 5:colcon.colcon_core.verb:set package 'emergency_node' build argument 'ament_cmake_args' from command line to 'None'
[2.129s] Level 5:colcon.colcon_core.verb:set package 'emergency_node' build argument 'catkin_cmake_args' from command line to 'None'
[2.129s] Level 5:colcon.colcon_core.verb:set package 'emergency_node' build argument 'catkin_skip_building_tests' from command line to 'False'
[2.129s] DEBUG:colcon.colcon_core.verb:Building package 'emergency_node' with the following arguments: {'ament_cmake_args': None, 'build_base': '/home/vigma/ros2_ws/bin_picking_robot/build/emergency_node', 'catkin_cmake_args': None, 'catkin_skip_building_tests': False, 'cmake_args': None, 'cmake_clean_cache': False, 'cmake_clean_first': False, 'cmake_force_configure': False, 'cmake_target': None, 'cmake_target_skip_unavailable': False, 'install_base': '/home/vigma/ros2_ws/bin_picking_robot/install/emergency_node', 'merge_install': False, 'path': '/home/vigma/ros2_ws/bin_picking_robot/src/emergency_node', 'symlink_install': False, 'test_result_base': None}
[2.130s] Level 5:colcon.colcon_core.verb:set package 'stacklight_node' build argument 'cmake_args' from command line to 'None'
[2.130s] Level 5:colcon.colcon_core.verb:set package 'stacklight_node' build argument 'cmake_target' from command line to 'None'
[2.130s] Level 5:colcon.colcon_core.verb:set package 'stacklight_node' build argument 'cmake_target_skip_unavailable' from command line to 'False'
[2.130s] Level 5:colcon.colcon_core.verb:set package 'stacklight_node' build argument 'cmake_clean_cache' from command line to 'False'
[2.130s] Level 5:colcon.colcon_core.verb:set package 'stacklight_node' build argument 'cmake_clean_first' from command line to 'False'
[2.130s] Level 5:colcon.colcon_core.verb:set package 'stacklight_node' build argument 'cmake_force_configure' from command line to 'False'
[2.130s] Level 5:colcon.colcon_core.verb:set package 'stacklight_node' build argument 'ament_cmake_args' from command line to 'None'
[2.131s] Level 5:colcon.colcon_core.verb:set package 'stacklight_node' build argument 'catkin_cmake_args' from command line to 'None'
[2.131s] Level 5:colcon.colcon_core.verb:set package 'stacklight_node' build argument 'catkin_skip_building_tests' from command line to 'False'
[2.131s] DEBUG:colcon.colcon_core.verb:Building package 'stacklight_node' with the following arguments: {'ament_cmake_args': None, 'build_base': '/home/vigma/ros2_ws/bin_picking_robot/build/stacklight_node', 'catkin_cmake_args': None, 'catkin_skip_building_tests': False, 'cmake_args': None, 'cmake_clean_cache': False, 'cmake_clean_first': False, 'cmake_force_configure': False, 'cmake_target': None, 'cmake_target_skip_unavailable': False, 'install_base': '/home/vigma/ros2_ws/bin_picking_robot/install/stacklight_node', 'merge_install': False, 'path': '/home/vigma/ros2_ws/bin_picking_robot/src/stacklight_node', 'symlink_install': False, 'test_result_base': None}
[2.131s] INFO:colcon.colcon_core.executor:Executing jobs using 'parallel' executor
[2.134s] DEBUG:colcon.colcon_parallel_executor.executor.parallel:run_until_complete
[2.135s] INFO:colcon.colcon_ros.task.ament_cmake.build:Building ROS package in '/home/vigma/ros2_ws/bin_picking_robot/src/interfaces' with build type 'ament_cmake'
[2.136s] INFO:colcon.colcon_cmake.task.cmake.build:Building CMake package in '/home/vigma/ros2_ws/bin_picking_robot/src/interfaces'
[2.168s] INFO:colcon.colcon_core.plugin_system:Skipping extension 'colcon_core.shell.bat': Not used on non-Windows systems
[2.169s] INFO:colcon.colcon_core.shell:Skip shell extension 'powershell' for command environment: Not usable outside of PowerShell
[2.170s] DEBUG:colcon.colcon_core.shell:Skip shell extension 'dsv' for command environment
[2.215s] DEBUG:colcon.colcon_core.event_handler.log_command:Invoking command in '/home/vigma/ros2_ws/bin_picking_robot/build/interfaces': CMAKE_PREFIX_PATH=/opt/ros/humble /usr/bin/cmake /home/vigma/ros2_ws/bin_picking_robot/src/interfaces -DCMAKE_INSTALL_PREFIX=/home/vigma/ros2_ws/bin_picking_robot/install/interfaces
[12.732s] DEBUG:colcon.colcon_core.event_handler.log_command:Invoked command in '/home/vigma/ros2_ws/bin_picking_robot/build/interfaces' returned '0': CMAKE_PREFIX_PATH=/opt/ros/humble /usr/bin/cmake /home/vigma/ros2_ws/bin_picking_robot/src/interfaces -DCMAKE_INSTALL_PREFIX=/home/vigma/ros2_ws/bin_picking_robot/install/interfaces
[12.740s] DEBUG:colcon.colcon_core.event_handler.log_command:Invoking command in '/home/vigma/ros2_ws/bin_picking_robot/build/interfaces': CMAKE_PREFIX_PATH=/opt/ros/humble /usr/bin/cmake --build /home/vigma/ros2_ws/bin_picking_robot/build/interfaces -- -j16 -l16
[29.284s] DEBUG:colcon.colcon_core.event_handler.log_command:Invoked command in '/home/vigma/ros2_ws/bin_picking_robot/build/interfaces' returned '0': CMAKE_PREFIX_PATH=/opt/ros/humble /usr/bin/cmake --build /home/vigma/ros2_ws/bin_picking_robot/build/interfaces -- -j16 -l16
[29.316s] DEBUG:colcon.colcon_core.event_handler.log_command:Invoking command in '/home/vigma/ros2_ws/bin_picking_robot/build/interfaces': CMAKE_PREFIX_PATH=/opt/ros/humble /usr/bin/cmake --install /home/vigma/ros2_ws/bin_picking_robot/build/interfaces
[29.806s] Level 1:colcon.colcon_core.environment:create_environment_scripts_only(interfaces)
[29.808s] DEBUG:colcon.colcon_core.event_handler.log_command:Invoked command in '/home/vigma/ros2_ws/bin_picking_robot/build/interfaces' returned '0': CMAKE_PREFIX_PATH=/opt/ros/humble /usr/bin/cmake --install /home/vigma/ros2_ws/bin_picking_robot/build/interfaces
[29.847s] Level 1:colcon.colcon_core.environment:checking '/home/vigma/ros2_ws/bin_picking_robot/install/interfaces' for CMake module files
[29.849s] Level 1:colcon.colcon_core.environment:checking '/home/vigma/ros2_ws/bin_picking_robot/install/interfaces' for CMake config files
[29.851s] Level 1:colcon.colcon_core.shell:create_environment_hook('interfaces', 'cmake_prefix_path')
[29.851s] INFO:colcon.colcon_core.shell:Creating environment hook '/home/vigma/ros2_ws/bin_picking_robot/install/interfaces/share/interfaces/hook/cmake_prefix_path.ps1'
[29.856s] INFO:colcon.colcon_core.shell:Creating environment descriptor '/home/vigma/ros2_ws/bin_picking_robot/install/interfaces/share/interfaces/hook/cmake_prefix_path.dsv'
[29.859s] INFO:colcon.colcon_core.shell:Creating environment hook '/home/vigma/ros2_ws/bin_picking_robot/install/interfaces/share/interfaces/hook/cmake_prefix_path.sh'
[29.863s] Level 1:colcon.colcon_core.environment:checking '/home/vigma/ros2_ws/bin_picking_robot/install/interfaces/lib'
[29.863s] Level 1:colcon.colcon_core.shell:create_environment_hook('interfaces', 'ld_library_path_lib')
[29.864s] INFO:colcon.colcon_core.shell:Creating environment hook '/home/vigma/ros2_ws/bin_picking_robot/install/interfaces/share/interfaces/hook/ld_library_path_lib.ps1'
[29.865s] INFO:colcon.colcon_core.shell:Creating environment descriptor '/home/vigma/ros2_ws/bin_picking_robot/install/interfaces/share/interfaces/hook/ld_library_path_lib.dsv'
[29.866s] INFO:colcon.colcon_core.shell:Creating environment hook '/home/vigma/ros2_ws/bin_picking_robot/install/interfaces/share/interfaces/hook/ld_library_path_lib.sh'
[29.867s] Level 1:colcon.colcon_core.environment:checking '/home/vigma/ros2_ws/bin_picking_robot/install/interfaces/bin'
[29.867s] Level 1:colcon.colcon_core.environment:checking '/home/vigma/ros2_ws/bin_picking_robot/install/interfaces/lib/pkgconfig/interfaces.pc'
[29.867s] Level 1:colcon.colcon_core.environment:checking '/home/vigma/ros2_ws/bin_picking_robot/install/interfaces/lib/python3.10/site-packages'
[29.868s] Level 1:colcon.colcon_core.environment:checking '/home/vigma/ros2_ws/bin_picking_robot/install/interfaces/bin'
[29.869s] INFO:colcon.colcon_core.shell:Creating package script '/home/vigma/ros2_ws/bin_picking_robot/install/interfaces/share/interfaces/package.ps1'
[29.873s] INFO:colcon.colcon_core.shell:Creating package descriptor '/home/vigma/ros2_ws/bin_picking_robot/install/interfaces/share/interfaces/package.dsv'
[29.876s] INFO:colcon.colcon_core.shell:Creating package script '/home/vigma/ros2_ws/bin_picking_robot/install/interfaces/share/interfaces/package.sh'
[29.879s] INFO:colcon.colcon_core.shell:Creating package script '/home/vigma/ros2_ws/bin_picking_robot/install/interfaces/share/interfaces/package.bash'
[29.883s] INFO:colcon.colcon_core.shell:Creating package script '/home/vigma/ros2_ws/bin_picking_robot/install/interfaces/share/interfaces/package.zsh'
[29.886s] Level 1:colcon.colcon_core.environment:create_file_with_runtime_dependencies(/home/vigma/ros2_ws/bin_picking_robot/install/interfaces/share/colcon-core/packages/interfaces)
[29.891s] Level 1:colcon.colcon_core.environment:create_environment_scripts_only(interfaces)
[29.891s] Level 1:colcon.colcon_core.environment:checking '/home/vigma/ros2_ws/bin_picking_robot/install/interfaces' for CMake module files
[29.893s] Level 1:colcon.colcon_core.environment:checking '/home/vigma/ros2_ws/bin_picking_robot/install/interfaces' for CMake config files
[29.895s] Level 1:colcon.colcon_core.shell:create_environment_hook('interfaces', 'cmake_prefix_path')
[29.895s] INFO:colcon.colcon_core.shell:Creating environment hook '/home/vigma/ros2_ws/bin_picking_robot/install/interfaces/share/interfaces/hook/cmake_prefix_path.ps1'
[29.896s] INFO:colcon.colcon_core.shell:Creating environment descriptor '/home/vigma/ros2_ws/bin_picking_robot/install/interfaces/share/interfaces/hook/cmake_prefix_path.dsv'
[29.897s] INFO:colcon.colcon_core.shell:Creating environment hook '/home/vigma/ros2_ws/bin_picking_robot/install/interfaces/share/interfaces/hook/cmake_prefix_path.sh'
[29.899s] Level 1:colcon.colcon_core.environment:checking '/home/vigma/ros2_ws/bin_picking_robot/install/interfaces/lib'
[29.899s] Level 1:colcon.colcon_core.shell:create_environment_hook('interfaces', 'ld_library_path_lib')
[29.900s] INFO:colcon.colcon_core.shell:Creating environment hook '/home/vigma/ros2_ws/bin_picking_robot/install/interfaces/share/interfaces/hook/ld_library_path_lib.ps1'
[29.901s] INFO:colcon.colcon_core.shell:Creating environment descriptor '/home/vigma/ros2_ws/bin_picking_robot/install/interfaces/share/interfaces/hook/ld_library_path_lib.dsv'
[29.902s] INFO:colcon.colcon_core.shell:Creating environment hook '/home/vigma/ros2_ws/bin_picking_robot/install/interfaces/share/interfaces/hook/ld_library_path_lib.sh'
[29.903s] Level 1:colcon.colcon_core.environment:checking '/home/vigma/ros2_ws/bin_picking_robot/install/interfaces/bin'
[29.903s] Level 1:colcon.colcon_core.environment:checking '/home/vigma/ros2_ws/bin_picking_robot/install/interfaces/lib/pkgconfig/interfaces.pc'
[29.904s] Level 1:colcon.colcon_core.environment:checking '/home/vigma/ros2_ws/bin_picking_robot/install/interfaces/lib/python3.10/site-packages'
[29.904s] Level 1:colcon.colcon_core.environment:checking '/home/vigma/ros2_ws/bin_picking_robot/install/interfaces/bin'
[29.905s] INFO:colcon.colcon_core.shell:Creating package script '/home/vigma/ros2_ws/bin_picking_robot/install/interfaces/share/interfaces/package.ps1'
[29.907s] INFO:colcon.colcon_core.shell:Creating package descriptor '/home/vigma/ros2_ws/bin_picking_robot/install/interfaces/share/interfaces/package.dsv'
[29.909s] INFO:colcon.colcon_core.shell:Creating package script '/home/vigma/ros2_ws/bin_picking_robot/install/interfaces/share/interfaces/package.sh'
[29.911s] INFO:colcon.colcon_core.shell:Creating package script '/home/vigma/ros2_ws/bin_picking_robot/install/interfaces/share/interfaces/package.bash'
[29.912s] INFO:colcon.colcon_core.shell:Creating package script '/home/vigma/ros2_ws/bin_picking_robot/install/interfaces/share/interfaces/package.zsh'
[29.913s] Level 1:colcon.colcon_core.environment:create_file_with_runtime_dependencies(/home/vigma/ros2_ws/bin_picking_robot/install/interfaces/share/colcon-core/packages/interfaces)
[29.914s] INFO:colcon.colcon_ros.task.ament_cmake.build:Building ROS package in '/home/vigma/ros2_ws/bin_picking_robot/src/barcode_node' with build type 'ament_cmake'
[29.915s] INFO:colcon.colcon_cmake.task.cmake.build:Building CMake package in '/home/vigma/ros2_ws/bin_picking_robot/src/barcode_node'
[29.917s] INFO:colcon.colcon_core.shell:Skip shell extension 'powershell' for command environment: Not usable outside of PowerShell
[29.917s] DEBUG:colcon.colcon_core.shell:Skip shell extension 'dsv' for command environment
[29.929s] INFO:colcon.colcon_ros.task.ament_cmake.build:Building ROS package in '/home/vigma/ros2_ws/bin_picking_robot/src/cell_controller' with build type 'ament_cmake'
[29.929s] INFO:colcon.colcon_cmake.task.cmake.build:Building CMake package in '/home/vigma/ros2_ws/bin_picking_robot/src/cell_controller'
[29.930s] INFO:colcon.colcon_core.shell:Skip shell extension 'powershell' for command environment: Not usable outside of PowerShell
[29.931s] DEBUG:colcon.colcon_core.shell:Skip shell extension 'dsv' for command environment
[29.942s] INFO:colcon.colcon_ros.task.ament_cmake.build:Building ROS package in '/home/vigma/ros2_ws/bin_picking_robot/src/door_node' with build type 'ament_cmake'
[29.943s] INFO:colcon.colcon_cmake.task.cmake.build:Building CMake package in '/home/vigma/ros2_ws/bin_picking_robot/src/door_node'
[29.944s] INFO:colcon.colcon_core.shell:Skip shell extension 'powershell' for command environment: Not usable outside of PowerShell
[29.945s] DEBUG:colcon.colcon_core.shell:Skip shell extension 'dsv' for command environment
[29.956s] INFO:colcon.colcon_ros.task.ament_cmake.build:Building ROS package in '/home/vigma/ros2_ws/bin_picking_robot/src/emergency_node' with build type 'ament_cmake'
[29.957s] INFO:colcon.colcon_cmake.task.cmake.build:Building CMake package in '/home/vigma/ros2_ws/bin_picking_robot/src/emergency_node'
[29.958s] INFO:colcon.colcon_core.shell:Skip shell extension 'powershell' for command environment: Not usable outside of PowerShell
[29.959s] DEBUG:colcon.colcon_core.shell:Skip shell extension 'dsv' for command environment
[29.973s] INFO:colcon.colcon_ros.task.ament_cmake.build:Building ROS package in '/home/vigma/ros2_ws/bin_picking_robot/src/stacklight_node' with build type 'ament_cmake'
[29.974s] INFO:colcon.colcon_cmake.task.cmake.build:Building CMake package in '/home/vigma/ros2_ws/bin_picking_robot/src/stacklight_node'
[29.975s] INFO:colcon.colcon_core.shell:Skip shell extension 'powershell' for command environment: Not usable outside of PowerShell
[29.975s] DEBUG:colcon.colcon_core.shell:Skip shell extension 'dsv' for command environment
[30.138s] DEBUG:colcon.colcon_core.event_handler.log_command:Invoking command in '/home/vigma/ros2_ws/bin_picking_robot/build/cell_controller': AMENT_PREFIX_PATH=/home/vigma/ros2_ws/bin_picking_robot/install/interfaces:${AMENT_PREFIX_PATH} CMAKE_PREFIX_PATH=/home/vigma/ros2_ws/bin_picking_robot/install/interfaces:/opt/ros/humble LD_LIBRARY_PATH=/home/vigma/ros2_ws/bin_picking_robot/install/interfaces/lib:${LD_LIBRARY_PATH} PYTHONPATH=/home/vigma/ros2_ws/bin_picking_robot/install/interfaces/local/lib/python3.10/dist-packages:${PYTHONPATH} /usr/bin/cmake /home/vigma/ros2_ws/bin_picking_robot/src/cell_controller -DCMAKE_INSTALL_PREFIX=/home/vigma/ros2_ws/bin_picking_robot/install/cell_controller
[30.166s] DEBUG:colcon.colcon_core.event_handler.log_command:Invoking command in '/home/vigma/ros2_ws/bin_picking_robot/build/barcode_node': AMENT_PREFIX_PATH=/home/vigma/ros2_ws/bin_picking_robot/install/interfaces:${AMENT_PREFIX_PATH} CMAKE_PREFIX_PATH=/home/vigma/ros2_ws/bin_picking_robot/install/interfaces:/opt/ros/humble LD_LIBRARY_PATH=/home/vigma/ros2_ws/bin_picking_robot/install/interfaces/lib:${LD_LIBRARY_PATH} PYTHONPATH=/home/vigma/ros2_ws/bin_picking_robot/install/interfaces/local/lib/python3.10/dist-packages:${PYTHONPATH} /usr/bin/cmake /home/vigma/ros2_ws/bin_picking_robot/src/barcode_node -DCMAKE_INSTALL_PREFIX=/home/vigma/ros2_ws/bin_picking_robot/install/barcode_node
[30.187s] DEBUG:colcon.colcon_core.event_handler.log_command:Invoking command in '/home/vigma/ros2_ws/bin_picking_robot/build/door_node': AMENT_PREFIX_PATH=/home/vigma/ros2_ws/bin_picking_robot/install/interfaces:${AMENT_PREFIX_PATH} CMAKE_PREFIX_PATH=/home/vigma/ros2_ws/bin_picking_robot/install/interfaces:/opt/ros/humble LD_LIBRARY_PATH=/home/vigma/ros2_ws/bin_picking_robot/install/interfaces/lib:${LD_LIBRARY_PATH} PYTHONPATH=/home/vigma/ros2_ws/bin_picking_robot/install/interfaces/local/lib/python3.10/dist-packages:${PYTHONPATH} /usr/bin/cmake /home/vigma/ros2_ws/bin_picking_robot/src/door_node -DCMAKE_INSTALL_PREFIX=/home/vigma/ros2_ws/bin_picking_robot/install/door_node
[30.209s] DEBUG:colcon.colcon_core.event_handler.log_command:Invoking command in '/home/vigma/ros2_ws/bin_picking_robot/build/emergency_node': AMENT_PREFIX_PATH=/home/vigma/ros2_ws/bin_picking_robot/install/interfaces:${AMENT_PREFIX_PATH} CMAKE_PREFIX_PATH=/home/vigma/ros2_ws/bin_picking_robot/install/interfaces:/opt/ros/humble LD_LIBRARY_PATH=/home/vigma/ros2_ws/bin_picking_robot/install/interfaces/lib:${LD_LIBRARY_PATH} PYTHONPATH=/home/vigma/ros2_ws/bin_picking_robot/install/interfaces/local/lib/python3.10/dist-packages:${PYTHONPATH} /usr/bin/cmake /home/vigma/ros2_ws/bin_picking_robot/src/emergency_node -DCMAKE_INSTALL_PREFIX=/home/vigma/ros2_ws/bin_picking_robot/install/emergency_node
[30.258s] DEBUG:colcon.colcon_core.event_handler.log_command:Invoking command in '/home/vigma/ros2_ws/bin_picking_robot/build/stacklight_node': AMENT_PREFIX_PATH=/home/vigma/ros2_ws/bin_picking_robot/install/interfaces:${AMENT_PREFIX_PATH} CMAKE_PREFIX_PATH=/home/vigma/ros2_ws/bin_picking_robot/install/interfaces:/opt/ros/humble LD_LIBRARY_PATH=/home/vigma/ros2_ws/bin_picking_robot/install/interfaces/lib:${LD_LIBRARY_PATH} PYTHONPATH=/home/vigma/ros2_ws/bin_picking_robot/install/interfaces/local/lib/python3.10/dist-packages:${PYTHONPATH} /usr/bin/cmake /home/vigma/ros2_ws/bin_picking_robot/src/stacklight_node -DCMAKE_INSTALL_PREFIX=/home/vigma/ros2_ws/bin_picking_robot/install/stacklight_node
[44.646s] DEBUG:colcon.colcon_core.event_handler.log_command:Invoked command in '/home/vigma/ros2_ws/bin_picking_robot/build/door_node' returned '0': AMENT_PREFIX_PATH=/home/vigma/ros2_ws/bin_picking_robot/install/interfaces:${AMENT_PREFIX_PATH} CMAKE_PREFIX_PATH=/home/vigma/ros2_ws/bin_picking_robot/install/interfaces:/opt/ros/humble LD_LIBRARY_PATH=/home/vigma/ros2_ws/bin_picking_robot/install/interfaces/lib:${LD_LIBRARY_PATH} PYTHONPATH=/home/vigma/ros2_ws/bin_picking_robot/install/interfaces/local/lib/python3.10/dist-packages:${PYTHONPATH} /usr/bin/cmake /home/vigma/ros2_ws/bin_picking_robot/src/door_node -DCMAKE_INSTALL_PREFIX=/home/vigma/ros2_ws/bin_picking_robot/install/door_node
[44.652s] DEBUG:colcon.colcon_core.event_handler.log_command:Invoking command in '/home/vigma/ros2_ws/bin_picking_robot/build/door_node': AMENT_PREFIX_PATH=/home/vigma/ros2_ws/bin_picking_robot/install/interfaces:${AMENT_PREFIX_PATH} CMAKE_PREFIX_PATH=/home/vigma/ros2_ws/bin_picking_robot/install/interfaces:/opt/ros/humble LD_LIBRARY_PATH=/home/vigma/ros2_ws/bin_picking_robot/install/interfaces/lib:${LD_LIBRARY_PATH} PYTHONPATH=/home/vigma/ros2_ws/bin_picking_robot/install/interfaces/local/lib/python3.10/dist-packages:${PYTHONPATH} /usr/bin/cmake --build /home/vigma/ros2_ws/bin_picking_robot/build/door_node -- -j16 -l16
[45.177s] DEBUG:colcon.colcon_core.event_handler.log_command:Invoked command in '/home/vigma/ros2_ws/bin_picking_robot/build/stacklight_node' returned '0': AMENT_PREFIX_PATH=/home/vigma/ros2_ws/bin_picking_robot/install/interfaces:${AMENT_PREFIX_PATH} CMAKE_PREFIX_PATH=/home/vigma/ros2_ws/bin_picking_robot/install/interfaces:/opt/ros/humble LD_LIBRARY_PATH=/home/vigma/ros2_ws/bin_picking_robot/install/interfaces/lib:${LD_LIBRARY_PATH} PYTHONPATH=/home/vigma/ros2_ws/bin_picking_robot/install/interfaces/local/lib/python3.10/dist-packages:${PYTHONPATH} /usr/bin/cmake /home/vigma/ros2_ws/bin_picking_robot/src/stacklight_node -DCMAKE_INSTALL_PREFIX=/home/vigma/ros2_ws/bin_picking_robot/install/stacklight_node
[45.182s] DEBUG:colcon.colcon_core.event_handler.log_command:Invoking command in '/home/vigma/ros2_ws/bin_picking_robot/build/stacklight_node': AMENT_PREFIX_PATH=/home/vigma/ros2_ws/bin_picking_robot/install/interfaces:${AMENT_PREFIX_PATH} CMAKE_PREFIX_PATH=/home/vigma/ros2_ws/bin_picking_robot/install/interfaces:/opt/ros/humble LD_LIBRARY_PATH=/home/vigma/ros2_ws/bin_picking_robot/install/interfaces/lib:${LD_LIBRARY_PATH} PYTHONPATH=/home/vigma/ros2_ws/bin_picking_robot/install/interfaces/local/lib/python3.10/dist-packages:${PYTHONPATH} /usr/bin/cmake --build /home/vigma/ros2_ws/bin_picking_robot/build/stacklight_node -- -j16 -l16
[45.848s] DEBUG:colcon.colcon_core.event_handler.log_command:Invoked command in '/home/vigma/ros2_ws/bin_picking_robot/build/barcode_node' returned '0': AMENT_PREFIX_PATH=/home/vigma/ros2_ws/bin_picking_robot/install/interfaces:${AMENT_PREFIX_PATH} CMAKE_PREFIX_PATH=/home/vigma/ros2_ws/bin_picking_robot/install/interfaces:/opt/ros/humble LD_LIBRARY_PATH=/home/vigma/ros2_ws/bin_picking_robot/install/interfaces/lib:${LD_LIBRARY_PATH} PYTHONPATH=/home/vigma/ros2_ws/bin_picking_robot/install/interfaces/local/lib/python3.10/dist-packages:${PYTHONPATH} /usr/bin/cmake /home/vigma/ros2_ws/bin_picking_robot/src/barcode_node -DCMAKE_INSTALL_PREFIX=/home/vigma/ros2_ws/bin_picking_robot/install/barcode_node
[45.854s] DEBUG:colcon.colcon_core.event_handler.log_command:Invoking command in '/home/vigma/ros2_ws/bin_picking_robot/build/barcode_node': AMENT_PREFIX_PATH=/home/vigma/ros2_ws/bin_picking_robot/install/interfaces:${AMENT_PREFIX_PATH} CMAKE_PREFIX_PATH=/home/vigma/ros2_ws/bin_picking_robot/install/interfaces:/opt/ros/humble LD_LIBRARY_PATH=/home/vigma/ros2_ws/bin_picking_robot/install/interfaces/lib:${LD_LIBRARY_PATH} PYTHONPATH=/home/vigma/ros2_ws/bin_picking_robot/install/interfaces/local/lib/python3.10/dist-packages:${PYTHONPATH} /usr/bin/cmake --build /home/vigma/ros2_ws/bin_picking_robot/build/barcode_node -- -j16 -l16
[48.005s] DEBUG:colcon.colcon_core.event_handler.log_command:Invoked command in '/home/vigma/ros2_ws/bin_picking_robot/build/cell_controller' returned '0': AMENT_PREFIX_PATH=/home/vigma/ros2_ws/bin_picking_robot/install/interfaces:${AMENT_PREFIX_PATH} CMAKE_PREFIX_PATH=/home/vigma/ros2_ws/bin_picking_robot/install/interfaces:/opt/ros/humble LD_LIBRARY_PATH=/home/vigma/ros2_ws/bin_picking_robot/install/interfaces/lib:${LD_LIBRARY_PATH} PYTHONPATH=/home/vigma/ros2_ws/bin_picking_robot/install/interfaces/local/lib/python3.10/dist-packages:${PYTHONPATH} /usr/bin/cmake /home/vigma/ros2_ws/bin_picking_robot/src/cell_controller -DCMAKE_INSTALL_PREFIX=/home/vigma/ros2_ws/bin_picking_robot/install/cell_controller
[48.016s] DEBUG:colcon.colcon_core.event_handler.log_command:Invoking command in '/home/vigma/ros2_ws/bin_picking_robot/build/cell_controller': AMENT_PREFIX_PATH=/home/vigma/ros2_ws/bin_picking_robot/install/interfaces:${AMENT_PREFIX_PATH} CMAKE_PREFIX_PATH=/home/vigma/ros2_ws/bin_picking_robot/install/interfaces:/opt/ros/humble LD_LIBRARY_PATH=/home/vigma/ros2_ws/bin_picking_robot/install/interfaces/lib:${LD_LIBRARY_PATH} PYTHONPATH=/home/vigma/ros2_ws/bin_picking_robot/install/interfaces/local/lib/python3.10/dist-packages:${PYTHONPATH} /usr/bin/cmake --build /home/vigma/ros2_ws/bin_picking_robot/build/cell_controller -- -j16 -l16
[48.175s] DEBUG:colcon.colcon_core.event_handler.log_command:Invoked command in '/home/vigma/ros2_ws/bin_picking_robot/build/emergency_node' returned '0': AMENT_PREFIX_PATH=/home/vigma/ros2_ws/bin_picking_robot/install/interfaces:${AMENT_PREFIX_PATH} CMAKE_PREFIX_PATH=/home/vigma/ros2_ws/bin_picking_robot/install/interfaces:/opt/ros/humble LD_LIBRARY_PATH=/home/vigma/ros2_ws/bin_picking_robot/install/interfaces/lib:${LD_LIBRARY_PATH} PYTHONPATH=/home/vigma/ros2_ws/bin_picking_robot/install/interfaces/local/lib/python3.10/dist-packages:${PYTHONPATH} /usr/bin/cmake /home/vigma/ros2_ws/bin_picking_robot/src/emergency_node -DCMAKE_INSTALL_PREFIX=/home/vigma/ros2_ws/bin_picking_robot/install/emergency_node
[48.182s] DEBUG:colcon.colcon_core.event_handler.log_command:Invoking command in '/home/vigma/ros2_ws/bin_picking_robot/build/emergency_node': AMENT_PREFIX_PATH=/home/vigma/ros2_ws/bin_picking_robot/install/interfaces:${AMENT_PREFIX_PATH} CMAKE_PREFIX_PATH=/home/vigma/ros2_ws/bin_picking_robot/install/interfaces:/opt/ros/humble LD_LIBRARY_PATH=/home/vigma/ros2_ws/bin_picking_robot/install/interfaces/lib:${LD_LIBRARY_PATH} PYTHONPATH=/home/vigma/ros2_ws/bin_picking_robot/install/interfaces/local/lib/python3.10/dist-packages:${PYTHONPATH} /usr/bin/cmake --build /home/vigma/ros2_ws/bin_picking_robot/build/emergency_node -- -j16 -l16
[67.052s] DEBUG:colcon.colcon_core.event_handler.log_command:Invoked command in '/home/vigma/ros2_ws/bin_picking_robot/build/door_node' returned '0': AMENT_PREFIX_PATH=/home/vigma/ros2_ws/bin_picking_robot/install/interfaces:${AMENT_PREFIX_PATH} CMAKE_PREFIX_PATH=/home/vigma/ros2_ws/bin_picking_robot/install/interfaces:/opt/ros/humble LD_LIBRARY_PATH=/home/vigma/ros2_ws/bin_picking_robot/install/interfaces/lib:${LD_LIBRARY_PATH} PYTHONPATH=/home/vigma/ros2_ws/bin_picking_robot/install/interfaces/local/lib/python3.10/dist-packages:${PYTHONPATH} /usr/bin/cmake --build /home/vigma/ros2_ws/bin_picking_robot/build/door_node -- -j16 -l16
[67.059s] DEBUG:colcon.colcon_core.event_handler.log_command:Invoking command in '/home/vigma/ros2_ws/bin_picking_robot/build/door_node': AMENT_PREFIX_PATH=/home/vigma/ros2_ws/bin_picking_robot/install/interfaces:${AMENT_PREFIX_PATH} CMAKE_PREFIX_PATH=/home/vigma/ros2_ws/bin_picking_robot/install/interfaces:/opt/ros/humble LD_LIBRARY_PATH=/home/vigma/ros2_ws/bin_picking_robot/install/interfaces/lib:${LD_LIBRARY_PATH} PYTHONPATH=/home/vigma/ros2_ws/bin_picking_robot/install/interfaces/local/lib/python3.10/dist-packages:${PYTHONPATH} /usr/bin/cmake --install /home/vigma/ros2_ws/bin_picking_robot/build/door_node
[67.154s] Level 1:colcon.colcon_core.environment:create_environment_scripts_only(door_node)
[67.156s] Level 1:colcon.colcon_core.environment:checking '/home/vigma/ros2_ws/bin_picking_robot/install/door_node' for CMake module files
[67.157s] DEBUG:colcon.colcon_core.event_handler.log_command:Invoked command in '/home/vigma/ros2_ws/bin_picking_robot/build/door_node' returned '0': AMENT_PREFIX_PATH=/home/vigma/ros2_ws/bin_picking_robot/install/interfaces:${AMENT_PREFIX_PATH} CMAKE_PREFIX_PATH=/home/vigma/ros2_ws/bin_picking_robot/install/interfaces:/opt/ros/humble LD_LIBRARY_PATH=/home/vigma/ros2_ws/bin_picking_robot/install/interfaces/lib:${LD_LIBRARY_PATH} PYTHONPATH=/home/vigma/ros2_ws/bin_picking_robot/install/interfaces/local/lib/python3.10/dist-packages:${PYTHONPATH} /usr/bin/cmake --install /home/vigma/ros2_ws/bin_picking_robot/build/door_node
[67.159s] Level 1:colcon.colcon_core.environment:checking '/home/vigma/ros2_ws/bin_picking_robot/install/door_node' for CMake config files
[67.160s] Level 1:colcon.colcon_core.shell:create_environment_hook('door_node', 'cmake_prefix_path')
[67.161s] INFO:colcon.colcon_core.shell:Creating environment hook '/home/vigma/ros2_ws/bin_picking_robot/install/door_node/share/door_node/hook/cmake_prefix_path.ps1'
[67.165s] INFO:colcon.colcon_core.shell:Creating environment descriptor '/home/vigma/ros2_ws/bin_picking_robot/install/door_node/share/door_node/hook/cmake_prefix_path.dsv'
[67.166s] INFO:colcon.colcon_core.shell:Creating environment hook '/home/vigma/ros2_ws/bin_picking_robot/install/door_node/share/door_node/hook/cmake_prefix_path.sh'
[67.168s] Level 1:colcon.colcon_core.environment:checking '/home/vigma/ros2_ws/bin_picking_robot/install/door_node/lib'
[67.168s] Level 1:colcon.colcon_core.environment:checking '/home/vigma/ros2_ws/bin_picking_robot/install/door_node/bin'
[67.169s] Level 1:colcon.colcon_core.environment:checking '/home/vigma/ros2_ws/bin_picking_robot/install/door_node/lib/pkgconfig/door_node.pc'
[67.169s] Level 1:colcon.colcon_core.environment:checking '/home/vigma/ros2_ws/bin_picking_robot/install/door_node/lib/python3.10/site-packages'
[67.171s] Level 1:colcon.colcon_core.environment:checking '/home/vigma/ros2_ws/bin_picking_robot/install/door_node/bin'
[67.172s] INFO:colcon.colcon_core.shell:Creating package script '/home/vigma/ros2_ws/bin_picking_robot/install/door_node/share/door_node/package.ps1'
[67.174s] INFO:colcon.colcon_core.shell:Creating package descriptor '/home/vigma/ros2_ws/bin_picking_robot/install/door_node/share/door_node/package.dsv'
[67.176s] INFO:colcon.colcon_core.shell:Creating package script '/home/vigma/ros2_ws/bin_picking_robot/install/door_node/share/door_node/package.sh'
[67.179s] INFO:colcon.colcon_core.shell:Creating package script '/home/vigma/ros2_ws/bin_picking_robot/install/door_node/share/door_node/package.bash'
[67.181s] INFO:colcon.colcon_core.shell:Creating package script '/home/vigma/ros2_ws/bin_picking_robot/install/door_node/share/door_node/package.zsh'
[67.184s] Level 1:colcon.colcon_core.environment:create_file_with_runtime_dependencies(/home/vigma/ros2_ws/bin_picking_robot/install/door_node/share/colcon-core/packages/door_node)
[67.192s] Level 1:colcon.colcon_core.environment:create_environment_scripts_only(door_node)
[67.193s] Level 1:colcon.colcon_core.environment:checking '/home/vigma/ros2_ws/bin_picking_robot/install/door_node' for CMake module files
[67.197s] Level 1:colcon.colcon_core.environment:checking '/home/vigma/ros2_ws/bin_picking_robot/install/door_node' for CMake config files
[67.200s] Level 1:colcon.colcon_core.shell:create_environment_hook('door_node', 'cmake_prefix_path')
[67.201s] INFO:colcon.colcon_core.shell:Creating environment hook '/home/vigma/ros2_ws/bin_picking_robot/install/door_node/share/door_node/hook/cmake_prefix_path.ps1'
[67.203s] INFO:colcon.colcon_core.shell:Creating environment descriptor '/home/vigma/ros2_ws/bin_picking_robot/install/door_node/share/door_node/hook/cmake_prefix_path.dsv'
[67.204s] INFO:colcon.colcon_core.shell:Creating environment hook '/home/vigma/ros2_ws/bin_picking_robot/install/door_node/share/door_node/hook/cmake_prefix_path.sh'
[67.206s] Level 1:colcon.colcon_core.environment:checking '/home/vigma/ros2_ws/bin_picking_robot/install/door_node/lib'
[67.207s] Level 1:colcon.colcon_core.environment:checking '/home/vigma/ros2_ws/bin_picking_robot/install/door_node/bin'
[67.208s] Level 1:colcon.colcon_core.environment:checking '/home/vigma/ros2_ws/bin_picking_robot/install/door_node/lib/pkgconfig/door_node.pc'
[67.208s] Level 1:colcon.colcon_core.environment:checking '/home/vigma/ros2_ws/bin_picking_robot/install/door_node/lib/python3.10/site-packages'
[67.210s] Level 1:colcon.colcon_core.environment:checking '/home/vigma/ros2_ws/bin_picking_robot/install/door_node/bin'
[67.211s] INFO:colcon.colcon_core.shell:Creating package script '/home/vigma/ros2_ws/bin_picking_robot/install/door_node/share/door_node/package.ps1'
[67.214s] INFO:colcon.colcon_core.shell:Creating package descriptor '/home/vigma/ros2_ws/bin_picking_robot/install/door_node/share/door_node/package.dsv'
[67.216s] INFO:colcon.colcon_core.shell:Creating package script '/home/vigma/ros2_ws/bin_picking_robot/install/door_node/share/door_node/package.sh'
[67.217s] INFO:colcon.colcon_core.shell:Creating package script '/home/vigma/ros2_ws/bin_picking_robot/install/door_node/share/door_node/package.bash'
[67.219s] INFO:colcon.colcon_core.shell:Creating package script '/home/vigma/ros2_ws/bin_picking_robot/install/door_node/share/door_node/package.zsh'
[67.220s] Level 1:colcon.colcon_core.environment:create_file_with_runtime_dependencies(/home/vigma/ros2_ws/bin_picking_robot/install/door_node/share/colcon-core/packages/door_node)
[68.222s] DEBUG:colcon.colcon_core.event_handler.log_command:Invoked command in '/home/vigma/ros2_ws/bin_picking_robot/build/barcode_node' returned '0': AMENT_PREFIX_PATH=/home/vigma/ros2_ws/bin_picking_robot/install/interfaces:${AMENT_PREFIX_PATH} CMAKE_PREFIX_PATH=/home/vigma/ros2_ws/bin_picking_robot/install/interfaces:/opt/ros/humble LD_LIBRARY_PATH=/home/vigma/ros2_ws/bin_picking_robot/install/interfaces/lib:${LD_LIBRARY_PATH} PYTHONPATH=/home/vigma/ros2_ws/bin_picking_robot/install/interfaces/local/lib/python3.10/dist-packages:${PYTHONPATH} /usr/bin/cmake --build /home/vigma/ros2_ws/bin_picking_robot/build/barcode_node -- -j16 -l16
[68.230s] DEBUG:colcon.colcon_core.event_handler.log_command:Invoking command in '/home/vigma/ros2_ws/bin_picking_robot/build/barcode_node': AMENT_PREFIX_PATH=/home/vigma/ros2_ws/bin_picking_robot/install/interfaces:${AMENT_PREFIX_PATH} CMAKE_PREFIX_PATH=/home/vigma/ros2_ws/bin_picking_robot/install/interfaces:/opt/ros/humble LD_LIBRARY_PATH=/home/vigma/ros2_ws/bin_picking_robot/install/interfaces/lib:${LD_LIBRARY_PATH} PYTHONPATH=/home/vigma/ros2_ws/bin_picking_robot/install/interfaces/local/lib/python3.10/dist-packages:${PYTHONPATH} /usr/bin/cmake --install /home/vigma/ros2_ws/bin_picking_robot/build/barcode_node
[68.309s] Level 1:colcon.colcon_core.environment:create_environment_scripts_only(barcode_node)
[68.310s] Level 1:colcon.colcon_core.environment:checking '/home/vigma/ros2_ws/bin_picking_robot/install/barcode_node' for CMake module files
[68.312s] DEBUG:colcon.colcon_core.event_handler.log_command:Invoked command in '/home/vigma/ros2_ws/bin_picking_robot/build/barcode_node' returned '0': AMENT_PREFIX_PATH=/home/vigma/ros2_ws/bin_picking_robot/install/interfaces:${AMENT_PREFIX_PATH} CMAKE_PREFIX_PATH=/home/vigma/ros2_ws/bin_picking_robot/install/interfaces:/opt/ros/humble LD_LIBRARY_PATH=/home/vigma/ros2_ws/bin_picking_robot/install/interfaces/lib:${LD_LIBRARY_PATH} PYTHONPATH=/home/vigma/ros2_ws/bin_picking_robot/install/interfaces/local/lib/python3.10/dist-packages:${PYTHONPATH} /usr/bin/cmake --install /home/vigma/ros2_ws/bin_picking_robot/build/barcode_node
[68.314s] Level 1:colcon.colcon_core.environment:checking '/home/vigma/ros2_ws/bin_picking_robot/install/barcode_node' for CMake config files
[68.315s] Level 1:colcon.colcon_core.shell:create_environment_hook('barcode_node', 'cmake_prefix_path')
[68.316s] INFO:colcon.colcon_core.shell:Creating environment hook '/home/vigma/ros2_ws/bin_picking_robot/install/barcode_node/share/barcode_node/hook/cmake_prefix_path.ps1'
[68.320s] INFO:colcon.colcon_core.shell:Creating environment descriptor '/home/vigma/ros2_ws/bin_picking_robot/install/barcode_node/share/barcode_node/hook/cmake_prefix_path.dsv'
[68.321s] INFO:colcon.colcon_core.shell:Creating environment hook '/home/vigma/ros2_ws/bin_picking_robot/install/barcode_node/share/barcode_node/hook/cmake_prefix_path.sh'
[68.323s] Level 1:colcon.colcon_core.environment:checking '/home/vigma/ros2_ws/bin_picking_robot/install/barcode_node/lib'
[68.323s] Level 1:colcon.colcon_core.environment:checking '/home/vigma/ros2_ws/bin_picking_robot/install/barcode_node/bin'
[68.323s] Level 1:colcon.colcon_core.environment:checking '/home/vigma/ros2_ws/bin_picking_robot/install/barcode_node/lib/pkgconfig/barcode_node.pc'
[68.324s] Level 1:colcon.colcon_core.environment:checking '/home/vigma/ros2_ws/bin_picking_robot/install/barcode_node/lib/python3.10/site-packages'
[68.325s] Level 1:colcon.colcon_core.environment:checking '/home/vigma/ros2_ws/bin_picking_robot/install/barcode_node/bin'
[68.326s] INFO:colcon.colcon_core.shell:Creating package script '/home/vigma/ros2_ws/bin_picking_robot/install/barcode_node/share/barcode_node/package.ps1'
[68.327s] INFO:colcon.colcon_core.shell:Creating package descriptor '/home/vigma/ros2_ws/bin_picking_robot/install/barcode_node/share/barcode_node/package.dsv'
[68.329s] INFO:colcon.colcon_core.shell:Creating package script '/home/vigma/ros2_ws/bin_picking_robot/install/barcode_node/share/barcode_node/package.sh'
[68.330s] INFO:colcon.colcon_core.shell:Creating package script '/home/vigma/ros2_ws/bin_picking_robot/install/barcode_node/share/barcode_node/package.bash'
[68.331s] INFO:colcon.colcon_core.shell:Creating package script '/home/vigma/ros2_ws/bin_picking_robot/install/barcode_node/share/barcode_node/package.zsh'
[68.333s] Level 1:colcon.colcon_core.environment:create_file_with_runtime_dependencies(/home/vigma/ros2_ws/bin_picking_robot/install/barcode_node/share/colcon-core/packages/barcode_node)
[68.337s] Level 1:colcon.colcon_core.environment:create_environment_scripts_only(barcode_node)
[68.338s] Level 1:colcon.colcon_core.environment:checking '/home/vigma/ros2_ws/bin_picking_robot/install/barcode_node' for CMake module files
[68.339s] Level 1:colcon.colcon_core.environment:checking '/home/vigma/ros2_ws/bin_picking_robot/install/barcode_node' for CMake config files
[68.340s] Level 1:colcon.colcon_core.shell:create_environment_hook('barcode_node', 'cmake_prefix_path')
[68.341s] INFO:colcon.colcon_core.shell:Creating environment hook '/home/vigma/ros2_ws/bin_picking_robot/install/barcode_node/share/barcode_node/hook/cmake_prefix_path.ps1'
[68.342s] INFO:colcon.colcon_core.shell:Creating environment descriptor '/home/vigma/ros2_ws/bin_picking_robot/install/barcode_node/share/barcode_node/hook/cmake_prefix_path.dsv'
[68.344s] INFO:colcon.colcon_core.shell:Creating environment hook '/home/vigma/ros2_ws/bin_picking_robot/install/barcode_node/share/barcode_node/hook/cmake_prefix_path.sh'
[68.346s] Level 1:colcon.colcon_core.environment:checking '/home/vigma/ros2_ws/bin_picking_robot/install/barcode_node/lib'
[68.346s] Level 1:colcon.colcon_core.environment:checking '/home/vigma/ros2_ws/bin_picking_robot/install/barcode_node/bin'
[68.346s] Level 1:colcon.colcon_core.environment:checking '/home/vigma/ros2_ws/bin_picking_robot/install/barcode_node/lib/pkgconfig/barcode_node.pc'
[68.347s] Level 1:colcon.colcon_core.environment:checking '/home/vigma/ros2_ws/bin_picking_robot/install/barcode_node/lib/python3.10/site-packages'
[68.348s] Level 1:colcon.colcon_core.environment:checking '/home/vigma/ros2_ws/bin_picking_robot/install/barcode_node/bin'
[68.349s] INFO:colcon.colcon_core.shell:Creating package script '/home/vigma/ros2_ws/bin_picking_robot/install/barcode_node/share/barcode_node/package.ps1'
[68.351s] INFO:colcon.colcon_core.shell:Creating package descriptor '/home/vigma/ros2_ws/bin_picking_robot/install/barcode_node/share/barcode_node/package.dsv'
[68.352s] INFO:colcon.colcon_core.shell:Creating package script '/home/vigma/ros2_ws/bin_picking_robot/install/barcode_node/share/barcode_node/package.sh'
[68.354s] INFO:colcon.colcon_core.shell:Creating package script '/home/vigma/ros2_ws/bin_picking_robot/install/barcode_node/share/barcode_node/package.bash'
[68.355s] INFO:colcon.colcon_core.shell:Creating package script '/home/vigma/ros2_ws/bin_picking_robot/install/barcode_node/share/barcode_node/package.zsh'
[68.356s] Level 1:colcon.colcon_core.environment:create_file_with_runtime_dependencies(/home/vigma/ros2_ws/bin_picking_robot/install/barcode_node/share/colcon-core/packages/barcode_node)
[72.354s] DEBUG:colcon.colcon_core.event_handler.log_command:Invoked command in '/home/vigma/ros2_ws/bin_picking_robot/build/emergency_node' returned '0': AMENT_PREFIX_PATH=/home/vigma/ros2_ws/bin_picking_robot/install/interfaces:${AMENT_PREFIX_PATH} CMAKE_PREFIX_PATH=/home/vigma/ros2_ws/bin_picking_robot/install/interfaces:/opt/ros/humble LD_LIBRARY_PATH=/home/vigma/ros2_ws/bin_picking_robot/install/interfaces/lib:${LD_LIBRARY_PATH} PYTHONPATH=/home/vigma/ros2_ws/bin_picking_robot/install/interfaces/local/lib/python3.10/dist-packages:${PYTHONPATH} /usr/bin/cmake --build /home/vigma/ros2_ws/bin_picking_robot/build/emergency_node -- -j16 -l16
[72.361s] DEBUG:colcon.colcon_core.event_handler.log_command:Invoking command in '/home/vigma/ros2_ws/bin_picking_robot/build/emergency_node': AMENT_PREFIX_PATH=/home/vigma/ros2_ws/bin_picking_robot/install/interfaces:${AMENT_PREFIX_PATH} CMAKE_PREFIX_PATH=/home/vigma/ros2_ws/bin_picking_robot/install/interfaces:/opt/ros/humble LD_LIBRARY_PATH=/home/vigma/ros2_ws/bin_picking_robot/install/interfaces/lib:${LD_LIBRARY_PATH} PYTHONPATH=/home/vigma/ros2_ws/bin_picking_robot/install/interfaces/local/lib/python3.10/dist-packages:${PYTHONPATH} /usr/bin/cmake --install /home/vigma/ros2_ws/bin_picking_robot/build/emergency_node
[72.433s] Level 1:colcon.colcon_core.environment:create_environment_scripts_only(emergency_node)
[72.435s] Level 1:colcon.colcon_core.environment:checking '/home/vigma/ros2_ws/bin_picking_robot/install/emergency_node' for CMake module files
[72.437s] DEBUG:colcon.colcon_core.event_handler.log_command:Invoked command in '/home/vigma/ros2_ws/bin_picking_robot/build/emergency_node' returned '0': AMENT_PREFIX_PATH=/home/vigma/ros2_ws/bin_picking_robot/install/interfaces:${AMENT_PREFIX_PATH} CMAKE_PREFIX_PATH=/home/vigma/ros2_ws/bin_picking_robot/install/interfaces:/opt/ros/humble LD_LIBRARY_PATH=/home/vigma/ros2_ws/bin_picking_robot/install/interfaces/lib:${LD_LIBRARY_PATH} PYTHONPATH=/home/vigma/ros2_ws/bin_picking_robot/install/interfaces/local/lib/python3.10/dist-packages:${PYTHONPATH} /usr/bin/cmake --install /home/vigma/ros2_ws/bin_picking_robot/build/emergency_node
[72.438s] Level 1:colcon.colcon_core.environment:checking '/home/vigma/ros2_ws/bin_picking_robot/install/emergency_node' for CMake config files
[72.440s] Level 1:colcon.colcon_core.shell:create_environment_hook('emergency_node', 'cmake_prefix_path')
[72.440s] INFO:colcon.colcon_core.shell:Creating environment hook '/home/vigma/ros2_ws/bin_picking_robot/install/emergency_node/share/emergency_node/hook/cmake_prefix_path.ps1'
[72.444s] INFO:colcon.colcon_core.shell:Creating environment descriptor '/home/vigma/ros2_ws/bin_picking_robot/install/emergency_node/share/emergency_node/hook/cmake_prefix_path.dsv'
[72.446s] INFO:colcon.colcon_core.shell:Creating environment hook '/home/vigma/ros2_ws/bin_picking_robot/install/emergency_node/share/emergency_node/hook/cmake_prefix_path.sh'
[72.448s] Level 1:colcon.colcon_core.environment:checking '/home/vigma/ros2_ws/bin_picking_robot/install/emergency_node/lib'
[72.449s] Level 1:colcon.colcon_core.environment:checking '/home/vigma/ros2_ws/bin_picking_robot/install/emergency_node/bin'
[72.449s] Level 1:colcon.colcon_core.environment:checking '/home/vigma/ros2_ws/bin_picking_robot/install/emergency_node/lib/pkgconfig/emergency_node.pc'
[72.450s] Level 1:colcon.colcon_core.environment:checking '/home/vigma/ros2_ws/bin_picking_robot/install/emergency_node/lib/python3.10/site-packages'
[72.452s] Level 1:colcon.colcon_core.environment:checking '/home/vigma/ros2_ws/bin_picking_robot/install/emergency_node/bin'
[72.453s] INFO:colcon.colcon_core.shell:Creating package script '/home/vigma/ros2_ws/bin_picking_robot/install/emergency_node/share/emergency_node/package.ps1'
[72.454s] INFO:colcon.colcon_core.shell:Creating package descriptor '/home/vigma/ros2_ws/bin_picking_robot/install/emergency_node/share/emergency_node/package.dsv'
[72.455s] INFO:colcon.colcon_core.shell:Creating package script '/home/vigma/ros2_ws/bin_picking_robot/install/emergency_node/share/emergency_node/package.sh'
[72.457s] INFO:colcon.colcon_core.shell:Creating package script '/home/vigma/ros2_ws/bin_picking_robot/install/emergency_node/share/emergency_node/package.bash'
[72.458s] INFO:colcon.colcon_core.shell:Creating package script '/home/vigma/ros2_ws/bin_picking_robot/install/emergency_node/share/emergency_node/package.zsh'
[72.459s] Level 1:colcon.colcon_core.environment:create_file_with_runtime_dependencies(/home/vigma/ros2_ws/bin_picking_robot/install/emergency_node/share/colcon-core/packages/emergency_node)
[72.464s] Level 1:colcon.colcon_core.environment:create_environment_scripts_only(emergency_node)
[72.464s] Level 1:colcon.colcon_core.environment:checking '/home/vigma/ros2_ws/bin_picking_robot/install/emergency_node' for CMake module files
[72.466s] Level 1:colcon.colcon_core.environment:checking '/home/vigma/ros2_ws/bin_picking_robot/install/emergency_node' for CMake config files
[72.467s] Level 1:colcon.colcon_core.shell:create_environment_hook('emergency_node', 'cmake_prefix_path')
[72.468s] INFO:colcon.colcon_core.shell:Creating environment hook '/home/vigma/ros2_ws/bin_picking_robot/install/emergency_node/share/emergency_node/hook/cmake_prefix_path.ps1'
[72.469s] INFO:colcon.colcon_core.shell:Creating environment descriptor '/home/vigma/ros2_ws/bin_picking_robot/install/emergency_node/share/emergency_node/hook/cmake_prefix_path.dsv'
[72.471s] INFO:colcon.colcon_core.shell:Creating environment hook '/home/vigma/ros2_ws/bin_picking_robot/install/emergency_node/share/emergency_node/hook/cmake_prefix_path.sh'
[72.473s] Level 1:colcon.colcon_core.environment:checking '/home/vigma/ros2_ws/bin_picking_robot/install/emergency_node/lib'
[72.473s] Level 1:colcon.colcon_core.environment:checking '/home/vigma/ros2_ws/bin_picking_robot/install/emergency_node/bin'
[72.473s] Level 1:colcon.colcon_core.environment:checking '/home/vigma/ros2_ws/bin_picking_robot/install/emergency_node/lib/pkgconfig/emergency_node.pc'
[72.474s] Level 1:colcon.colcon_core.environment:checking '/home/vigma/ros2_ws/bin_picking_robot/install/emergency_node/lib/python3.10/site-packages'
[72.475s] Level 1:colcon.colcon_core.environment:checking '/home/vigma/ros2_ws/bin_picking_robot/install/emergency_node/bin'
[72.475s] INFO:colcon.colcon_core.shell:Creating package script '/home/vigma/ros2_ws/bin_picking_robot/install/emergency_node/share/emergency_node/package.ps1'
[72.477s] INFO:colcon.colcon_core.shell:Creating package descriptor '/home/vigma/ros2_ws/bin_picking_robot/install/emergency_node/share/emergency_node/package.dsv'
[72.479s] INFO:colcon.colcon_core.shell:Creating package script '/home/vigma/ros2_ws/bin_picking_robot/install/emergency_node/share/emergency_node/package.sh'
[72.481s] INFO:colcon.colcon_core.shell:Creating package script '/home/vigma/ros2_ws/bin_picking_robot/install/emergency_node/share/emergency_node/package.bash'
[72.482s] INFO:colcon.colcon_core.shell:Creating package script '/home/vigma/ros2_ws/bin_picking_robot/install/emergency_node/share/emergency_node/package.zsh'
[72.484s] Level 1:colcon.colcon_core.environment:create_file_with_runtime_dependencies(/home/vigma/ros2_ws/bin_picking_robot/install/emergency_node/share/colcon-core/packages/emergency_node)
[86.948s] DEBUG:colcon.colcon_core.event_handler.log_command:Invoked command in '/home/vigma/ros2_ws/bin_picking_robot/build/stacklight_node' returned '0': AMENT_PREFIX_PATH=/home/vigma/ros2_ws/bin_picking_robot/install/interfaces:${AMENT_PREFIX_PATH} CMAKE_PREFIX_PATH=/home/vigma/ros2_ws/bin_picking_robot/install/interfaces:/opt/ros/humble LD_LIBRARY_PATH=/home/vigma/ros2_ws/bin_picking_robot/install/interfaces/lib:${LD_LIBRARY_PATH} PYTHONPATH=/home/vigma/ros2_ws/bin_picking_robot/install/interfaces/local/lib/python3.10/dist-packages:${PYTHONPATH} /usr/bin/cmake --build /home/vigma/ros2_ws/bin_picking_robot/build/stacklight_node -- -j16 -l16
[86.956s] DEBUG:colcon.colcon_core.event_handler.log_command:Invoking command in '/home/vigma/ros2_ws/bin_picking_robot/build/stacklight_node': AMENT_PREFIX_PATH=/home/vigma/ros2_ws/bin_picking_robot/install/interfaces:${AMENT_PREFIX_PATH} CMAKE_PREFIX_PATH=/home/vigma/ros2_ws/bin_picking_robot/install/interfaces:/opt/ros/humble LD_LIBRARY_PATH=/home/vigma/ros2_ws/bin_picking_robot/install/interfaces/lib:${LD_LIBRARY_PATH} PYTHONPATH=/home/vigma/ros2_ws/bin_picking_robot/install/interfaces/local/lib/python3.10/dist-packages:${PYTHONPATH} /usr/bin/cmake --install /home/vigma/ros2_ws/bin_picking_robot/build/stacklight_node
[87.040s] Level 1:colcon.colcon_core.environment:create_environment_scripts_only(stacklight_node)
[87.051s] Level 1:colcon.colcon_core.environment:checking '/home/vigma/ros2_ws/bin_picking_robot/install/stacklight_node' for CMake module files
[87.053s] DEBUG:colcon.colcon_core.event_handler.log_command:Invoked command in '/home/vigma/ros2_ws/bin_picking_robot/build/stacklight_node' returned '0': AMENT_PREFIX_PATH=/home/vigma/ros2_ws/bin_picking_robot/install/interfaces:${AMENT_PREFIX_PATH} CMAKE_PREFIX_PATH=/home/vigma/ros2_ws/bin_picking_robot/install/interfaces:/opt/ros/humble LD_LIBRARY_PATH=/home/vigma/ros2_ws/bin_picking_robot/install/interfaces/lib:${LD_LIBRARY_PATH} PYTHONPATH=/home/vigma/ros2_ws/bin_picking_robot/install/interfaces/local/lib/python3.10/dist-packages:${PYTHONPATH} /usr/bin/cmake --install /home/vigma/ros2_ws/bin_picking_robot/build/stacklight_node
[87.055s] Level 1:colcon.colcon_core.environment:checking '/home/vigma/ros2_ws/bin_picking_robot/install/stacklight_node' for CMake config files
[87.056s] Level 1:colcon.colcon_core.shell:create_environment_hook('stacklight_node', 'cmake_prefix_path')
[87.057s] INFO:colcon.colcon_core.shell:Creating environment hook '/home/vigma/ros2_ws/bin_picking_robot/install/stacklight_node/share/stacklight_node/hook/cmake_prefix_path.ps1'
[87.062s] INFO:colcon.colcon_core.shell:Creating environment descriptor '/home/vigma/ros2_ws/bin_picking_robot/install/stacklight_node/share/stacklight_node/hook/cmake_prefix_path.dsv'
[87.064s] INFO:colcon.colcon_core.shell:Creating environment hook '/home/vigma/ros2_ws/bin_picking_robot/install/stacklight_node/share/stacklight_node/hook/cmake_prefix_path.sh'
[87.067s] Level 1:colcon.colcon_core.environment:checking '/home/vigma/ros2_ws/bin_picking_robot/install/stacklight_node/lib'
[87.067s] Level 1:colcon.colcon_core.environment:checking '/home/vigma/ros2_ws/bin_picking_robot/install/stacklight_node/bin'
[87.068s] Level 1:colcon.colcon_core.environment:checking '/home/vigma/ros2_ws/bin_picking_robot/install/stacklight_node/lib/pkgconfig/stacklight_node.pc'
[87.069s] Level 1:colcon.colcon_core.environment:checking '/home/vigma/ros2_ws/bin_picking_robot/install/stacklight_node/lib/python3.10/site-packages'
[87.070s] Level 1:colcon.colcon_core.environment:checking '/home/vigma/ros2_ws/bin_picking_robot/install/stacklight_node/bin'
[87.072s] INFO:colcon.colcon_core.shell:Creating package script '/home/vigma/ros2_ws/bin_picking_robot/install/stacklight_node/share/stacklight_node/package.ps1'
[87.074s] INFO:colcon.colcon_core.shell:Creating package descriptor '/home/vigma/ros2_ws/bin_picking_robot/install/stacklight_node/share/stacklight_node/package.dsv'
[87.076s] INFO:colcon.colcon_core.shell:Creating package script '/home/vigma/ros2_ws/bin_picking_robot/install/stacklight_node/share/stacklight_node/package.sh'
[87.077s] INFO:colcon.colcon_core.shell:Creating package script '/home/vigma/ros2_ws/bin_picking_robot/install/stacklight_node/share/stacklight_node/package.bash'
[87.079s] INFO:colcon.colcon_core.shell:Creating package script '/home/vigma/ros2_ws/bin_picking_robot/install/stacklight_node/share/stacklight_node/package.zsh'
[87.081s] Level 1:colcon.colcon_core.environment:create_file_with_runtime_dependencies(/home/vigma/ros2_ws/bin_picking_robot/install/stacklight_node/share/colcon-core/packages/stacklight_node)
[87.088s] Level 1:colcon.colcon_core.environment:create_environment_scripts_only(stacklight_node)
[87.088s] Level 1:colcon.colcon_core.environment:checking '/home/vigma/ros2_ws/bin_picking_robot/install/stacklight_node' for CMake module files
[87.090s] Level 1:colcon.colcon_core.environment:checking '/home/vigma/ros2_ws/bin_picking_robot/install/stacklight_node' for CMake config files
[87.092s] Level 1:colcon.colcon_core.shell:create_environment_hook('stacklight_node', 'cmake_prefix_path')
[87.093s] INFO:colcon.colcon_core.shell:Creating environment hook '/home/vigma/ros2_ws/bin_picking_robot/install/stacklight_node/share/stacklight_node/hook/cmake_prefix_path.ps1'
[87.095s] INFO:colcon.colcon_core.shell:Creating environment descriptor '/home/vigma/ros2_ws/bin_picking_robot/install/stacklight_node/share/stacklight_node/hook/cmake_prefix_path.dsv'
[87.096s] INFO:colcon.colcon_core.shell:Creating environment hook '/home/vigma/ros2_ws/bin_picking_robot/install/stacklight_node/share/stacklight_node/hook/cmake_prefix_path.sh'
[87.099s] Level 1:colcon.colcon_core.environment:checking '/home/vigma/ros2_ws/bin_picking_robot/install/stacklight_node/lib'
[87.099s] Level 1:colcon.colcon_core.environment:checking '/home/vigma/ros2_ws/bin_picking_robot/install/stacklight_node/bin'
[87.100s] Level 1:colcon.colcon_core.environment:checking '/home/vigma/ros2_ws/bin_picking_robot/install/stacklight_node/lib/pkgconfig/stacklight_node.pc'
[87.100s] Level 1:colcon.colcon_core.environment:checking '/home/vigma/ros2_ws/bin_picking_robot/install/stacklight_node/lib/python3.10/site-packages'
[87.101s] Level 1:colcon.colcon_core.environment:checking '/home/vigma/ros2_ws/bin_picking_robot/install/stacklight_node/bin'
[87.102s] INFO:colcon.colcon_core.shell:Creating package script '/home/vigma/ros2_ws/bin_picking_robot/install/stacklight_node/share/stacklight_node/package.ps1'
[87.104s] INFO:colcon.colcon_core.shell:Creating package descriptor '/home/vigma/ros2_ws/bin_picking_robot/install/stacklight_node/share/stacklight_node/package.dsv'
[87.106s] INFO:colcon.colcon_core.shell:Creating package script '/home/vigma/ros2_ws/bin_picking_robot/install/stacklight_node/share/stacklight_node/package.sh'
[87.108s] INFO:colcon.colcon_core.shell:Creating package script '/home/vigma/ros2_ws/bin_picking_robot/install/stacklight_node/share/stacklight_node/package.bash'
[87.109s] INFO:colcon.colcon_core.shell:Creating package script '/home/vigma/ros2_ws/bin_picking_robot/install/stacklight_node/share/stacklight_node/package.zsh'
[87.112s] Level 1:colcon.colcon_core.environment:create_file_with_runtime_dependencies(/home/vigma/ros2_ws/bin_picking_robot/install/stacklight_node/share/colcon-core/packages/stacklight_node)
[90.780s] DEBUG:colcon.colcon_core.event_handler.log_command:Invoked command in '/home/vigma/ros2_ws/bin_picking_robot/build/cell_controller' returned '0': AMENT_PREFIX_PATH=/home/vigma/ros2_ws/bin_picking_robot/install/interfaces:${AMENT_PREFIX_PATH} CMAKE_PREFIX_PATH=/home/vigma/ros2_ws/bin_picking_robot/install/interfaces:/opt/ros/humble LD_LIBRARY_PATH=/home/vigma/ros2_ws/bin_picking_robot/install/interfaces/lib:${LD_LIBRARY_PATH} PYTHONPATH=/home/vigma/ros2_ws/bin_picking_robot/install/interfaces/local/lib/python3.10/dist-packages:${PYTHONPATH} /usr/bin/cmake --build /home/vigma/ros2_ws/bin_picking_robot/build/cell_controller -- -j16 -l16
[90.787s] DEBUG:colcon.colcon_core.event_handler.log_command:Invoking command in '/home/vigma/ros2_ws/bin_picking_robot/build/cell_controller': AMENT_PREFIX_PATH=/home/vigma/ros2_ws/bin_picking_robot/install/interfaces:${AMENT_PREFIX_PATH} CMAKE_PREFIX_PATH=/home/vigma/ros2_ws/bin_picking_robot/install/interfaces:/opt/ros/humble LD_LIBRARY_PATH=/home/vigma/ros2_ws/bin_picking_robot/install/interfaces/lib:${LD_LIBRARY_PATH} PYTHONPATH=/home/vigma/ros2_ws/bin_picking_robot/install/interfaces/local/lib/python3.10/dist-packages:${PYTHONPATH} /usr/bin/cmake --install /home/vigma/ros2_ws/bin_picking_robot/build/cell_controller
[90.883s] Level 1:colcon.colcon_core.environment:create_environment_scripts_only(cell_controller)
[90.884s] Level 1:colcon.colcon_core.environment:checking '/home/vigma/ros2_ws/bin_picking_robot/install/cell_controller' for CMake module files
[90.887s] DEBUG:colcon.colcon_core.event_handler.log_command:Invoked command in '/home/vigma/ros2_ws/bin_picking_robot/build/cell_controller' returned '0': AMENT_PREFIX_PATH=/home/vigma/ros2_ws/bin_picking_robot/install/interfaces:${AMENT_PREFIX_PATH} CMAKE_PREFIX_PATH=/home/vigma/ros2_ws/bin_picking_robot/install/interfaces:/opt/ros/humble LD_LIBRARY_PATH=/home/vigma/ros2_ws/bin_picking_robot/install/interfaces/lib:${LD_LIBRARY_PATH} PYTHONPATH=/home/vigma/ros2_ws/bin_picking_robot/install/interfaces/local/lib/python3.10/dist-packages:${PYTHONPATH} /usr/bin/cmake --install /home/vigma/ros2_ws/bin_picking_robot/build/cell_controller
[90.888s] Level 1:colcon.colcon_core.environment:checking '/home/vigma/ros2_ws/bin_picking_robot/install/cell_controller' for CMake config files
[90.888s] Level 1:colcon.colcon_core.shell:create_environment_hook('cell_controller', 'cmake_prefix_path')
[90.889s] INFO:colcon.colcon_core.shell:Creating environment hook '/home/vigma/ros2_ws/bin_picking_robot/install/cell_controller/share/cell_controller/hook/cmake_prefix_path.ps1'
[90.892s] INFO:colcon.colcon_core.shell:Creating environment descriptor '/home/vigma/ros2_ws/bin_picking_robot/install/cell_controller/share/cell_controller/hook/cmake_prefix_path.dsv'
[90.893s] INFO:colcon.colcon_core.shell:Creating environment hook '/home/vigma/ros2_ws/bin_picking_robot/install/cell_controller/share/cell_controller/hook/cmake_prefix_path.sh'
[90.896s] Level 1:colcon.colcon_core.environment:checking '/home/vigma/ros2_ws/bin_picking_robot/install/cell_controller/lib'
[90.896s] Level 1:colcon.colcon_core.environment:checking '/home/vigma/ros2_ws/bin_picking_robot/install/cell_controller/bin'
[90.896s] Level 1:colcon.colcon_core.environment:checking '/home/vigma/ros2_ws/bin_picking_robot/install/cell_controller/lib/pkgconfig/cell_controller.pc'
[90.897s] Level 1:colcon.colcon_core.environment:checking '/home/vigma/ros2_ws/bin_picking_robot/install/cell_controller/lib/python3.10/site-packages'
[90.898s] Level 1:colcon.colcon_core.environment:checking '/home/vigma/ros2_ws/bin_picking_robot/install/cell_controller/bin'
[90.899s] INFO:colcon.colcon_core.shell:Creating package script '/home/vigma/ros2_ws/bin_picking_robot/install/cell_controller/share/cell_controller/package.ps1'
[90.900s] INFO:colcon.colcon_core.shell:Creating package descriptor '/home/vigma/ros2_ws/bin_picking_robot/install/cell_controller/share/cell_controller/package.dsv'
[90.901s] INFO:colcon.colcon_core.shell:Creating package script '/home/vigma/ros2_ws/bin_picking_robot/install/cell_controller/share/cell_controller/package.sh'
[90.902s] INFO:colcon.colcon_core.shell:Creating package script '/home/vigma/ros2_ws/bin_picking_robot/install/cell_controller/share/cell_controller/package.bash'
[90.903s] INFO:colcon.colcon_core.shell:Creating package script '/home/vigma/ros2_ws/bin_picking_robot/install/cell_controller/share/cell_controller/package.zsh'
[90.905s] Level 1:colcon.colcon_core.environment:create_file_with_runtime_dependencies(/home/vigma/ros2_ws/bin_picking_robot/install/cell_controller/share/colcon-core/packages/cell_controller)
[90.909s] Level 1:colcon.colcon_core.environment:create_environment_scripts_only(cell_controller)
[90.910s] Level 1:colcon.colcon_core.environment:checking '/home/vigma/ros2_ws/bin_picking_robot/install/cell_controller' for CMake module files
[90.912s] Level 1:colcon.colcon_core.environment:checking '/home/vigma/ros2_ws/bin_picking_robot/install/cell_controller' for CMake config files
[90.912s] Level 1:colcon.colcon_core.shell:create_environment_hook('cell_controller', 'cmake_prefix_path')
[90.913s] INFO:colcon.colcon_core.shell:Creating environment hook '/home/vigma/ros2_ws/bin_picking_robot/install/cell_controller/share/cell_controller/hook/cmake_prefix_path.ps1'
[90.914s] INFO:colcon.colcon_core.shell:Creating environment descriptor '/home/vigma/ros2_ws/bin_picking_robot/install/cell_controller/share/cell_controller/hook/cmake_prefix_path.dsv'
[90.915s] INFO:colcon.colcon_core.shell:Creating environment hook '/home/vigma/ros2_ws/bin_picking_robot/install/cell_controller/share/cell_controller/hook/cmake_prefix_path.sh'
[90.917s] Level 1:colcon.colcon_core.environment:checking '/home/vigma/ros2_ws/bin_picking_robot/install/cell_controller/lib'
[90.918s] Level 1:colcon.colcon_core.environment:checking '/home/vigma/ros2_ws/bin_picking_robot/install/cell_controller/bin'
[90.918s] Level 1:colcon.colcon_core.environment:checking '/home/vigma/ros2_ws/bin_picking_robot/install/cell_controller/lib/pkgconfig/cell_controller.pc'
[90.918s] Level 1:colcon.colcon_core.environment:checking '/home/vigma/ros2_ws/bin_picking_robot/install/cell_controller/lib/python3.10/site-packages'
[90.920s] Level 1:colcon.colcon_core.environment:checking '/home/vigma/ros2_ws/bin_picking_robot/install/cell_controller/bin'
[90.921s] INFO:colcon.colcon_core.shell:Creating package script '/home/vigma/ros2_ws/bin_picking_robot/install/cell_controller/share/cell_controller/package.ps1'
[90.923s] INFO:colcon.colcon_core.shell:Creating package descriptor '/home/vigma/ros2_ws/bin_picking_robot/install/cell_controller/share/cell_controller/package.dsv'
[90.925s] INFO:colcon.colcon_core.shell:Creating package script '/home/vigma/ros2_ws/bin_picking_robot/install/cell_controller/share/cell_controller/package.sh'
[90.926s] INFO:colcon.colcon_core.shell:Creating package script '/home/vigma/ros2_ws/bin_picking_robot/install/cell_controller/share/cell_controller/package.bash'
[90.927s] INFO:colcon.colcon_core.shell:Creating package script '/home/vigma/ros2_ws/bin_picking_robot/install/cell_controller/share/cell_controller/package.zsh'
[90.929s] Level 1:colcon.colcon_core.environment:create_file_with_runtime_dependencies(/home/vigma/ros2_ws/bin_picking_robot/install/cell_controller/share/colcon-core/packages/cell_controller)
[90.930s] DEBUG:colcon.colcon_parallel_executor.executor.parallel:closing loop
[90.932s] DEBUG:colcon.colcon_parallel_executor.executor.parallel:loop closed
[90.933s] DEBUG:colcon.colcon_parallel_executor.executor.parallel:run_until_complete finished with '0'
[90.933s] DEBUG:colcon.colcon_core.event_reactor:joining thread
[91.066s] INFO:colcon.colcon_core.plugin_system:Skipping extension 'colcon_notification.desktop_notification.notify_send': Could not find 'notify-send'
[91.066s] INFO:colcon.colcon_core.plugin_system:Skipping extension 'colcon_notification.desktop_notification.terminal_notifier': Not used on non-Darwin systems
[91.067s] INFO:colcon.colcon_core.plugin_system:Skipping extension 'colcon_notification.desktop_notification.win32': Not used on non-Windows systems
[91.067s] INFO:colcon.colcon_notification.desktop_notification:Sending desktop notification using 'notify2'
[91.068s] DEBUG:colcon.colcon_notification.desktop_notification.notify2:Failed to initialize notify2: org.freedesktop.DBus.Error.FileNotFound: Failed to connect to socket /run/user/1000/bus: No such file or directory
[91.068s] DEBUG:colcon.colcon_core.event_reactor:joined thread
[91.069s] INFO:colcon.colcon_core.shell:Creating prefix script '/home/vigma/ros2_ws/bin_picking_robot/install/local_setup.ps1'
[91.073s] INFO:colcon.colcon_core.shell:Creating prefix util module '/home/vigma/ros2_ws/bin_picking_robot/install/_local_setup_util_ps1.py'
[91.077s] INFO:colcon.colcon_core.shell:Creating prefix chain script '/home/vigma/ros2_ws/bin_picking_robot/install/setup.ps1'
[91.081s] INFO:colcon.colcon_core.shell:Creating prefix script '/home/vigma/ros2_ws/bin_picking_robot/install/local_setup.sh'
[91.084s] INFO:colcon.colcon_core.shell:Creating prefix util module '/home/vigma/ros2_ws/bin_picking_robot/install/_local_setup_util_sh.py'
[91.086s] INFO:colcon.colcon_core.shell:Creating prefix chain script '/home/vigma/ros2_ws/bin_picking_robot/install/setup.sh'
[91.089s] INFO:colcon.colcon_core.shell:Creating prefix script '/home/vigma/ros2_ws/bin_picking_robot/install/local_setup.bash'
[91.092s] INFO:colcon.colcon_core.shell:Creating prefix chain script '/home/vigma/ros2_ws/bin_picking_robot/install/setup.bash'
[91.095s] INFO:colcon.colcon_core.shell:Creating prefix script '/home/vigma/ros2_ws/bin_picking_robot/install/local_setup.zsh'
[91.097s] INFO:colcon.colcon_core.shell:Creating prefix chain script '/home/vigma/ros2_ws/bin_picking_robot/install/setup.zsh'
