[0.252s] Invoking command in '/home/vigma/ros2_ws/bin_picking_robot/build/emergency_node': AMENT_PREFIX_PATH=/home/vigma/ros2_ws/bin_picking_robot/install/interfaces:${AMENT_PREFIX_PATH} CMAKE_PREFIX_PATH=/home/vigma/ros2_ws/bin_picking_robot/install/interfaces:/opt/ros/humble LD_LIBRARY_PATH=/home/vigma/ros2_ws/bin_picking_robot/install/interfaces/lib:${LD_LIBRARY_PATH} PYTHONPATH=/home/vigma/ros2_ws/bin_picking_robot/install/interfaces/local/lib/python3.10/dist-packages:${PYTHONPATH} /usr/bin/cmake /home/vigma/ros2_ws/bin_picking_robot/src/emergency_node -DCMAKE_INSTALL_PREFIX=/home/vigma/ros2_ws/bin_picking_robot/install/emergency_node
[0.663s] -- The C compiler identification is GNU 11.4.0
[1.961s] -- The CXX compiler identification is GNU 11.4.0
[2.966s] -- Detecting C compiler ABI info
[3.412s] -- Detecting C compiler ABI info - done
[3.440s] -- Check for working C compiler: /usr/bin/cc - skipped
[3.441s] -- Detecting C compile features
[3.442s] -- Detecting C compile features - done
[3.452s] -- Detecting CXX compiler ABI info
[4.018s] -- Detecting CXX compiler ABI info - done
[4.041s] -- Check for working CXX compiler: /usr/bin/c++ - skipped
[4.042s] -- Detecting CXX compile features
[4.044s] -- Detecting CXX compile features - done
[4.052s] -- Found ament_cmake: 1.3.14 (/opt/ros/humble/share/ament_cmake/cmake)
[4.562s] -- Found Python3: /usr/bin/python3 (found version "3.10.12") found components: Interpreter 
[4.873s] -- Found rclcpp: 16.0.19 (/opt/ros/humble/share/rclcpp/cmake)
[5.375s] -- Found rosidl_generator_c: 3.1.8 (/opt/ros/humble/share/rosidl_generator_c/cmake)
[5.390s] -- Found rosidl_adapter: 3.1.8 (/opt/ros/humble/share/rosidl_adapter/cmake)
[5.421s] -- Found rosidl_generator_cpp: 3.1.8 (/opt/ros/humble/share/rosidl_generator_cpp/cmake)
[5.454s] -- Using all available rosidl_typesupport_c: rosidl_typesupport_fastrtps_c;rosidl_typesupport_introspection_c
[5.513s] -- Using all available rosidl_typesupport_cpp: rosidl_typesupport_fastrtps_cpp;rosidl_typesupport_introspection_cpp
[5.670s] -- Found rmw_implementation_cmake: 6.1.2 (/opt/ros/humble/share/rmw_implementation_cmake/cmake)
[5.679s] -- Found rmw_fastrtps_cpp: 6.2.10 (/opt/ros/humble/share/rmw_fastrtps_cpp/cmake)
[9.155s] -- Found OpenSSL: /usr/lib/x86_64-linux-gnu/libcrypto.so (found version "3.0.2")  
[11.284s] -- Found FastRTPS: /opt/ros/humble/include  
[16.365s] -- Using RMW implementation 'rmw_fastrtps_cpp' as default
[16.405s] -- Looking for pthread.h
[16.956s] -- Looking for pthread.h - found
[16.958s] -- Performing Test CMAKE_HAVE_LIBC_PTHREAD
[17.546s] -- Performing Test CMAKE_HAVE_LIBC_PTHREAD - Success
[17.551s] -- Found Threads: TRUE  
[17.754s] -- Found interfaces: 0.0.1 (/home/vigma/ros2_ws/bin_picking_robot/install/interfaces/share/interfaces/cmake)
[18.075s] -- Configuring done
[18.143s] -- Generating done
[18.166s] -- Build files have been written to: /home/vigma/ros2_ws/bin_picking_robot/build/emergency_node
[18.217s] Invoked command in '/home/vigma/ros2_ws/bin_picking_robot/build/emergency_node' returned '0': AMENT_PREFIX_PATH=/home/vigma/ros2_ws/bin_picking_robot/install/interfaces:${AMENT_PREFIX_PATH} CMAKE_PREFIX_PATH=/home/vigma/ros2_ws/bin_picking_robot/install/interfaces:/opt/ros/humble LD_LIBRARY_PATH=/home/vigma/ros2_ws/bin_picking_robot/install/interfaces/lib:${LD_LIBRARY_PATH} PYTHONPATH=/home/vigma/ros2_ws/bin_picking_robot/install/interfaces/local/lib/python3.10/dist-packages:${PYTHONPATH} /usr/bin/cmake /home/vigma/ros2_ws/bin_picking_robot/src/emergency_node -DCMAKE_INSTALL_PREFIX=/home/vigma/ros2_ws/bin_picking_robot/install/emergency_node
[18.225s] Invoking command in '/home/vigma/ros2_ws/bin_picking_robot/build/emergency_node': AMENT_PREFIX_PATH=/home/vigma/ros2_ws/bin_picking_robot/install/interfaces:${AMENT_PREFIX_PATH} CMAKE_PREFIX_PATH=/home/vigma/ros2_ws/bin_picking_robot/install/interfaces:/opt/ros/humble LD_LIBRARY_PATH=/home/vigma/ros2_ws/bin_picking_robot/install/interfaces/lib:${LD_LIBRARY_PATH} PYTHONPATH=/home/vigma/ros2_ws/bin_picking_robot/install/interfaces/local/lib/python3.10/dist-packages:${PYTHONPATH} /usr/bin/cmake --build /home/vigma/ros2_ws/bin_picking_robot/build/emergency_node -- -j16 -l16
[18.454s] [ 50%] [32mBuilding CXX object CMakeFiles/emergency_node.dir/src/emergency_node.cpp.o[0m
[38.934s] [100%] [32m[1mLinking CXX executable emergency_node[0m
[40.036s] [100%] Built target emergency_node
[40.092s] Invoked command in '/home/vigma/ros2_ws/bin_picking_robot/build/emergency_node' returned '0': AMENT_PREFIX_PATH=/home/vigma/ros2_ws/bin_picking_robot/install/interfaces:${AMENT_PREFIX_PATH} CMAKE_PREFIX_PATH=/home/vigma/ros2_ws/bin_picking_robot/install/interfaces:/opt/ros/humble LD_LIBRARY_PATH=/home/vigma/ros2_ws/bin_picking_robot/install/interfaces/lib:${LD_LIBRARY_PATH} PYTHONPATH=/home/vigma/ros2_ws/bin_picking_robot/install/interfaces/local/lib/python3.10/dist-packages:${PYTHONPATH} /usr/bin/cmake --build /home/vigma/ros2_ws/bin_picking_robot/build/emergency_node -- -j16 -l16
[40.099s] Invoking command in '/home/vigma/ros2_ws/bin_picking_robot/build/emergency_node': AMENT_PREFIX_PATH=/home/vigma/ros2_ws/bin_picking_robot/install/interfaces:${AMENT_PREFIX_PATH} CMAKE_PREFIX_PATH=/home/vigma/ros2_ws/bin_picking_robot/install/interfaces:/opt/ros/humble LD_LIBRARY_PATH=/home/vigma/ros2_ws/bin_picking_robot/install/interfaces/lib:${LD_LIBRARY_PATH} PYTHONPATH=/home/vigma/ros2_ws/bin_picking_robot/install/interfaces/local/lib/python3.10/dist-packages:${PYTHONPATH} /usr/bin/cmake --install /home/vigma/ros2_ws/bin_picking_robot/build/emergency_node
[40.122s] -- Install configuration: ""
[40.126s] -- Installing: /home/vigma/ros2_ws/bin_picking_robot/install/emergency_node/lib/emergency_node/emergency_node
[40.135s] -- Set runtime path of "/home/vigma/ros2_ws/bin_picking_robot/install/emergency_node/lib/emergency_node/emergency_node" to ""
[40.141s] -- Installing: /home/vigma/ros2_ws/bin_picking_robot/install/emergency_node/share/ament_index/resource_index/package_run_dependencies/emergency_node
[40.144s] -- Installing: /home/vigma/ros2_ws/bin_picking_robot/install/emergency_node/share/ament_index/resource_index/parent_prefix_path/emergency_node
[40.148s] -- Installing: /home/vigma/ros2_ws/bin_picking_robot/install/emergency_node/share/emergency_node/environment/ament_prefix_path.sh
[40.149s] -- Installing: /home/vigma/ros2_ws/bin_picking_robot/install/emergency_node/share/emergency_node/environment/ament_prefix_path.dsv
[40.150s] -- Installing: /home/vigma/ros2_ws/bin_picking_robot/install/emergency_node/share/emergency_node/environment/path.sh
[40.150s] -- Installing: /home/vigma/ros2_ws/bin_picking_robot/install/emergency_node/share/emergency_node/environment/path.dsv
[40.151s] -- Installing: /home/vigma/ros2_ws/bin_picking_robot/install/emergency_node/share/emergency_node/local_setup.bash
[40.152s] -- Installing: /home/vigma/ros2_ws/bin_picking_robot/install/emergency_node/share/emergency_node/local_setup.sh
[40.153s] -- Installing: /home/vigma/ros2_ws/bin_picking_robot/install/emergency_node/share/emergency_node/local_setup.zsh
[40.155s] -- Installing: /home/vigma/ros2_ws/bin_picking_robot/install/emergency_node/share/emergency_node/local_setup.dsv
[40.156s] -- Installing: /home/vigma/ros2_ws/bin_picking_robot/install/emergency_node/share/emergency_node/package.dsv
[40.160s] -- Installing: /home/vigma/ros2_ws/bin_picking_robot/install/emergency_node/share/ament_index/resource_index/packages/emergency_node
[40.163s] -- Installing: /home/vigma/ros2_ws/bin_picking_robot/install/emergency_node/share/emergency_node/cmake/emergency_nodeConfig.cmake
[40.163s] -- Installing: /home/vigma/ros2_ws/bin_picking_robot/install/emergency_node/share/emergency_node/cmake/emergency_nodeConfig-version.cmake
[40.164s] -- Installing: /home/vigma/ros2_ws/bin_picking_robot/install/emergency_node/share/emergency_node/package.xml
[40.174s] Invoked command in '/home/vigma/ros2_ws/bin_picking_robot/build/emergency_node' returned '0': AMENT_PREFIX_PATH=/home/vigma/ros2_ws/bin_picking_robot/install/interfaces:${AMENT_PREFIX_PATH} CMAKE_PREFIX_PATH=/home/vigma/ros2_ws/bin_picking_robot/install/interfaces:/opt/ros/humble LD_LIBRARY_PATH=/home/vigma/ros2_ws/bin_picking_robot/install/interfaces/lib:${LD_LIBRARY_PATH} PYTHONPATH=/home/vigma/ros2_ws/bin_picking_robot/install/interfaces/local/lib/python3.10/dist-packages:${PYTHONPATH} /usr/bin/cmake --install /home/vigma/ros2_ws/bin_picking_robot/build/emergency_node
