[0.246s] Invoking command in '/home/vigma/ros2_ws/bin_picking_robot/build/barcode_node': AMENT_PREFIX_PATH=/home/vigma/ros2_ws/bin_picking_robot/install/interfaces:${AMENT_PREFIX_PATH} CMAKE_PREFIX_PATH=/home/vigma/ros2_ws/bin_picking_robot/install/interfaces:/opt/ros/humble LD_LIBRARY_PATH=/home/vigma/ros2_ws/bin_picking_robot/install/interfaces/lib:${LD_LIBRARY_PATH} PYTHONPATH=/home/vigma/ros2_ws/bin_picking_robot/install/interfaces/local/lib/python3.10/dist-packages:${PYTHONPATH} /usr/bin/cmake /home/vigma/ros2_ws/bin_picking_robot/src/barcode_node -DCMAKE_INSTALL_PREFIX=/home/vigma/ros2_ws/bin_picking_robot/install/barcode_node
[0.645s] -- The C compiler identification is GNU 11.4.0
[1.806s] -- The CXX compiler identification is GNU 11.4.0
[2.538s] -- Detecting C compiler ABI info
[3.072s] -- Detecting C compiler ABI info - done
[3.097s] -- Check for working C compiler: /usr/bin/cc - skipped
[3.098s] -- Detecting C compile features
[3.100s] -- Detecting C compile features - done
[3.110s] -- Detecting CXX compiler ABI info
[3.611s] -- Detecting CXX compiler ABI info - done
[3.633s] -- Check for working CXX compiler: /usr/bin/c++ - skipped
[3.634s] -- Detecting CXX compile features
[3.635s] -- Detecting CXX compile features - done
[3.646s] -- Found ament_cmake: 1.3.14 (/opt/ros/humble/share/ament_cmake/cmake)
[4.176s] -- Found Python3: /usr/bin/python3 (found version "3.10.12") found components: Interpreter 
[4.494s] -- Found rclcpp: 16.0.19 (/opt/ros/humble/share/rclcpp/cmake)
[4.991s] -- Found rosidl_generator_c: 3.1.8 (/opt/ros/humble/share/rosidl_generator_c/cmake)
[5.005s] -- Found rosidl_adapter: 3.1.8 (/opt/ros/humble/share/rosidl_adapter/cmake)
[5.037s] -- Found rosidl_generator_cpp: 3.1.8 (/opt/ros/humble/share/rosidl_generator_cpp/cmake)
[5.077s] -- Using all available rosidl_typesupport_c: rosidl_typesupport_fastrtps_c;rosidl_typesupport_introspection_c
[5.122s] -- Using all available rosidl_typesupport_cpp: rosidl_typesupport_fastrtps_cpp;rosidl_typesupport_introspection_cpp
[5.326s] -- Found rmw_implementation_cmake: 6.1.2 (/opt/ros/humble/share/rmw_implementation_cmake/cmake)
[5.347s] -- Found rmw_fastrtps_cpp: 6.2.10 (/opt/ros/humble/share/rmw_fastrtps_cpp/cmake)
[7.353s] -- Found OpenSSL: /usr/lib/x86_64-linux-gnu/libcrypto.so (found version "3.0.2")  
[9.305s] -- Found FastRTPS: /opt/ros/humble/include  
[14.390s] -- Using RMW implementation 'rmw_fastrtps_cpp' as default
[14.432s] -- Looking for pthread.h
[14.915s] -- Looking for pthread.h - found
[14.917s] -- Performing Test CMAKE_HAVE_LIBC_PTHREAD
[15.368s] -- Performing Test CMAKE_HAVE_LIBC_PTHREAD - Success
[15.373s] -- Found Threads: TRUE  
[15.576s] -- Found interfaces: 0.0.1 (/home/vigma/ros2_ws/bin_picking_robot/install/interfaces/share/interfaces/cmake)
[15.833s] -- Configuring done
[15.881s] -- Generating done
[15.896s] -- Build files have been written to: /home/vigma/ros2_ws/bin_picking_robot/build/barcode_node
[15.928s] Invoked command in '/home/vigma/ros2_ws/bin_picking_robot/build/barcode_node' returned '0': AMENT_PREFIX_PATH=/home/vigma/ros2_ws/bin_picking_robot/install/interfaces:${AMENT_PREFIX_PATH} CMAKE_PREFIX_PATH=/home/vigma/ros2_ws/bin_picking_robot/install/interfaces:/opt/ros/humble LD_LIBRARY_PATH=/home/vigma/ros2_ws/bin_picking_robot/install/interfaces/lib:${LD_LIBRARY_PATH} PYTHONPATH=/home/vigma/ros2_ws/bin_picking_robot/install/interfaces/local/lib/python3.10/dist-packages:${PYTHONPATH} /usr/bin/cmake /home/vigma/ros2_ws/bin_picking_robot/src/barcode_node -DCMAKE_INSTALL_PREFIX=/home/vigma/ros2_ws/bin_picking_robot/install/barcode_node
[15.934s] Invoking command in '/home/vigma/ros2_ws/bin_picking_robot/build/barcode_node': AMENT_PREFIX_PATH=/home/vigma/ros2_ws/bin_picking_robot/install/interfaces:${AMENT_PREFIX_PATH} CMAKE_PREFIX_PATH=/home/vigma/ros2_ws/bin_picking_robot/install/interfaces:/opt/ros/humble LD_LIBRARY_PATH=/home/vigma/ros2_ws/bin_picking_robot/install/interfaces/lib:${LD_LIBRARY_PATH} PYTHONPATH=/home/vigma/ros2_ws/bin_picking_robot/install/interfaces/local/lib/python3.10/dist-packages:${PYTHONPATH} /usr/bin/cmake --build /home/vigma/ros2_ws/bin_picking_robot/build/barcode_node -- -j16 -l16
[16.113s] [ 50%] [32mBuilding CXX object CMakeFiles/barcode_node.dir/src/barcode_node.cpp.o[0m
[34.868s] [100%] [32m[1mLinking CXX executable barcode_node[0m
[35.935s] [100%] Built target barcode_node
[35.997s] Invoked command in '/home/vigma/ros2_ws/bin_picking_robot/build/barcode_node' returned '0': AMENT_PREFIX_PATH=/home/vigma/ros2_ws/bin_picking_robot/install/interfaces:${AMENT_PREFIX_PATH} CMAKE_PREFIX_PATH=/home/vigma/ros2_ws/bin_picking_robot/install/interfaces:/opt/ros/humble LD_LIBRARY_PATH=/home/vigma/ros2_ws/bin_picking_robot/install/interfaces/lib:${LD_LIBRARY_PATH} PYTHONPATH=/home/vigma/ros2_ws/bin_picking_robot/install/interfaces/local/lib/python3.10/dist-packages:${PYTHONPATH} /usr/bin/cmake --build /home/vigma/ros2_ws/bin_picking_robot/build/barcode_node -- -j16 -l16
[36.005s] Invoking command in '/home/vigma/ros2_ws/bin_picking_robot/build/barcode_node': AMENT_PREFIX_PATH=/home/vigma/ros2_ws/bin_picking_robot/install/interfaces:${AMENT_PREFIX_PATH} CMAKE_PREFIX_PATH=/home/vigma/ros2_ws/bin_picking_robot/install/interfaces:/opt/ros/humble LD_LIBRARY_PATH=/home/vigma/ros2_ws/bin_picking_robot/install/interfaces/lib:${LD_LIBRARY_PATH} PYTHONPATH=/home/vigma/ros2_ws/bin_picking_robot/install/interfaces/local/lib/python3.10/dist-packages:${PYTHONPATH} /usr/bin/cmake --install /home/vigma/ros2_ws/bin_picking_robot/build/barcode_node
[36.029s] -- Install configuration: ""
[36.034s] -- Installing: /home/vigma/ros2_ws/bin_picking_robot/install/barcode_node/lib/barcode_node/barcode_node
[36.042s] -- Set runtime path of "/home/vigma/ros2_ws/bin_picking_robot/install/barcode_node/lib/barcode_node/barcode_node" to ""
[36.049s] -- Installing: /home/vigma/ros2_ws/bin_picking_robot/install/barcode_node/share/ament_index/resource_index/package_run_dependencies/barcode_node
[36.052s] -- Installing: /home/vigma/ros2_ws/bin_picking_robot/install/barcode_node/share/ament_index/resource_index/parent_prefix_path/barcode_node
[36.056s] -- Installing: /home/vigma/ros2_ws/bin_picking_robot/install/barcode_node/share/barcode_node/environment/ament_prefix_path.sh
[36.057s] -- Installing: /home/vigma/ros2_ws/bin_picking_robot/install/barcode_node/share/barcode_node/environment/ament_prefix_path.dsv
[36.059s] -- Installing: /home/vigma/ros2_ws/bin_picking_robot/install/barcode_node/share/barcode_node/environment/path.sh
[36.060s] -- Installing: /home/vigma/ros2_ws/bin_picking_robot/install/barcode_node/share/barcode_node/environment/path.dsv
[36.061s] -- Installing: /home/vigma/ros2_ws/bin_picking_robot/install/barcode_node/share/barcode_node/local_setup.bash
[36.061s] -- Installing: /home/vigma/ros2_ws/bin_picking_robot/install/barcode_node/share/barcode_node/local_setup.sh
[36.062s] -- Installing: /home/vigma/ros2_ws/bin_picking_robot/install/barcode_node/share/barcode_node/local_setup.zsh
[36.065s] -- Installing: /home/vigma/ros2_ws/bin_picking_robot/install/barcode_node/share/barcode_node/local_setup.dsv
[36.067s] -- Installing: /home/vigma/ros2_ws/bin_picking_robot/install/barcode_node/share/barcode_node/package.dsv
[36.071s] -- Installing: /home/vigma/ros2_ws/bin_picking_robot/install/barcode_node/share/ament_index/resource_index/packages/barcode_node
[36.074s] -- Installing: /home/vigma/ros2_ws/bin_picking_robot/install/barcode_node/share/barcode_node/cmake/barcode_nodeConfig.cmake
[36.075s] -- Installing: /home/vigma/ros2_ws/bin_picking_robot/install/barcode_node/share/barcode_node/cmake/barcode_nodeConfig-version.cmake
[36.077s] -- Installing: /home/vigma/ros2_ws/bin_picking_robot/install/barcode_node/share/barcode_node/package.xml
[36.088s] Invoked command in '/home/vigma/ros2_ws/bin_picking_robot/build/barcode_node' returned '0': AMENT_PREFIX_PATH=/home/vigma/ros2_ws/bin_picking_robot/install/interfaces:${AMENT_PREFIX_PATH} CMAKE_PREFIX_PATH=/home/vigma/ros2_ws/bin_picking_robot/install/interfaces:/opt/ros/humble LD_LIBRARY_PATH=/home/vigma/ros2_ws/bin_picking_robot/install/interfaces/lib:${LD_LIBRARY_PATH} PYTHONPATH=/home/vigma/ros2_ws/bin_picking_robot/install/interfaces/local/lib/python3.10/dist-packages:${PYTHONPATH} /usr/bin/cmake --install /home/vigma/ros2_ws/bin_picking_robot/build/barcode_node
