[0.197s] Invoking command in '/home/vigma/ros2_ws/build/emergency_node': CMAKE_PREFIX_PATH=${CMAKE_PREFIX_PATH}:/opt/ros/humble /usr/bin/cmake --build /home/vigma/ros2_ws/build/emergency_node -- -j16 -l16
[0.348s] [35m[1mConsolidate compiler generated dependencies of target emergency_node[0m
[0.437s] [100%] Built target emergency_node
[0.538s] Invoked command in '/home/vigma/ros2_ws/build/emergency_node' returned '0': CMAKE_PREFIX_PATH=${CMAKE_PREFIX_PATH}:/opt/ros/humble /usr/bin/cmake --build /home/vigma/ros2_ws/build/emergency_node -- -j16 -l16
[0.549s] Invoking command in '/home/vigma/ros2_ws/build/emergency_node': CMAKE_PREFIX_PATH=${CMAKE_PREFIX_PATH}:/opt/ros/humble /usr/bin/cmake --install /home/vigma/ros2_ws/build/emergency_node
[0.624s] -- Install configuration: ""
[0.627s] -- Up-to-date: /home/vigma/ros2_ws/install/emergency_node/share/ament_index/resource_index/package_run_dependencies/emergency_node
[0.630s] -- Up-to-date: /home/vigma/ros2_ws/install/emergency_node/share/ament_index/resource_index/parent_prefix_path/emergency_node
[0.631s] -- Up-to-date: /home/vigma/ros2_ws/install/emergency_node/share/emergency_node/environment/ament_prefix_path.sh
[0.632s] -- Up-to-date: /home/vigma/ros2_ws/install/emergency_node/share/emergency_node/environment/ament_prefix_path.dsv
[0.634s] -- Up-to-date: /home/vigma/ros2_ws/install/emergency_node/share/emergency_node/environment/path.sh
[0.635s] -- Up-to-date: /home/vigma/ros2_ws/install/emergency_node/share/emergency_node/environment/path.dsv
[0.636s] -- Up-to-date: /home/vigma/ros2_ws/install/emergency_node/share/emergency_node/local_setup.bash
[0.637s] -- Up-to-date: /home/vigma/ros2_ws/install/emergency_node/share/emergency_node/local_setup.sh
[0.637s] -- Up-to-date: /home/vigma/ros2_ws/install/emergency_node/share/emergency_node/local_setup.zsh
[0.638s] -- Up-to-date: /home/vigma/ros2_ws/install/emergency_node/share/emergency_node/local_setup.dsv
[0.640s] -- Installing: /home/vigma/ros2_ws/install/emergency_node/share/emergency_node/package.dsv
[0.642s] -- Up-to-date: /home/vigma/ros2_ws/install/emergency_node/share/ament_index/resource_index/packages/emergency_node
[0.644s] -- Up-to-date: /home/vigma/ros2_ws/install/emergency_node/share/emergency_node/cmake/emergency_nodeConfig.cmake
[0.647s] -- Up-to-date: /home/vigma/ros2_ws/install/emergency_node/share/emergency_node/cmake/emergency_nodeConfig-version.cmake
[0.649s] -- Up-to-date: /home/vigma/ros2_ws/install/emergency_node/share/emergency_node/package.xml
[0.659s] -- Up-to-date: /home/vigma/ros2_ws/install/emergency_node/lib/emergency_node/emergency_node
[0.739s] Invoked command in '/home/vigma/ros2_ws/build/emergency_node' returned '0': CMAKE_PREFIX_PATH=${CMAKE_PREFIX_PATH}:/opt/ros/humble /usr/bin/cmake --install /home/vigma/ros2_ws/build/emergency_node
