[0.189s] Invoking command in '/home/vigma/ros2_ws/build/door_node': CMAKE_PREFIX_PATH=${CMAKE_PREFIX_PATH}:/opt/ros/humble /usr/bin/cmake --build /home/vigma/ros2_ws/build/door_node -- -j16 -l16
[0.379s] [35m[1mConsolidate compiler generated dependencies of target door_node[0m
[0.474s] [100%] Built target door_node
[0.581s] Invoked command in '/home/vigma/ros2_ws/build/door_node' returned '0': CMAKE_PREFIX_PATH=${CMAKE_PREFIX_PATH}:/opt/ros/humble /usr/bin/cmake --build /home/vigma/ros2_ws/build/door_node -- -j16 -l16
[0.589s] Invoking command in '/home/vigma/ros2_ws/build/door_node': CMAKE_PREFIX_PATH=${CMAKE_PREFIX_PATH}:/opt/ros/humble /usr/bin/cmake --install /home/vigma/ros2_ws/build/door_node
[0.684s] -- Install configuration: ""
[0.685s] -- Up-to-date: /home/vigma/ros2_ws/install/door_node/share/ament_index/resource_index/package_run_dependencies/door_node
[0.688s] -- Up-to-date: /home/vigma/ros2_ws/install/door_node/share/ament_index/resource_index/parent_prefix_path/door_node
[0.692s] -- Up-to-date: /home/vigma/ros2_ws/install/door_node/share/door_node/environment/ament_prefix_path.sh
[0.694s] -- Up-to-date: /home/vigma/ros2_ws/install/door_node/share/door_node/environment/ament_prefix_path.dsv
[0.697s] -- Up-to-date: /home/vigma/ros2_ws/install/door_node/share/door_node/environment/path.sh
[0.701s] -- Up-to-date: /home/vigma/ros2_ws/install/door_node/share/door_node/environment/path.dsv
[0.702s] -- Up-to-date: /home/vigma/ros2_ws/install/door_node/share/door_node/local_setup.bash
[0.702s] -- Up-to-date: /home/vigma/ros2_ws/install/door_node/share/door_node/local_setup.sh
[0.705s] -- Up-to-date: /home/vigma/ros2_ws/install/door_node/share/door_node/local_setup.zsh
[0.705s] -- Up-to-date: /home/vigma/ros2_ws/install/door_node/share/door_node/local_setup.dsv
[0.707s] -- Installing: /home/vigma/ros2_ws/install/door_node/share/door_node/package.dsv
[0.709s] -- Up-to-date: /home/vigma/ros2_ws/install/door_node/share/ament_index/resource_index/packages/door_node
[0.710s] -- Up-to-date: /home/vigma/ros2_ws/install/door_node/share/door_node/cmake/door_nodeConfig.cmake
[0.713s] -- Up-to-date: /home/vigma/ros2_ws/install/door_node/share/door_node/cmake/door_nodeConfig-version.cmake
[0.714s] -- Up-to-date: /home/vigma/ros2_ws/install/door_node/share/door_node/package.xml
[0.715s] -- Up-to-date: /home/vigma/ros2_ws/install/door_node/lib/door_node/door_node
[0.832s] Invoked command in '/home/vigma/ros2_ws/build/door_node' returned '0': CMAKE_PREFIX_PATH=${CMAKE_PREFIX_PATH}:/opt/ros/humble /usr/bin/cmake --install /home/vigma/ros2_ws/build/door_node
