[0.119s] Invoking command in '/home/vigma/ros2_ws/build/cell_controller': CMAKE_PREFIX_PATH=/opt/ros/humble /usr/bin/cmake /home/vigma/ros2_ws/src/cell_controller -DCMAKE_INSTALL_PREFIX=/home/vigma/ros2_ws/install/cell_controller
[0.813s] -- The C compiler identification is GNU 11.4.0
[2.086s] -- The CXX compiler identification is GNU 11.4.0
[2.669s] -- Detecting C compiler ABI info
[3.109s] -- Detecting C compiler ABI info - done
[3.143s] -- Check for working C compiler: /usr/bin/cc - skipped
[3.144s] -- Detecting C compile features
[3.147s] -- Detecting C compile features - done
[3.160s] -- Detecting CXX compiler ABI info
[3.645s] -- Detecting CXX compiler ABI info - done
[3.677s] -- Check for working CXX compiler: /usr/bin/c++ - skipped
[3.679s] -- Detecting CXX compile features
[3.681s] -- Detecting CXX compile features - done
[3.693s] -- Found ament_cmake: 1.3.14 (/opt/ros/humble/share/ament_cmake/cmake)
[4.178s] -- Found Python3: /usr/bin/python3 (found version "3.10.12") found components: Interpreter 
[4.530s] -- Found rclcpp: 16.0.19 (/opt/ros/humble/share/rclcpp/cmake)
[5.036s] -- Found rosidl_generator_c: 3.1.8 (/opt/ros/humble/share/rosidl_generator_c/cmake)
[5.060s] -- Found rosidl_adapter: 3.1.8 (/opt/ros/humble/share/rosidl_adapter/cmake)
[5.107s] -- Found rosidl_generator_cpp: 3.1.8 (/opt/ros/humble/share/rosidl_generator_cpp/cmake)
[5.191s] -- Using all available rosidl_typesupport_c: rosidl_typesupport_fastrtps_c;rosidl_typesupport_introspection_c
[5.278s] -- Using all available rosidl_typesupport_cpp: rosidl_typesupport_fastrtps_cpp;rosidl_typesupport_introspection_cpp
[5.501s] -- Found rmw_implementation_cmake: 6.1.2 (/opt/ros/humble/share/rmw_implementation_cmake/cmake)
[5.512s] -- Found rmw_fastrtps_cpp: 6.2.10 (/opt/ros/humble/share/rmw_fastrtps_cpp/cmake)
[7.636s] -- Found OpenSSL: /usr/lib/x86_64-linux-gnu/libcrypto.so (found version "3.0.2")  
[9.436s] -- Found FastRTPS: /opt/ros/humble/include  
[13.472s] -- Using RMW implementation 'rmw_fastrtps_cpp' as default
[13.525s] -- Looking for pthread.h
[14.014s] -- Looking for pthread.h - found
[14.016s] -- Performing Test CMAKE_HAVE_LIBC_PTHREAD
[14.459s] -- Performing Test CMAKE_HAVE_LIBC_PTHREAD - Success
[14.462s] -- Found Threads: TRUE  
[14.727s] -- Found ament_lint_auto: 0.12.15 (/opt/ros/humble/share/ament_lint_auto/cmake)
[15.019s] -- Added test 'cppcheck' to perform static code analysis on C / C++ code
[15.019s] -- Configured cppcheck include dirs: 
[15.020s] -- Configured cppcheck exclude dirs and/or files: 
[15.024s] -- Added test 'lint_cmake' to check CMake code style
[15.031s] -- Added test 'uncrustify' to check C / C++ code style
[15.032s] -- Configured uncrustify additional arguments: 
[15.036s] -- Added test 'xmllint' to check XML markup files
[15.047s] -- Configuring done
[15.112s] -- Generating done
[15.129s] -- Build files have been written to: /home/vigma/ros2_ws/build/cell_controller
[15.157s] Invoked command in '/home/vigma/ros2_ws/build/cell_controller' returned '0': CMAKE_PREFIX_PATH=/opt/ros/humble /usr/bin/cmake /home/vigma/ros2_ws/src/cell_controller -DCMAKE_INSTALL_PREFIX=/home/vigma/ros2_ws/install/cell_controller
[15.165s] Invoking command in '/home/vigma/ros2_ws/build/cell_controller': CMAKE_PREFIX_PATH=/opt/ros/humble /usr/bin/cmake --build /home/vigma/ros2_ws/build/cell_controller -- -j16 -l16
[15.340s] [ 50%] [32mBuilding CXX object CMakeFiles/cell_controller.dir/src/controller.cpp.o[0m
[26.587s] [100%] [32m[1mLinking CXX executable cell_controller[0m
[27.292s] [100%] Built target cell_controller
[27.332s] Invoked command in '/home/vigma/ros2_ws/build/cell_controller' returned '0': CMAKE_PREFIX_PATH=/opt/ros/humble /usr/bin/cmake --build /home/vigma/ros2_ws/build/cell_controller -- -j16 -l16
[27.364s] Invoking command in '/home/vigma/ros2_ws/build/cell_controller': CMAKE_PREFIX_PATH=/opt/ros/humble /usr/bin/cmake --install /home/vigma/ros2_ws/build/cell_controller
[27.397s] -- Install configuration: ""
[27.405s] -- Installing: /home/vigma/ros2_ws/install/cell_controller/share/ament_index/resource_index/package_run_dependencies/cell_controller
[27.408s] -- Installing: /home/vigma/ros2_ws/install/cell_controller/share/ament_index/resource_index/parent_prefix_path/cell_controller
[27.411s] -- Installing: /home/vigma/ros2_ws/install/cell_controller/share/cell_controller/environment/ament_prefix_path.sh
[27.412s] -- Installing: /home/vigma/ros2_ws/install/cell_controller/share/cell_controller/environment/ament_prefix_path.dsv
[27.414s] -- Installing: /home/vigma/ros2_ws/install/cell_controller/share/cell_controller/environment/path.sh
[27.415s] -- Installing: /home/vigma/ros2_ws/install/cell_controller/share/cell_controller/environment/path.dsv
[27.416s] -- Installing: /home/vigma/ros2_ws/install/cell_controller/share/cell_controller/local_setup.bash
[27.417s] -- Installing: /home/vigma/ros2_ws/install/cell_controller/share/cell_controller/local_setup.sh
[27.420s] -- Installing: /home/vigma/ros2_ws/install/cell_controller/share/cell_controller/local_setup.zsh
[27.422s] -- Installing: /home/vigma/ros2_ws/install/cell_controller/share/cell_controller/local_setup.dsv
[27.425s] -- Installing: /home/vigma/ros2_ws/install/cell_controller/share/cell_controller/package.dsv
[27.426s] -- Installing: /home/vigma/ros2_ws/install/cell_controller/share/ament_index/resource_index/packages/cell_controller
[27.430s] -- Installing: /home/vigma/ros2_ws/install/cell_controller/share/cell_controller/cmake/cell_controllerConfig.cmake
[27.431s] -- Installing: /home/vigma/ros2_ws/install/cell_controller/share/cell_controller/cmake/cell_controllerConfig-version.cmake
[27.437s] -- Installing: /home/vigma/ros2_ws/install/cell_controller/share/cell_controller/package.xml
[27.448s] -- Installing: /home/vigma/ros2_ws/install/cell_controller/lib/cell_controller/cell_controller
[27.449s] -- Set runtime path of "/home/vigma/ros2_ws/install/cell_controller/lib/cell_controller/cell_controller" to ""
[27.457s] Invoked command in '/home/vigma/ros2_ws/build/cell_controller' returned '0': CMAKE_PREFIX_PATH=/opt/ros/humble /usr/bin/cmake --install /home/vigma/ros2_ws/build/cell_controller
