[0.121s] Invoking command in '/home/vigma/ros2_ws/build/door_node': CMAKE_PREFIX_PATH=/opt/ros/humble /usr/bin/cmake /home/vigma/ros2_ws/src/door_node -DCMAKE_INSTALL_PREFIX=/home/vigma/ros2_ws/install/door_node
[0.789s] -- The C compiler identification is GNU 11.4.0
[1.937s] -- The CXX compiler identification is GNU 11.4.0
[2.413s] -- Detecting C compiler ABI info
[2.990s] -- Detecting C compiler ABI info - done
[3.019s] -- Check for working C compiler: /usr/bin/cc - skipped
[3.021s] -- Detecting C compile features
[3.023s] -- Detecting C compile features - done
[3.038s] -- Detecting CXX compiler ABI info
[3.527s] -- Detecting CXX compiler ABI info - done
[3.554s] -- Check for working CXX compiler: /usr/bin/c++ - skipped
[3.556s] -- Detecting CXX compile features
[3.557s] -- Detecting CXX compile features - done
[3.632s] -- Found ament_cmake: 1.3.14 (/opt/ros/humble/share/ament_cmake/cmake)
[4.154s] -- Found Python3: /usr/bin/python3 (found version "3.10.12") found components: Interpreter 
[4.514s] -- Found rclcpp: 16.0.19 (/opt/ros/humble/share/rclcpp/cmake)
[5.021s] -- Found rosidl_generator_c: 3.1.8 (/opt/ros/humble/share/rosidl_generator_c/cmake)
[5.046s] -- Found rosidl_adapter: 3.1.8 (/opt/ros/humble/share/rosidl_adapter/cmake)
[5.093s] -- Found rosidl_generator_cpp: 3.1.8 (/opt/ros/humble/share/rosidl_generator_cpp/cmake)
[5.176s] -- Using all available rosidl_typesupport_c: rosidl_typesupport_fastrtps_c;rosidl_typesupport_introspection_c
[5.263s] -- Using all available rosidl_typesupport_cpp: rosidl_typesupport_fastrtps_cpp;rosidl_typesupport_introspection_cpp
[5.486s] -- Found rmw_implementation_cmake: 6.1.2 (/opt/ros/humble/share/rmw_implementation_cmake/cmake)
[5.497s] -- Found rmw_fastrtps_cpp: 6.2.10 (/opt/ros/humble/share/rmw_fastrtps_cpp/cmake)
[7.617s] -- Found OpenSSL: /usr/lib/x86_64-linux-gnu/libcrypto.so (found version "3.0.2")  
[9.424s] -- Found FastRTPS: /opt/ros/humble/include  
[14.642s] -- Using RMW implementation 'rmw_fastrtps_cpp' as default
[14.668s] -- Looking for pthread.h
[15.065s] -- Looking for pthread.h - found
[15.067s] -- Performing Test CMAKE_HAVE_LIBC_PTHREAD
[15.475s] -- Performing Test CMAKE_HAVE_LIBC_PTHREAD - Success
[15.480s] -- Found Threads: TRUE  
[15.632s] -- Found ament_lint_auto: 0.12.15 (/opt/ros/humble/share/ament_lint_auto/cmake)
[15.899s] -- Added test 'cppcheck' to perform static code analysis on C / C++ code
[15.900s] -- Configured cppcheck include dirs: 
[15.900s] -- Configured cppcheck exclude dirs and/or files: 
[15.904s] -- Added test 'lint_cmake' to check CMake code style
[15.908s] -- Added test 'uncrustify' to check C / C++ code style
[15.909s] -- Configured uncrustify additional arguments: 
[15.911s] -- Added test 'xmllint' to check XML markup files
[15.920s] -- Configuring done
[15.970s] -- Generating done
[15.991s] -- Build files have been written to: /home/vigma/ros2_ws/build/door_node
[16.030s] Invoked command in '/home/vigma/ros2_ws/build/door_node' returned '0': CMAKE_PREFIX_PATH=/opt/ros/humble /usr/bin/cmake /home/vigma/ros2_ws/src/door_node -DCMAKE_INSTALL_PREFIX=/home/vigma/ros2_ws/install/door_node
[16.036s] Invoking command in '/home/vigma/ros2_ws/build/door_node': CMAKE_PREFIX_PATH=/opt/ros/humble /usr/bin/cmake --build /home/vigma/ros2_ws/build/door_node -- -j16 -l16
[16.215s] [ 50%] [32mBuilding CXX object CMakeFiles/door_node.dir/src/door_node.cpp.o[0m
[26.545s] [100%] [32m[1mLinking CXX executable door_node[0m
[27.294s] [100%] Built target door_node
[27.360s] Invoked command in '/home/vigma/ros2_ws/build/door_node' returned '0': CMAKE_PREFIX_PATH=/opt/ros/humble /usr/bin/cmake --build /home/vigma/ros2_ws/build/door_node -- -j16 -l16
[27.368s] Invoking command in '/home/vigma/ros2_ws/build/door_node': CMAKE_PREFIX_PATH=/opt/ros/humble /usr/bin/cmake --install /home/vigma/ros2_ws/build/door_node
[27.395s] -- Install configuration: ""
[27.409s] -- Installing: /home/vigma/ros2_ws/install/door_node/share/ament_index/resource_index/package_run_dependencies/door_node
[27.413s] -- Installing: /home/vigma/ros2_ws/install/door_node/share/ament_index/resource_index/parent_prefix_path/door_node
[27.424s] -- Installing: /home/vigma/ros2_ws/install/door_node/share/door_node/environment/ament_prefix_path.sh
[27.427s] -- Installing: /home/vigma/ros2_ws/install/door_node/share/door_node/environment/ament_prefix_path.dsv
[27.431s] -- Installing: /home/vigma/ros2_ws/install/door_node/share/door_node/environment/path.sh
[27.434s] -- Installing: /home/vigma/ros2_ws/install/door_node/share/door_node/environment/path.dsv
[27.435s] -- Installing: /home/vigma/ros2_ws/install/door_node/share/door_node/local_setup.bash
[27.437s] -- Installing: /home/vigma/ros2_ws/install/door_node/share/door_node/local_setup.sh
[27.439s] -- Installing: /home/vigma/ros2_ws/install/door_node/share/door_node/local_setup.zsh
[27.440s] -- Installing: /home/vigma/ros2_ws/install/door_node/share/door_node/local_setup.dsv
[27.440s] -- Installing: /home/vigma/ros2_ws/install/door_node/share/door_node/package.dsv
[27.441s] -- Installing: /home/vigma/ros2_ws/install/door_node/share/ament_index/resource_index/packages/door_node
[27.442s] -- Installing: /home/vigma/ros2_ws/install/door_node/share/door_node/cmake/door_nodeConfig.cmake
[27.446s] -- Installing: /home/vigma/ros2_ws/install/door_node/share/door_node/cmake/door_nodeConfig-version.cmake
[27.447s] -- Installing: /home/vigma/ros2_ws/install/door_node/share/door_node/package.xml
[27.447s] -- Installing: /home/vigma/ros2_ws/install/door_node/lib/door_node/door_node
[27.447s] -- Set runtime path of "/home/vigma/ros2_ws/install/door_node/lib/door_node/door_node" to ""
[27.553s] Invoked command in '/home/vigma/ros2_ws/build/door_node' returned '0': CMAKE_PREFIX_PATH=/opt/ros/humble /usr/bin/cmake --install /home/vigma/ros2_ws/build/door_node
